Component: ARM Compiler 5.05 update 1 (build 106) Tool: armlink [4d0efa]

==============================================================================

Section Cross References

    startup_stm32l496xx.o(RESET) refers to startup_stm32l496xx.o(STACK) for __initial_sp
    startup_stm32l496xx.o(RESET) refers to startup_stm32l496xx.o(.text) for Reset_Handler
    startup_stm32l496xx.o(RESET) refers to stm32l4xx_it.o(i.NMI_Handler) for NMI_Handler
    startup_stm32l496xx.o(RESET) refers to stm32l4xx_it.o(i.HardFault_Handler) for HardFault_Handler
    startup_stm32l496xx.o(RESET) refers to stm32l4xx_it.o(i.MemManage_Handler) for MemManage_Handler
    startup_stm32l496xx.o(RESET) refers to stm32l4xx_it.o(i.BusFault_Handler) for BusFault_Handler
    startup_stm32l496xx.o(RESET) refers to stm32l4xx_it.o(i.UsageFault_Handler) for UsageFault_Handler
    startup_stm32l496xx.o(RESET) refers to port.o(.emb_text) for SVC_Handler
    startup_stm32l496xx.o(RESET) refers to stm32l4xx_it.o(i.DebugMon_Handler) for DebugMon_Handler
    startup_stm32l496xx.o(RESET) refers to stm32l4xx_it.o(i.SysTick_Handler) for SysTick_Handler
    startup_stm32l496xx.o(RESET) refers to stm32l4xx_it.o(i.DMA1_Channel1_IRQHandler) for DMA1_Channel1_IRQHandler
    startup_stm32l496xx.o(RESET) refers to stm32l4xx_it.o(i.DMA1_Channel2_IRQHandler) for DMA1_Channel2_IRQHandler
    startup_stm32l496xx.o(RESET) refers to stm32l4xx_it.o(i.DMA1_Channel3_IRQHandler) for DMA1_Channel3_IRQHandler
    startup_stm32l496xx.o(RESET) refers to stm32l4xx_it.o(i.DMA1_Channel4_IRQHandler) for DMA1_Channel4_IRQHandler
    startup_stm32l496xx.o(RESET) refers to stm32l4xx_it.o(i.DMA1_Channel5_IRQHandler) for DMA1_Channel5_IRQHandler
    startup_stm32l496xx.o(RESET) refers to stm32l4xx_it.o(i.DMA1_Channel6_IRQHandler) for DMA1_Channel6_IRQHandler
    startup_stm32l496xx.o(RESET) refers to stm32l4xx_it.o(i.DMA1_Channel7_IRQHandler) for DMA1_Channel7_IRQHandler
    startup_stm32l496xx.o(RESET) refers to stm32l4xx_it.o(i.TIM1_UP_TIM16_IRQHandler) for TIM1_UP_TIM16_IRQHandler
    startup_stm32l496xx.o(RESET) refers to stm32l4xx_it.o(i.USART1_IRQHandler) for USART1_IRQHandler
    startup_stm32l496xx.o(RESET) refers to stm32l4xx_it.o(i.USART2_IRQHandler) for USART2_IRQHandler
    startup_stm32l496xx.o(RESET) refers to stm32l4xx_it.o(i.USART3_IRQHandler) for USART3_IRQHandler
    startup_stm32l496xx.o(RESET) refers to stm32l4xx_it.o(i.TIM6_DAC_IRQHandler) for TIM6_DAC_IRQHandler
    startup_stm32l496xx.o(RESET) refers to stm32l4xx_it.o(i.TIM7_IRQHandler) for TIM7_IRQHandler
    startup_stm32l496xx.o(.text) refers to system_stm32l4xx.o(i.SystemInit) for SystemInit
    startup_stm32l496xx.o(.text) refers to entry.o(.ARM.Collect$$$$00000000) for __main
    fonts.o(.data) refers to fonts.o(.constdata) for Font7x10
    fonts.o(.data) refers to fonts.o(.constdata) for Font11x18
    fonts.o(.data) refers to fonts.o(.constdata) for Font16x26
    fonts.o(.data) refers to dejavu_8x14.o(.constdata) for dejavu_8x15_RU
    fonts.o(.data) refers to dejavu_8x14.o(.constdata) for dejavu_8x14
    fonts.o(.data) refers to dejavu_5x10.o(.constdata) for dejavu_5x10_RU
    fonts.o(.data) refers to dejavu_5x10.o(.constdata) for dejavu_5x10
    ssd1306.o(i.check_logo) refers to ssd1306.o(i.ssd1306_DrawPixel) for ssd1306_DrawPixel
    ssd1306.o(i.check_logo) refers to fonts.o(.constdata) for tik_logo2
    ssd1306.o(i.horizont_line) refers to ssd1306.o(i.ssd1306_DrawPixel) for ssd1306_DrawPixel
    ssd1306.o(i.logo) refers to ssd1306.o(i.ssd1306_DrawPixel) for ssd1306_DrawPixel
    ssd1306.o(i.logo) refers to fonts.o(.constdata) for tik_logo2
    ssd1306.o(i.rombus) refers to ssd1306.o(i.ssd1306_DrawPixel) for ssd1306_DrawPixel
    ssd1306.o(i.ssd1306_DrawPixel) refers to ssd1306.o(.data) for .data
    ssd1306.o(i.ssd1306_DrawPixel) refers to ssd1306.o(.bss) for .bss
    ssd1306.o(i.ssd1306_Fill) refers to ssd1306.o(.bss) for .bss
    ssd1306.o(i.ssd1306_Init) refers to stm32l4xx_hal_gpio.o(i.HAL_GPIO_WritePin) for HAL_GPIO_WritePin
    ssd1306.o(i.ssd1306_Init) refers to stm32l4xx_hal.o(i.HAL_Delay) for HAL_Delay
    ssd1306.o(i.ssd1306_Init) refers to ssd1306.o(i.ssd1306_WriteCommand) for ssd1306_WriteCommand
    ssd1306.o(i.ssd1306_Init) refers to ssd1306.o(i.ssd1306_Fill) for ssd1306_Fill
    ssd1306.o(i.ssd1306_Init) refers to ssd1306.o(i.ssd1306_UpdateScreen) for ssd1306_UpdateScreen
    ssd1306.o(i.ssd1306_Init) refers to ssd1306.o(.data) for .data
    ssd1306.o(i.ssd1306_SetCursor) refers to ssd1306.o(.data) for .data
    ssd1306.o(i.ssd1306_UpdateScreen) refers to stm32l4xx_hal_gpio.o(i.HAL_GPIO_WritePin) for HAL_GPIO_WritePin
    ssd1306.o(i.ssd1306_UpdateScreen) refers to stm32l4xx_hal_spi.o(i.HAL_SPI_Transmit) for HAL_SPI_Transmit
    ssd1306.o(i.ssd1306_UpdateScreen) refers to ssd1306.o(.bss) for .bss
    ssd1306.o(i.ssd1306_UpdateScreen) refers to spi.o(.bss) for hspi3
    ssd1306.o(i.ssd1306_WriteChar) refers to ssd1306.o(i.ssd1306_DrawPixel) for ssd1306_DrawPixel
[...]
    __aeabi_dadd                             0x08000363   Thumb Code   322  dadd.o(.text)
    __aeabi_dsub                             0x080004a5   Thumb Code     6  dadd.o(.text)
    __aeabi_drsub                            0x080004ab   Thumb Code     6  dadd.o(.text)
    __aeabi_dmul                             0x080004b1   Thumb Code   228  dmul.o(.text)
    __aeabi_ddiv                             0x08000595   Thumb Code   222  ddiv.o(.text)
    __aeabi_ul2f                             0x08000673   Thumb Code    28  ffltul.o(.text)
    __aeabi_ui2d                             0x0800068f   Thumb Code    26  dfltui.o(.text)
    __aeabi_f2d                              0x080006a9   Thumb Code    38  f2d.o(.text)
    __aeabi_d2f                              0x080006cf   Thumb Code    56  d2f.o(.text)
    __aeabi_uidiv                            0x08000707   Thumb Code     0  uidiv.o(.text)
    __aeabi_uidivmod                         0x08000707   Thumb Code    44  uidiv.o(.text)
    __aeabi_llsl                             0x08000733   Thumb Code    30  llshl.o(.text)
    _ll_shift_l                              0x08000733   Thumb Code     0  llshl.o(.text)
    __aeabi_llsr                             0x08000751   Thumb Code    32  llushr.o(.text)
    _ll_ushift_r                             0x08000751   Thumb Code     0  llushr.o(.text)
    __aeabi_lasr                             0x08000771   Thumb Code    36  llsshr.o(.text)
    _ll_sshift_r                             0x08000771   Thumb Code     0  llsshr.o(.text)
    __I$use$fp                               0x08000795   Thumb Code     0  iusefp.o(.text)
    _float_round                             0x08000795   Thumb Code    18  fepilogue.o(.text)
    _float_epilogue                          0x080007a7   Thumb Code    92  fepilogue.o(.text)
    _frnd                                    0x08000803   Thumb Code    60  frnd.o(.text)
    _double_round                            0x0800083f   Thumb Code    30  depilogue.o(.text)
    _double_epilogue                         0x0800085d   Thumb Code   156  depilogue.o(.text)
    __aeabi_d2ulz                            0x080008f9   Thumb Code    48  dfixul.o(.text)
    __aeabi_cdrcmple                         0x08000929   Thumb Code    48  cdrcmple.o(.text)
    __scatterload                            0x08000959   Thumb Code    28  init.o(.text)
    __scatterload_rt2                        0x08000959   Thumb Code     0  init.o(.text)
    __decompress                             0x0800097d   Thumb Code     0  __dczerorl2.o(.text)
    __decompress1                            0x0800097d   Thumb Code    86  __dczerorl2.o(.text)
    ADC_ConversionStop                       0x080009d5   Thumb Code   186  stm32l4xx_hal_adc.o(i.ADC_ConversionStop)
    ADC_DMAConvCplt                          0x08000a99   Thumb Code   104  stm32l4xx_hal_adc.o(i.ADC_DMAConvCplt)
    ADC_DMAError                             0x08000b01   Thumb Code    26  stm32l4xx_hal_adc.o(i.ADC_DMAError)
    ADC_DMAHalfConvCplt                      0x08000b1b   Thumb Code    10  stm32l4xx_hal_adc.o(i.ADC_DMAHalfConvCplt)
    ADC_Disable                              0x08000b25   Thumb Code    98  stm32l4xx_hal_adc.o(i.ADC_Disable)
    ADC_Enable                               0x08000b8d   Thumb Code   138  stm32l4xx_hal_adc.o(i.ADC_Enable)
    ADC_supply_voltage                       0x08000c25   Thumb Code    84  freertos.o(i.ADC_supply_voltage)
    BusFault_Handler                         0x08000c91   Thumb Code     2  stm32l4xx_it.o(i.BusFault_Handler)
    Button_Task                              0x08000c95   Thumb Code   300  freertos.o(i.Button_Task)
    DAC_Task                                 0x08000dcd   Thumb Code   448  freertos.o(i.DAC_Task)
    DMA1_Channel1_IRQHandler                 0x08000fbd   Thumb Code     6  stm32l4xx_it.o(i.DMA1_Channel1_IRQHandler)
    DMA1_Channel2_IRQHandler                 0x08000fc9   Thumb Code     6  stm32l4xx_it.o(i.DMA1_Channel2_IRQHandler)
    DMA1_Channel3_IRQHandler                 0x08000fd5   Thumb Code     6  stm32l4xx_it.o(i.DMA1_Channel3_IRQHandler)
    DMA1_Channel4_IRQHandler                 0x08000fe1   Thumb Code     6  stm32l4xx_it.o(i.DMA1_Channel4_IRQHandler)
    DMA1_Channel5_IRQHandler                 0x08000fed   Thumb Code     6  stm32l4xx_it.o(i.DMA1_Channel5_IRQHandler)
    DMA1_Channel6_IRQHandler                 0x08000ff9   Thumb Code     6  stm32l4xx_it.o(i.DMA1_Channel6_IRQHandler)
    DMA1_Channel7_IRQHandler                 0x08001005   Thumb Code     6  stm32l4xx_it.o(i.DMA1_Channel7_IRQHandler)
    Data_Storage_Task                        0x08001041   Thumb Code  1346  freertos.o(i.Data_Storage_Task)
    DebugMon_Handler                         0x08001595   Thumb Code     2  stm32l4xx_it.o(i.DebugMon_Handler)
    Display_Task                             0x08001599   Thumb Code 13728  freertos.o(i.Display_Task)
    FLASH_FlushCaches                        0x08004b71   Thumb Code    76  stm32l4xx_hal_flash_ex.o(i.FLASH_FlushCaches)
    FLASH_PageErase                          0x08004bed   Thumb Code    46  stm32l4xx_hal_flash_ex.o(i.FLASH_PageErase)
    FLASH_WaitForLastOperation               0x08004c5d   Thumb Code   108  stm32l4xx_hal_flash.o(i.FLASH_WaitForLastOperation)
    FilterInit                               0x08004cd5   Thumb Code   168  freertos.o(i.FilterInit)
    GetRunIdle                               0x08004d95   Thumb Code    22  task_manager.o(i.GetRunIdle)
    HAL_ADCEx_InjectedConfigChannel          0x08004dad   Thumb Code  1212  stm32l4xx_hal_adc_ex.o(i.HAL_ADCEx_InjectedConfigChannel)
    HAL_ADCEx_InjectedGetValue               0x08005279   Thumb Code    46  stm32l4xx_hal_adc_ex.o(i.HAL_ADCEx_InjectedGetValue)
    HAL_ADCEx_InjectedPollForConversion      0x080052a9   Thumb Code   212  stm32l4xx_hal_adc_ex.o(i.HAL_ADCEx_InjectedPollForConversion)
    HAL_ADCEx_InjectedStart                  0x08005385   Thumb Code   218  stm32l4xx_hal_adc_ex.o(i.HAL_ADCEx_InjectedStart)
    HAL_ADCEx_InjectedStop                   0x08005469   Thumb Code    84  stm32l4xx_hal_adc_ex.o(i.HAL_ADCEx_InjectedStop)
    HAL_ADCEx_MultiModeConfigChannel         0x080054bd   Thumb Code   226  stm32l4xx_hal_adc_ex.o(i.HAL_ADCEx_MultiModeConfigChannel)
    HAL_ADC_ConfigChannel                    0x080055ad   Thumb Code  1026  stm32l4xx_hal_adc.o(i.HAL_ADC_ConfigChannel)
    HAL_ADC_ConvCpltCallback                 0x080059dd   Thumb Code    52  main.o(i.HAL_ADC_ConvCpltCallback)
    HAL_ADC_ConvHalfCpltCallback             0x08005a21   Thumb Code    52  main.o(i.HAL_ADC_ConvHalfCpltCallback)
    HAL_ADC_ErrorCallback                    0x08005a65   Thumb Code     2  stm32l4xx_hal_adc.o(i.HAL_ADC_ErrorCallback)
    HAL_ADC_Init                             0x08005a69   Thumb Code   502  stm32l4xx_hal_adc.o(i.HAL_ADC_Init)
    HAL_ADC_MspInit                          0x08005c85   Thumb Code   108  adc.o(i.HAL_ADC_MspInit)
    HAL_ADC_Start_DMA                        0x08005d11   Thumb Code   248  stm32l4xx_hal_adc.o(i.HAL_ADC_Start_DMA)
    HAL_DACEx_DMAUnderrunCallbackCh2         0x08005e25   Thumb Code     2  stm32l4xx_hal_dac_ex.o(i.HAL_DACEx_DMAUnderrunCallbackCh2)
    HAL_DAC_ConfigChannel                    0x08005e29   Thumb Code   282  stm32l4xx_hal_dac.o(i.HAL_DAC_ConfigChannel)
    HAL_DAC_DMAUnderrunCallbackCh1           0x08005f43   Thumb Code     2  stm32l4xx_hal_dac.o(i.HAL_DAC_DMAUnderrunCallbackCh1)
    HAL_DAC_IRQHandler                       0x08005f45   Thumb Code   104  stm32l4xx_hal_dac.o(i.HAL_DAC_IRQHandler)
    HAL_DAC_Init                             0x08005fad   Thumb Code    40  stm32l4xx_hal_dac.o(i.HAL_DAC_Init)
    HAL_DAC_MspInit                          0x08005fd5   Thumb Code    72  dac.o(i.HAL_DAC_MspInit)
    HAL_DAC_SetValue                         0x08006025   Thumb Code    26  stm32l4xx_hal_dac.o(i.HAL_DAC_SetValue)
    HAL_DAC_Start                            0x0800603f   Thumb Code    84  stm32l4xx_hal_dac.o(i.HAL_DAC_Start)
    HAL_DMA_Abort_IT                         0x08006093   Thumb Code    78  stm32l4xx_hal_dma.o(i.HAL_DMA_Abort_IT)
    HAL_DMA_IRQHandler                       0x080060e1   Thumb Code   186  stm32l4xx_hal_dma.o(i.HAL_DMA_IRQHandler)
    HAL_DMA_Init                             0x0800619d   Thumb Code   178  stm32l4xx_hal_dma.o(i.HAL_DMA_Init)
    HAL_DMA_Start_IT                         0x0800625d   Thumb Code   112  stm32l4xx_hal_dma.o(i.HAL_DMA_Start_IT)
    HAL_Delay                                0x080062cd   Thumb Code    28  stm32l4xx_hal.o(i.HAL_Delay)
    HAL_FLASHEx_Erase                        0x080062e9   Thumb Code   218  stm32l4xx_hal_flash_ex.o(i.HAL_FLASHEx_Erase)
    HAL_FLASH_Lock                           0x080063cd   Thumb Code    14  stm32l4xx_hal_flash.o(i.HAL_FLASH_Lock)
    HAL_FLASH_Program                        0x080063e1   Thumb Code   156  stm32l4xx_hal_flash.o(i.HAL_FLASH_Program)
    HAL_FLASH_Unlock                         0x08006485   Thumb Code    28  stm32l4xx_hal_flash.o(i.HAL_FLASH_Unlock)
    HAL_GPIO_Init                            0x080064ad   Thumb Code   398  stm32l4xx_hal_gpio.o(i.HAL_GPIO_Init)
    HAL_GPIO_ReadPin                         0x08006665   Thumb Code    10  stm32l4xx_hal_gpio.o(i.HAL_GPIO_ReadPin)
    HAL_GPIO_TogglePin                       0x0800666f   Thumb Code     8  stm32l4xx_hal_gpio.o(i.HAL_GPIO_TogglePin)
    HAL_GPIO_WritePin                        0x08006677   Thumb Code    10  stm32l4xx_hal_gpio.o(i.HAL_GPIO_WritePin)
    HAL_GetTick                              0x08006681   Thumb Code     6  stm32l4xx_hal.o(i.HAL_GetTick)
    HAL_IncTick                              0x0800668d   Thumb Code    10  stm32l4xx_hal.o(i.HAL_IncTick)
    HAL_Init                                 0x0800669d   Thumb Code    22  stm32l4xx_hal.o(i.HAL_Init)
    HAL_InitTick                             0x080066b5   Thumb Code    98  stm32l4xx_hal_timebase_tim.o(i.HAL_InitTick)
    HAL_MspInit                              0x08006729   Thumb Code   122  stm32l4xx_hal_msp.o(i.HAL_MspInit)
    HAL_NVIC_EnableIRQ                       0x080067a9   Thumb Code    22  stm32l4xx_hal_cortex.o(i.HAL_NVIC_EnableIRQ)
    HAL_NVIC_SetPriority                     0x080067c1   Thumb Code    60  stm32l4xx_hal_cortex.o(i.HAL_NVIC_SetPriority)
    HAL_NVIC_SetPriorityGrouping             0x08006801   Thumb Code    26  stm32l4xx_hal_cortex.o(i.HAL_NVIC_SetPriorityGrouping)
    HAL_PWREx_ControlVoltageScaling          0x08006825   Thumb Code    86  stm32l4xx_hal_pwr_ex.o(i.HAL_PWREx_ControlVoltageScaling)
    HAL_PWREx_GetVoltageRange                0x08006889   Thumb Code    10  stm32l4xx_hal_pwr_ex.o(i.HAL_PWREx_GetVoltageRange)
    HAL_RCCEx_PeriphCLKConfig                0x08006899   Thumb Code   954  stm32l4xx_hal_rcc_ex.o(i.HAL_RCCEx_PeriphCLKConfig)
    HAL_RCC_ClockConfig                      0x08006c5d   Thumb Code   260  stm32l4xx_hal_rcc.o(i.HAL_RCC_ClockConfig)
    HAL_RCC_GetClockConfig                   0x08006d71   Thumb Code    54  stm32l4xx_hal_rcc.o(i.HAL_RCC_GetClockConfig)
    HAL_RCC_GetHCLKFreq                      0x08006db1   Thumb Code     6  stm32l4xx_hal_rcc.o(i.HAL_RCC_GetHCLKFreq)
    HAL_RCC_GetPCLK1Freq                     0x08006dbd   Thumb Code    20  stm32l4xx_hal_rcc.o(i.HAL_RCC_GetPCLK1Freq)
    HAL_RCC_GetPCLK2Freq                     0x08006ddd   Thumb Code    20  stm32l4xx_hal_rcc.o(i.HAL_RCC_GetPCLK2Freq)
    HAL_RCC_GetSysClockFreq                  0x08006dfd   Thumb Code   182  stm32l4xx_hal_rcc.o(i.HAL_RCC_GetSysClockFreq)
    HAL_RCC_MCOConfig                        0x08006ec1   Thumb Code    68  stm32l4xx_hal_rcc.o(i.HAL_RCC_MCOConfig)
    HAL_RCC_OscConfig                        0x08006f09   Thumb Code  1212  stm32l4xx_hal_rcc.o(i.HAL_RCC_OscConfig)
    HAL_RS485Ex_Init                         0x080073c9   Thumb Code   136  stm32l4xx_hal_uart_ex.o(i.HAL_RS485Ex_Init)
    HAL_SPI_Init                             0x08007455   Thumb Code   172  stm32l4xx_hal_spi.o(i.HAL_SPI_Init)
    HAL_SPI_MspInit                          0x08007501   Thumb Code    72  spi.o(i.HAL_SPI_MspInit)
    HAL_SPI_Transmit                         0x08007559   Thumb Code   374  stm32l4xx_hal_spi.o(i.HAL_SPI_Transmit)
    HAL_SYSTICK_CLKSourceConfig              0x080076cf   Thumb Code    24  stm32l4xx_hal_cortex.o(i.HAL_SYSTICK_CLKSourceConfig)
    HAL_SYSTICK_Config                       0x080076e7   Thumb Code    40  stm32l4xx_hal_cortex.o(i.HAL_SYSTICK_Config)
    HAL_TIMEx_Break2Callback                 0x0800770f   Thumb Code     2  stm32l4xx_hal_tim_ex.o(i.HAL_TIMEx_Break2Callback)
    HAL_TIMEx_BreakCallback                  0x08007711   Thumb Code     2  stm32l4xx_hal_tim_ex.o(i.HAL_TIMEx_BreakCallback)
    HAL_TIMEx_CommutationCallback            0x08007713   Thumb Code     2  stm32l4xx_hal_tim_ex.o(i.HAL_TIMEx_CommutationCallback)
    HAL_TIMEx_MasterConfigSynchronization    0x08007715   Thumb Code    88  stm32l4xx_hal_tim_ex.o(i.HAL_TIMEx_MasterConfigSynchronization)
    HAL_TIM_Base_Init                        0x08007775   Thumb Code    54  stm32l4xx_hal_tim.o(i.HAL_TIM_Base_Init)
    HAL_TIM_Base_MspInit                     0x080077ad   Thumb Code   108  tim.o(i.HAL_TIM_Base_MspInit)
    HAL_TIM_Base_Start                       0x08007825   Thumb Code    46  stm32l4xx_hal_tim.o(i.HAL_TIM_Base_Start)
    HAL_TIM_Base_Start_IT                    0x08007859   Thumb Code    44  stm32l4xx_hal_tim.o(i.HAL_TIM_Base_Start_IT)
    HAL_TIM_ConfigClockSource                0x08007889   Thumb Code   230  stm32l4xx_hal_tim.o(i.HAL_TIM_ConfigClockSource)
    HAL_TIM_IC_CaptureCallback               0x08007975   Thumb Code     2  stm32l4xx_hal_tim.o(i.HAL_TIM_IC_CaptureCallback)
    HAL_TIM_IRQHandler                       0x08007977   Thumb Code   388  stm32l4xx_hal_tim.o(i.HAL_TIM_IRQHandler)
    HAL_TIM_OC_DelayElapsedCallback          0x08007afb   Thumb Code     2  stm32l4xx_hal_tim.o(i.HAL_TIM_OC_DelayElapsedCallback)
    HAL_TIM_PWM_PulseFinishedCallback        0x08007afd   Thumb Code     2  stm32l4xx_hal_tim.o(i.HAL_TIM_PWM_PulseFinishedCallback)
    HAL_TIM_PeriodElapsedCallback            0x08007b01   Thumb Code   354  main.o(i.HAL_TIM_PeriodElapsedCallback)
    HAL_TIM_TriggerCallback                  0x08007cbd   Thumb Code     2  stm32l4xx_hal_tim.o(i.HAL_TIM_TriggerCallback)
    HAL_UARTEx_WakeupCallback                0x08007cbf   Thumb Code     2  stm32l4xx_hal_uart_ex.o(i.HAL_UARTEx_WakeupCallback)
    HAL_UART_ErrorCallback                   0x08007cc1   Thumb Code     2  stm32l4xx_hal_uart.o(i.HAL_UART_ErrorCallback)
    HAL_UART_IRQHandler                      0x08007cc5   Thumb Code   320  stm32l4xx_hal_uart.o(i.HAL_UART_IRQHandler)
    HAL_UART_MspInit                         0x08007e09   Thumb Code   680  usart.o(i.HAL_UART_MspInit)
    HAL_UART_TxCpltCallback                  0x080080ed   Thumb Code     2  stm32l4xx_hal_uart.o(i.HAL_UART_TxCpltCallback)
    HardFault_Handler                        0x080080ef   Thumb Code     2  stm32l4xx_it.o(i.HardFault_Handler)
    Lights_Task                              0x080081cd   Thumb Code   276  freertos.o(i.Lights_Task)
    MX_ADC1_Init                             0x080082ed   Thumb Code   212  adc.o(i.MX_ADC1_Init)
    MX_DAC1_Init                             0x080083e5   Thumb Code    64  dac.o(i.MX_DAC1_Init)
    MX_DMA_Init                              0x0800843d   Thumb Code   136  dma.o(i.MX_DMA_Init)
    MX_FREERTOS_Init                         0x080084c9   Thumb Code   848  freertos.o(i.MX_FREERTOS_Init)
    MX_GPIO_Init                             0x08008821   Thumb Code   278  gpio.o(i.MX_GPIO_Init)
    MX_SPI3_Init                             0x08008945   Thumb Code    76  spi.o(i.MX_SPI3_Init)
    MX_TIM2_Init                             0x080089a9   Thumb Code    96  tim.o(i.MX_TIM2_Init)
    MX_TIM6_Init                             0x08008a1d   Thumb Code    64  tim.o(i.MX_TIM6_Init)
    MX_TIM7_Init                             0x08008a75   Thumb Code    66  tim.o(i.MX_TIM7_Init)
    MX_UART5_Init                            0x08008ad1   Thumb Code    60  usart.o(i.MX_UART5_Init)
    MX_USART1_UART_Init                      0x08008b25   Thumb Code    68  usart.o(i.MX_USART1_UART_Init)
    MX_USART2_UART_Init                      0x08008b81   Thumb Code    68  usart.o(i.MX_USART2_UART_Init)
    MX_USART3_UART_Init                      0x08008bdd   Thumb Code    68  usart.o(i.MX_USART3_UART_Init)
    MemManage_Handler                        0x08008c39   Thumb Code     2  stm32l4xx_it.o(i.MemManage_Handler)
    NMI_Handler                              0x08008c3b   Thumb Code     2  stm32l4xx_it.o(i.NMI_Handler)
    StartDefaultTask                         0x08009087   Thumb Code    20  freertos.o(i.StartDefaultTask)
    SysTick_Handler                          0x0800909b   Thumb Code     4  stm32l4xx_it.o(i.SysTick_Handler)
    SystemClock_Config                       0x0800909f   Thumb Code   196  main.o(i.SystemClock_Config)
    SystemInit                               0x08009165   Thumb Code    56  system_stm32l4xx.o(i.SystemInit)
    TIM1_UP_TIM16_IRQHandler                 0x080091a9   Thumb Code     6  stm32l4xx_it.o(i.TIM1_UP_TIM16_IRQHandler)
    TIM6_DAC_IRQHandler                      0x080091b5   Thumb Code    18  stm32l4xx_it.o(i.TIM6_DAC_IRQHandler)
    TIM7_IRQHandler                          0x080091d1   Thumb Code     6  stm32l4xx_it.o(i.TIM7_IRQHandler)
    TIM_Base_SetConfig                       0x080091dd   Thumb Code   160  stm32l4xx_hal_tim.o(i.TIM_Base_SetConfig)
    TIM_ETR_SetConfig                        0x0800929d   Thumb Code    20  stm32l4xx_hal_tim.o(i.TIM_ETR_SetConfig)
    Task_manager_Init                        0x08009309   Thumb Code     6  task_manager.o(i.Task_manager_Init)
    Task_manager_LoadCPU                     0x08009315   Thumb Code    86  task_manager.o(i.Task_manager_LoadCPU)
    TriggerLogic_Task                        0x08009371   Thumb Code  1436  freertos.o(i.TriggerLogic_Task)
    UART_AdvFeatureConfig                    0x0800990d   Thumb Code   200  stm32l4xx_hal_uart.o(i.UART_AdvFeatureConfig)
    UART_CheckIdleState                      0x080099d5   Thumb Code    92  stm32l4xx_hal_uart.o(i.UART_CheckIdleState)
    UART_SetConfig                           0x08009a65   Thumb Code   622  stm32l4xx_hal_uart.o(i.UART_SetConfig)
    UART_WaitOnFlagUntilTimeout              0x08009d05   Thumb Code   100  stm32l4xx_hal_uart.o(i.UART_WaitOnFlagUntilTimeout)
    USART1_IRQHandler                        0x08009d69   Thumb Code    74  stm32l4xx_it.o(i.USART1_IRQHandler)
    USART2_IRQHandler                        0x08009dc5   Thumb Code    74  stm32l4xx_it.o(i.USART2_IRQHandler)
    USART3_IRQHandler                        0x08009e21   Thumb Code    76  stm32l4xx_it.o(i.USART3_IRQHandler)
    UsageFault_Handler                       0x08009e7d   Thumb Code     2  stm32l4xx_it.o(i.UsageFault_Handler)
    _Error_Handler                           0x08009e7f   Thumb Code     2  main.o(i._Error_Handler)
    __0snprintf                              0x08009e81   Thumb Code    36  printfa.o(i.__0snprintf)
    __1snprintf                              0x08009e81   Thumb Code     0  printfa.o(i.__0snprintf)
    __2snprintf                              0x08009e81   Thumb Code     0  printfa.o(i.__0snprintf)
    __c89snprintf                            0x08009e81   Thumb Code     0  printfa.o(i.__0snprintf)
    snprintf                                 0x08009e81   Thumb Code     0  printfa.o(i.__0snprintf)
    __hardfp_modf                            0x08009ea9   Thumb Code   200  modf.o(i.__hardfp_modf)
    __hardfp_roundf                          0x08009f79   Thumb Code   154  roundf.o(i.__hardfp_roundf)
    __scatterload_copy                       0x0800a013   Thumb Code    14  handlers.o(i.__scatterload_copy)
    __scatterload_null                       0x0800a021   Thumb Code     2  handlers.o(i.__scatterload_null)
    __scatterload_zeroinit                   0x0800a023   Thumb Code    14  handlers.o(i.__scatterload_zeroinit)
    arm_biquad_cascade_df1_init_f32          0x0800a8d9   Thumb Code    22  arm_biquad_cascade_df1_init_f32.o(i.arm_biquad_cascade_df1_init_f32)
    check_logo                               0x0800a8f1   Thumb Code    56  ssd1306.o(i.check_logo)
    configureTimerForRunTimeStats            0x0800a92d   Thumb Code     2  freertos.o(i.configureTimerForRunTimeStats)
    convert_float_and_swap                   0x0800a92f   Thumb Code    16  main.o(i.convert_float_and_swap)
    convert_hex_to_float                     0x0800a93f   Thumb Code    20  main.o(i.convert_hex_to_float)
    crc16                                    0x0800a955   Thumb Code    34  flash_manager.o(i.crc16)
    edit_mode                                0x0800a97d   Thumb Code   316  freertos.o(i.edit_mode)
    edit_mode_from_list                      0x0800aae1   Thumb Code   202  freertos.o(i.edit_mode_from_list)
    edit_mode_int                            0x0800abcd   Thumb Code   112  freertos.o(i.edit_mode_int)
    getRunTimeCounterValue                   0x0800ac51   Thumb Code     8  task_manager.o(i.getRunTimeCounterValue)
    init_menu                                0x0800ac5d   Thumb Code   218  freertos.o(i.init_menu)
    logo                                     0x0800ad45   Thumb Code    56  ssd1306.o(i.logo)
    main                                     0x0800ad81   Thumb Code   152  main.o(i.main)
    osDelay                                  0x0800ae45   Thumb Code    14  cmsis_os.o(i.osDelay)
    osKernelStart                            0x0800ae53   Thumb Code    10  cmsis_os.o(i.osKernelStart)
    osSystickHandler                         0x0800ae5d   Thumb Code    20  cmsis_os.o(i.osSystickHandler)
    osThreadCreate                           0x0800ae71   Thumb Code    46  cmsis_os.o(i.osThreadCreate)
    pvPortMalloc                             0x0800b2b9   Thumb Code   210  heap_4.o(i.pvPortMalloc)
    pxPortInitialiseStack                    0x0800b391   Thumb Code    40  port.o(i.pxPortInitialiseStack)
    read_init_settings                       0x0800b3bd   Thumb Code   468  main.o(i.read_init_settings)
    read_registers_from_flash                0x0800b641   Thumb Code    94  flash_manager.o(i.read_registers_from_flash)
    save_settings                            0x0800b6a5   Thumb Code   424  freertos.o(i.save_settings)
    ssd1306_DrawPixel                        0x0800b871   Thumb Code    54  ssd1306.o(i.ssd1306_DrawPixel)
    ssd1306_Fill                             0x0800b8b1   Thumb Code    28  ssd1306.o(i.ssd1306_Fill)
    ssd1306_Init                             0x0800b8d1   Thumb Code   206  ssd1306.o(i.ssd1306_Init)
    ssd1306_SetCursor                        0x0800b9a9   Thumb Code     8  ssd1306.o(i.ssd1306_SetCursor)
    ssd1306_UpdateScreen                     0x0800b9b5   Thumb Code    90  ssd1306.o(i.ssd1306_UpdateScreen)
    ssd1306_WriteChar                        0x0800ba1d   Thumb Code   132  ssd1306.o(i.ssd1306_WriteChar)
    ssd1306_WriteString                      0x0800baf1   Thumb Code    44  ssd1306.o(i.ssd1306_WriteString)
    string_scroll                            0x0800bb1d   Thumb Code    60  freertos.o(i.string_scroll)
    string_scroll_with_number                0x0800bb61   Thumb Code    90  freertos.o(i.string_scroll_with_number)
    triangle_down                            0x0800bbd1   Thumb Code   114  ssd1306.o(i.triangle_down)
    triangle_left                            0x0800bc43   Thumb Code   112  ssd1306.o(i.triangle_left)
    triangle_right                           0x0800bcb3   Thumb Code   114  ssd1306.o(i.triangle_right)
    triangle_up                              0x0800bd25   Thumb Code   112  ssd1306.o(i.triangle_up)
    uxListRemove                             0x0800bd95   Thumb Code    36  list.o(i.uxListRemove)
    vApplicationIdleHook                     0x0800bdb9   Thumb Code    18  main.o(i.vApplicationIdleHook)
    vApplicationStackOverflowHook            0x0800bdd1   Thumb Code     2  freertos.o(i.vApplicationStackOverflowHook)
    vListInitialise                          0x0800bdd3   Thumb Code    22  list.o(i.vListInitialise)
    vListInitialiseItem                      0x0800bde9   Thumb Code     6  list.o(i.vListInitialiseItem)
    vListInsert                              0x0800bdef   Thumb Code    48  list.o(i.vListInsert)
    vListInsertEnd                           0x0800be1f   Thumb Code    24  list.o(i.vListInsertEnd)
    vPortEnterCritical                       0x0800be39   Thumb Code    54  port.o(i.vPortEnterCritical)
    vPortExitCritical                        0x0800be79   Thumb Code    34  port.o(i.vPortExitCritical)
    vPortFree                                0x0800bea1   Thumb Code    88  heap_4.o(i.vPortFree)
    vPortSetupTimerInterrupt                 0x0800befd   Thumb Code    26  port.o(i.vPortSetupTimerInterrupt)
    vPortValidateInterruptPriority           0x0800bf1d   Thumb Code    74  port.o(i.vPortValidateInterruptPriority)
    vTaskDelay                               0x0800bf71   Thumb Code    66  tasks.o(i.vTaskDelay)
    vTaskMissedYield                         0x0800bfbd   Thumb Code     8  tasks.o(i.vTaskMissedYield)
    vTaskPlaceOnEventList                    0x0800bfc9   Thumb Code    44  tasks.o(i.vTaskPlaceOnEventList)
    vTaskSetTimeOutState                     0x0800bff9   Thumb Code    30  tasks.o(i.vTaskSetTimeOutState)
    vTaskStartScheduler                      0x0800c01d   Thumb Code    90  tasks.o(i.vTaskStartScheduler)
    vTaskSuspendAll                          0x0800c089   Thumb Code    10  tasks.o(i.vTaskSuspendAll)
    vTaskSwitchContext                       0x0800c099   Thumb Code   130  tasks.o(i.vTaskSwitchContext)
    write_flash                              0x0800c125   Thumb Code   108  flash_manager.o(i.write_flash)
    write_registers_to_flash                 0x0800c195   Thumb Code    72  flash_manager.o(i.write_registers_to_flash)
    xPortGetFreeHeapSize                     0x0800c1dd   Thumb Code     6  heap_4.o(i.xPortGetFreeHeapSize)
    xPortStartScheduler                      0x0800c1e9   Thumb Code   202  port.o(i.xPortStartScheduler)
    xPortSysTickHandler                      0x0800c2c9   Thumb Code    38  port.o(i.xPortSysTickHandler)
    xQueueCreateMutex                        0x0800c2f5   Thumb Code    36  queue.o(i.xQueueCreateMutex)
    xQueueGenericCreate                      0x0800c319   Thumb Code    72  queue.o(i.xQueueGenericCreate)
    xQueueGenericReset                       0x0800c361   Thumb Code   132  queue.o(i.xQueueGenericReset)
    xQueueGenericSend                        0x0800c3e9   Thumb Code   346  queue.o(i.xQueueGenericSend)
    xQueueGiveFromISR                        0x0800c549   Thumb Code   156  queue.o(i.xQueueGiveFromISR)
    xTaskCheckForTimeOut                     0x0800c5e5   Thumb Code   102  tasks.o(i.xTaskCheckForTimeOut)
    xTaskCreate                              0x0800c651   Thumb Code    86  tasks.o(i.xTaskCreate)
    xTaskGetIdleTaskHandle                   0x0800c6a9   Thumb Code    26  tasks.o(i.xTaskGetIdleTaskHandle)
    xTaskGetSchedulerState                   0x0800c6c9   Thumb Code    22  tasks.o(i.xTaskGetSchedulerState)
    xTaskIncrementTick                       0x0800c6e5   Thumb Code   192  tasks.o(i.xTaskIncrementTick)
    xTaskPriorityDisinherit                  0x0800c7ad   Thumb Code   144  tasks.o(i.xTaskPriorityDisinherit)
    xTaskRemoveFromEventList                 0x0800c845   Thumb Code   108  tasks.o(i.xTaskRemoveFromEventList)
    xTaskResumeAll                           0x0800c8b9   Thumb Code   182  tasks.o(i.xTaskResumeAll)
    tik_logo2                                0x0800c97c   Data         990  fonts.o(.constdata)
    dejavu_8x14                              0x0800cd5a   Data        2688  dejavu_8x14.o(.constdata)
    dejavu_8x15_RU                           0x0800d7da   Data        1950  dejavu_8x14.o(.constdata)
    baudrate_array                           0x0800e178   Data          60  freertos.o(.constdata)
    AHBPrescTable                            0x0800e254   Data          16  system_stm32l4xx.o(.constdata)
    MSIRangeTable                            0x0800e264   Data          48  system_stm32l4xx.o(.constdata)
    APBPrescTable                            0x0800e294   Data           8  system_stm32l4xx.o(.constdata)
    Region$$Table$$Base                      0x0800e2fc   Number         0  anon$$obj.o(Region$$Table)
    Region$$Table$$Limit                     0x0800e31c   Number         0  anon$$obj.o(Region$$Table)
    font_8x15_RU                             0x20000000   Data           8  fonts.o(.data)
    font_8x14                                0x20000008   Data           8  fonts.o(.data)
    SSD1306                                  0x20000010   Data           6  ssd1306.o(.data)
    cpu_load                                 0x20000020   Data           4  task_manager.o(.data)
    cpu_float                                0x20000024   Data           4  task_manager.o(.data)
    status_flash_reg                         0x20000028   Data           1  main.o(.data)
    quit_timer                               0x20000029   Data           1  main.o(.data)
    timer_485_counter                        0x2000002a   Data           2  main.o(.data)
    freeHeapSize                             0x2000002c   Data           4  main.o(.data)
    temp1                                    0x20000030   Data           4  main.o(.data)
    temp2                                    0x20000034   Data           4  main.o(.data)
    count_idle                               0x20000040   Data           4  main.o(.data)
    boot_timer_counter                       0x20000044   Data           4  main.o(.data)
    cpu_load2                                0x20000048   Data           8  main.o(.data)
    break_sensor_icp                         0x20000050   Data           1  freertos.o(.data)
    filter_mode_icp                          0x20000051   Data           1  freertos.o(.data)
    break_sensor_420                         0x20000052   Data           1  freertos.o(.data)
    break_sensor_485                         0x20000053   Data           1  freertos.o(.data)
    state_emerg_relay                        0x20000054   Data           1  freertos.o(.data)
    state_warning_relay                      0x20000055   Data           1  freertos.o(.data)
    flag_for_delay_relay_exit                0x20000056   Data           1  freertos.o(.data)
    flag_delay_relay_1_4_20                  0x20000057   Data           1  freertos.o(.data)
    relay_permission_1_4_20                  0x20000058   Data           1  freertos.o(.data)
    flag_delay_relay_2_4_20                  0x20000059   Data           1  freertos.o(.data)
    relay_permission_2_4_20                  0x2000005a   Data           1  freertos.o(.data)
    flag_delay_relay_1_icp                   0x2000005b   Data           1  freertos.o(.data)
    relay_permission_1_icp                   0x2000005c   Data           1  freertos.o(.data)
    flag_delay_relay_2_icp                   0x2000005d   Data           1  freertos.o(.data)
    relay_permission_2_icp                   0x2000005e   Data           1  freertos.o(.data)
    warming_flag                             0x2000005f   Data           1  freertos.o(.data)
    button_left                              0x20000060   Data           1  freertos.o(.data)
    button_right                             0x20000061   Data           1  freertos.o(.data)
    button_up                                0x20000062   Data           1  freertos.o(.data)
    button_down                              0x20000063   Data           1  freertos.o(.data)
    button_left_pressed_in                   0x20000064   Data           1  freertos.o(.data)
    button_right_pressed_in                  0x20000065   Data           1  freertos.o(.data)
    button_up_pressed_in                     0x20000066   Data           1  freertos.o(.data)
    button_down_pressed_in                   0x20000067   Data           1  freertos.o(.data)
    button_center_pressed_in_short           0x20000068   Data           1  freertos.o(.data)
    button_center_pressed_in_long            0x20000069   Data           1  freertos.o(.data)
    temp_str                                 0x2000006a   Data           1  freertos.o(.data)
    menu_edit_mode                           0x2000006b   Data           1  freertos.o(.data)
    digit_rank                               0x2000006c   Data           1  freertos.o(.data)
    temp_stat_1                              0x2000006d   Data           1  freertos.o(.data)
    horizont_menu_lenght                     0x2000006e   Data           1  freertos.o(.data)
    config_mode                              0x2000006f   Data           1  freertos.o(.data)
    iter                                     0x20000070   Data           1  freertos.o(.data)
    menu_edit_settings_mode                  0x20000071   Data           1  freertos.o(.data)
    old_turnover_front                       0x20000072   Data           1  freertos.o(.data)
    turnover_front                           0x20000073   Data           1  freertos.o(.data)
    QUEUE_LENGHT                             0x20000074   Data           1  freertos.o(.data)
    quit_relay_button                        0x20000075   Data           1  freertos.o(.data)
    disable_up_down_button                   0x20000076   Data           1  freertos.o(.data)
    adc_bunch                                0x20000077   Data           1  freertos.o(.data)
    queue_count_A_icp                        0x20000078   Data           1  freertos.o(.data)
    queue_count_A_4_20                       0x20000079   Data           1  freertos.o(.data)
    queue_count_V_icp                        0x2000007a   Data           1  freertos.o(.data)
    queue_count_D_icp                        0x2000007b   Data           1  freertos.o(.data)
    hart_value                               0x2000007c   Data           2  freertos.o(.data)
    trigger_485_event_attribute_warning      0x2000007e   Data           2  freertos.o(.data)
    trigger_485_event_attribute_emerg        0x20000080   Data           2  freertos.o(.data)
    mode_relay                               0x20000082   Data           2  freertos.o(.data)
    delay_relay                              0x20000084   Data           2  freertos.o(.data)
    delay_relay_exit                         0x20000086   Data           2  freertos.o(.data)
    warning_relay_counter                    0x20000088   Data           2  freertos.o(.data)
    emerg_relay_counter                      0x2000008a   Data           2  freertos.o(.data)
    test_relay                               0x2000008c   Data           2  freertos.o(.data)
    timer_delay_relay_1_4_20                 0x2000008e   Data           2  freertos.o(.data)
    timer_delay_relay_2_4_20                 0x20000090   Data           2  freertos.o(.data)
    timer_delay_relay_1_icp                  0x20000092   Data           2  freertos.o(.data)
    timer_delay_relay_2_icp                  0x20000094   Data           2  freertos.o(.data)
    slave_adr                                0x20000096   Data           2  freertos.o(.data)
    warming_up                               0x20000098   Data           2  freertos.o(.data)
    button_center                            0x2000009a   Data           2  freertos.o(.data)
    menu_index                               0x2000009c   Data           2  freertos.o(.data)
    menu_index_pointer                       0x2000009e   Data           2  freertos.o(.data)
    menu_vertical                            0x200000a0   Data           2  freertos.o(.data)
    menu_horizontal                          0x200000a2   Data           2  freertos.o(.data)
    trigger_event_attribute                  0x200000a4   Data           2  freertos.o(.data)
    channel_ICP_ON                           0x200000a6   Data           2  freertos.o(.data)
    channel_4_20_ON                          0x200000a8   Data           2  freertos.o(.data)
    channel_485_ON                           0x200000aa   Data           2  freertos.o(.data)
    number_of_items_in_the_menu              0x200000ac   Data           2  freertos.o(.data)
    reset_to_default                         0x200000ae   Data           2  freertos.o(.data)
    icp_menu_points_for_showing              0x200000b0   Data           2  freertos.o(.data)
    menu_485_points_for_showing              0x200000b2   Data           2  freertos.o(.data)
    pass_count                               0x200000b4   Data           2  freertos.o(.data)
    summa_iter                               0x200000b6   Data           2  freertos.o(.data)
    impulse_sign                             0x200000b8   Data           2  freertos.o(.data)
    hysteresis_TOC                           0x200000ba   Data           2  freertos.o(.data)
    bunch_count_1                            0x200000bc   Data           2  freertos.o(.data)
    bunch_count_2                            0x200000be   Data           2  freertos.o(.data)
    mean_4_20                                0x200000c0   Data           4  freertos.o(.data)
    min_4_20                                 0x200000c4   Data           4  freertos.o(.data)
    max_4_20                                 0x200000c8   Data           4  freertos.o(.data)
    icp_voltage                              0x200000cc   Data           4  freertos.o(.data)
    hi_warning_icp                           0x200000d0   Data           4  freertos.o(.data)
    hi_emerg_icp                             0x200000d4   Data           4  freertos.o(.data)
    rms_acceleration_icp                     0x200000d8   Data           4  freertos.o(.data)
    rms_velocity_icp                         0x200000dc   Data           4  freertos.o(.data)
    rms_displacement_icp                     0x200000e0   Data           4  freertos.o(.data)
    icp_coef_K                               0x200000e4   Data           4  freertos.o(.data)
    icp_coef_B                               0x200000e8   Data           4  freertos.o(.data)
    max_acceleration_icp                     0x200000ec   Data           4  freertos.o(.data)
    min_acceleration_icp                     0x200000f0   Data           4  freertos.o(.data)
    max_velocity_icp                         0x200000f4   Data           4  freertos.o(.data)
    min_velocity_icp                         0x200000f8   Data           4  freertos.o(.data)
    max_displacement_icp                     0x200000fc   Data           4  freertos.o(.data)
    min_displacement_icp                     0x20000100   Data           4  freertos.o(.data)
    out_required_current                     0x20000104   Data           4  freertos.o(.data)
    lo_warning_420                           0x20000108   Data           4  freertos.o(.data)
    hi_warning_420                           0x2000010c   Data           4  freertos.o(.data)
    lo_emerg_420                             0x20000110   Data           4  freertos.o(.data)
    hi_emerg_420                             0x20000114   Data           4  freertos.o(.data)
    coef_ampl_420                            0x20000118   Data           4  freertos.o(.data)
    coef_offset_420                          0x2000011c   Data           4  freertos.o(.data)
    up_user_range_4_20                       0x20000120   Data           4  freertos.o(.data)
    down_user_range_4_20                     0x20000124   Data           4  freertos.o(.data)
    calculated_value_4_20                    0x20000128   Data           4  freertos.o(.data)
    mb_master_timeout_error_percent          0x2000012c   Data           4  freertos.o(.data)
    mb_master_crc_error_percent              0x20000130   Data           4  freertos.o(.data)
    variable_for_out_4_20                    0x20000134   Data           4  freertos.o(.data)
    out_4_20_coef_K                          0x20000138   Data           4  freertos.o(.data)
    out_4_20_coef_B                          0x2000013c   Data           4  freertos.o(.data)
    power_supply_voltage                     0x20000140   Data           4  freertos.o(.data)
    power_supply_warning_lo                  0x20000144   Data           4  freertos.o(.data)
    power_supply_warning_hi                  0x20000148   Data           4  freertos.o(.data)
    baud_rate_uart_2                         0x2000014c   Data           4  freertos.o(.data)
    baud_rate_uart_3                         0x20000150   Data           4  freertos.o(.data)
    fractpart                                0x20000154   Data           4  freertos.o(.data)
    turnover_count_1s                        0x20000158   Data           4  freertos.o(.data)
    turnover_count_60s                       0x2000015c   Data           4  freertos.o(.data)
    common_level_TOC                         0x20000160   Data           4  freertos.o(.data)
    mean_level_TOC                           0x20000164   Data           4  freertos.o(.data)
    level_summa_TOC                          0x20000168   Data           4  freertos.o(.data)
    defaultTaskHandle                        0x2000016c   Data           4  freertos.o(.data)
    myTask08Handle                           0x20000170   Data           4  freertos.o(.data)
    myTask09Handle                           0x20000174   Data           4  freertos.o(.data)
    myTask10Handle                           0x20000178   Data           4  freertos.o(.data)
    myTask11Handle                           0x2000017c   Data           4  freertos.o(.data)
    myTask12Handle                           0x20000180   Data           4  freertos.o(.data)
    myTask17Handle                           0x20000184   Data           4  freertos.o(.data)
    myTask18Handle                           0x20000188   Data           4  freertos.o(.data)
    Semaphore1                               0x2000018c   Data           4  freertos.o(.data)
    Semaphore2                               0x20000190   Data           4  freertos.o(.data)
    Semaphore_Acceleration                   0x20000194   Data           4  freertos.o(.data)
    Semaphore_Velocity                       0x20000198   Data           4  freertos.o(.data)
    Semaphore_Displacement                   0x2000019c   Data           4  freertos.o(.data)
    Q_Semaphore_Acceleration                 0x200001a0   Data           4  freertos.o(.data)
    Q_Semaphore_Velocity                     0x200001a4   Data           4  freertos.o(.data)
    Q_Semaphore_Displacement                 0x200001a8   Data           4  freertos.o(.data)
    Semaphore_Modbus_Rx                      0x200001ac   Data           4  freertos.o(.data)
    Semaphore_Modbus_Tx                      0x200001b0   Data           4  freertos.o(.data)
    Semaphore_Master_Modbus_Rx               0x200001b4   Data           4  freertos.o(.data)
    Semaphore_Master_Modbus_Tx               0x200001b8   Data           4  freertos.o(.data)
    Semaphore_Relay_1                        0x200001bc   Data           4  freertos.o(.data)
    Semaphore_Relay_2                        0x200001c0   Data           4  freertos.o(.data)
    Semaphore_HART_Receive                   0x200001c4   Data           4  freertos.o(.data)
    Semaphore_HART_Transmit                  0x200001c8   Data           4  freertos.o(.data)
    Mutex_Setting                            0x200001cc   Data           4  freertos.o(.data)
    Q_A_rms_array_icp                        0x200001d0   Data           4  freertos.o(.data)
    Q_V_rms_array_icp                        0x200001d4   Data           4  freertos.o(.data)
    Q_D_rms_array_icp                        0x200001d8   Data           4  freertos.o(.data)
    Q_A_mean_array_4_20                      0x200001dc   Data           4  freertos.o(.data)
    Q_A_peak_array_icp                       0x200001e0   Data           4  freertos.o(.data)
    Q_V_peak_array_icp                       0x200001e4   Data           4  freertos.o(.data)
    Q_D_peak_array_icp                       0x200001e8   Data           4  freertos.o(.data)
    Q_A_2peak_array_icp                      0x200001ec   Data           4  freertos.o(.data)
    Q_V_2peak_array_icp                      0x200001f0   Data           4  freertos.o(.data)
    Q_D_2peak_array_icp                      0x200001f4   Data           4  freertos.o(.data)
    Q_peak_array_4_20                        0x200001f8   Data           4  freertos.o(.data)
    Q_2peak_array_4_20                       0x200001fc   Data           4  freertos.o(.data)
    acceleration_queue_icp                   0x20000200   Data           4  freertos.o(.data)
    velocity_queue_icp                       0x20000204   Data           4  freertos.o(.data)
    displacement_queue_icp                   0x20000208   Data           4  freertos.o(.data)
    queue_4_20                               0x2000020c   Data           4  freertos.o(.data)
    acceleration_peak_queue_icp              0x20000210   Data           4  freertos.o(.data)
    velocity_peak_queue_icp                  0x20000214   Data           4  freertos.o(.data)
    displacement_peak_queue_icp              0x20000218   Data           4  freertos.o(.data)
    acceleration_2peak_queue_icp             0x2000021c   Data           4  freertos.o(.data)
    velocity_2peak_queue_icp                 0x20000220   Data           4  freertos.o(.data)
    displacement_2peak_queue_icp             0x20000224   Data           4  freertos.o(.data)
    queue_peak_4_20                          0x20000228   Data           4  freertos.o(.data)
    queue_2peak_4_20                         0x2000022c   Data           4  freertos.o(.data)
    mb_master_request                        0x20000230   Data           8  freertos.o(.data)
    mb_master_response                       0x20000238   Data           8  freertos.o(.data)
    integrator_summa_V                       0x20000240   Data           8  freertos.o(.data)
    integrator_summa_D                       0x20000248   Data           8  freertos.o(.data)
    big_points_counter                       0x20000250   Data           8  freertos.o(.data)
    small_points_counter                     0x20000258   Data           8  freertos.o(.data)
    difference_points_counter                0x20000260   Data           8  freertos.o(.data)
    xTimeBefore                              0x20000268   Data           8  freertos.o(.data)
    xTotalTimeSuspended                      0x20000270   Data           8  freertos.o(.data)
    intpart                                  0x20000278   Data           8  freertos.o(.data)
    hart_switch_on                           0x20000348   Data           1  freertos.o(.data)
    hart_slave_address                       0x2000034a   Data           2  freertos.o(.data)
    hart_slave_numreg                        0x2000034c   Data           2  freertos.o(.data)
    hart_func                                0x2000034e   Data           1  freertos.o(.data)
    hart_regs_qty                            0x20000350   Data           2  freertos.o(.data)
    hart_timeout_transmit                    0x20000352   Data           2  freertos.o(.data)
    lo_warning_icp                           0x20000354   Data           4  freertos.o(.data)
    lo_emerg_icp                             0x20000358   Data           4  freertos.o(.data)
    break_level_icp                          0x2000035c   Data           4  freertos.o(.data)
    range_icp                                0x20000360   Data           4  freertos.o(.data)
    mb_master_timeout                        0x20000364   Data           2  freertos.o(.data)
    bootloader_state                         0x20000366   Data           1  freertos.o(.data)
    uwTick                                   0x20000374   Data           4  stm32l4xx_hal.o(.data)
    pFlash                                   0x20000378   Data          32  stm32l4xx_hal_flash.o(.data)
    SystemCoreClock                          0x20000398   Data           4  system_stm32l4xx.o(.data)
    pxCurrentTCB                             0x200003c0   Data           4  tasks.o(.data)
    hadc1                                    0x20000584   Data         108  adc.o(.bss)
    hdma_adc1                                0x200005f0   Data          72  adc.o(.bss)
    hdac1                                    0x20000638   Data          20  dac.o(.bss)
    raw_adc_value                            0x2000064c   Data        2048  freertos.o(.bss)
    float_adc_value_ICP                      0x20000e4c   Data        1024  freertos.o(.bss)
    float_adc_value_4_20                     0x2000124c   Data        1024  freertos.o(.bss)
    float_adc_value_ICP_64_1                 0x2000164c   Data         256  freertos.o(.bss)
    filter_main_high_icp                     0x2000174c   Data          12  freertos.o(.bss)
    pStates_main_high_icp                    0x20001758   Data          32  freertos.o(.bss)
    filter_main_low_icp                      0x20001778   Data          12  freertos.o(.bss)
    pStates_main_low_icp                     0x20001784   Data          32  freertos.o(.bss)
    filter_main_low_icp_2                    0x200017a4   Data          12  freertos.o(.bss)
    pStates_main_low_icp_2                   0x200017b0   Data          32  freertos.o(.bss)
    filter_instance_highpass_1_icp           0x200017d0   Data          12  freertos.o(.bss)
    pStates_highpass_1_icp                   0x200017dc   Data          32  freertos.o(.bss)
    filter_instance_highpass_2_icp           0x200017fc   Data          12  freertos.o(.bss)
    pStates_highpass_2_icp                   0x20001808   Data          32  freertos.o(.bss)
    settings                                 0x20001828   Data        1888  freertos.o(.bss)
    master_array                             0x20001f88   Data        1600  freertos.o(.bss)
    menu_index_array                         0x200025c8   Data          14  freertos.o(.bss)
    buffer                                   0x200025d6   Data          64  freertos.o(.bss)
    turnover_summa                           0x20002618   Data         400  freertos.o(.bss)
    master_delay_relay_array                 0x200027a8   Data         240  freertos.o(.bss)
    receiveBuffer                            0x20002898   Data          16  freertos.o(.bss)
    hspi3                                    0x200028a8   Data         100  spi.o(.bss)
    htim2                                    0x2000290c   Data          64  tim.o(.bss)
    htim6                                    0x2000294c   Data          64  tim.o(.bss)
    htim7                                    0x2000298c   Data          64  tim.o(.bss)
    huart5                                   0x200029cc   Data         120  usart.o(.bss)
    huart1                                   0x20002a44   Data         120  usart.o(.bss)
    huart2                                   0x20002abc   Data         120  usart.o(.bss)
    huart3                                   0x20002b34   Data         120  usart.o(.bss)
    hdma_usart1_rx                           0x20002bac   Data          72  usart.o(.bss)
    hdma_usart1_tx                           0x20002bf4   Data          72  usart.o(.bss)
    hdma_usart2_rx                           0x20002c3c   Data          72  usart.o(.bss)
    hdma_usart2_tx                           0x20002c84   Data          72  usart.o(.bss)
    hdma_usart3_rx                           0x20002ccc   Data          72  usart.o(.bss)
    hdma_usart3_tx                           0x20002d14   Data          72  usart.o(.bss)
    htim1                                    0x20002d5c   Data          64  stm32l4xx_hal_timebase_tim.o(.bss)
    __initial_sp                             0x2000aa90   Data           0  startup_stm32l496xx.o(STACK)



==============================================================================

Memory Map of the image

  Image Entry point : 0x080001ad

  Load Region LR_IROM1 (Base: 0x08000000, Size: 0x0000e720, Max: 0x00100000, ABSOLUTE, COMPRESSED[0x0000e3e8])

    Execution Region ER_IROM1 (Base: 0x08000000, Size: 0x0000e31c, Max: 0x00100000, ABSOLUTE)

    Base Addr    Size         Type   Attr      Idx    E Section Name        Object

    0x08000000   0x000001ac   Data   RO            3    RESET               startup_stm32l496xx.o
    0x080001ac   0x00000000   Code   RO         7472  * .ARM.Collect$$$$00000000  mc_w.l(entry.o)
    0x080001ac   0x00000004   Code   RO         7760    .ARM.Collect$$$$00000001  mc_w.l(entry2.o)
    0x080001b0   0x00000004   Code   RO         7763    .ARM.Collect$$$$00000004  mc_w.l(entry5.o)
    0x080001b4   0x00000000   Code   RO         7765    .ARM.Collect$$$$00000008  mc_w.l(entry7b.o)
    0x080001b4   0x00000000   Code   RO         7767    .ARM.Collect$$$$0000000A  mc_w.l(entry8b.o)
    0x080001b4   0x00000008   Code   RO         7768    .ARM.Collect$$$$0000000B  mc_w.l(entry9a.o)
    0x080001bc   0x00000000   Code   RO         7770    .ARM.Collect$$$$0000000D  mc_w.l(entry10a.o)
    0x080001bc   0x00000000   Code   RO         7772    .ARM.Collect$$$$0000000F  mc_w.l(entry11a.o)
    0x080001bc   0x00000004   Code   RO         7761    .ARM.Collect$$$$00002712  mc_w.l(entry2.o)
    0x080001c0   0x000000ba   Code   RO         6378    .emb_text           port.o
    0x0800027a   0x00000002   PAD
    0x0800027c   0x00000024   Code   RO            4    .text               startup_stm32l496xx.o
    0x080002a0   0x00000062   Code   RO         7475    .text               mc_w.l(uldiv.o)
    0x08000302   0x00000024   Code   RO         7477    .text               mc_w.l(memcpya.o)
    0x08000326   0x00000024   Code   RO         7479    .text               mc_w.l(memseta.o)
    0x0800034a   0x00000018   Code   RO         7481    .text               mc_w.l(strncpy.o)
    0x08000362   0x0000014e   Code   RO         7746    .text               mf_w.l(dadd.o)
    0x080004b0   0x000000e4   Code   RO         7748    .text               mf_w.l(dmul.o)
    0x08000594   0x000000de   Code   RO         7750    .text               mf_w.l(ddiv.o)
    0x08000672   0x0000001c   Code   RO         7752    .text               mf_w.l(ffltul.o)
    0x0800068e   0x0000001a   Code   RO         7754    .text               mf_w.l(dfltui.o)
    0x080006a8   0x00000026   Code   RO         7756    .text               mf_w.l(f2d.o)
    0x080006ce   0x00000038   Code   RO         7758    .text               mf_w.l(d2f.o)
    0x08000706   0x0000002c   Code   RO         7777    .text               mc_w.l(uidiv.o)
    0x08000732   0x0000001e   Code   RO         7779    .text               mc_w.l(llshl.o)
    0x08000750   0x00000020   Code   RO         7781    .text               mc_w.l(llushr.o)
    0x08000770   0x00000024   Code   RO         7783    .text               mc_w.l(llsshr.o)
    0x08000794   0x00000000   Code   RO         7785    .text               mc_w.l(iusefp.o)
    0x08000794   0x0000006e   Code   RO         7786    .text               mf_w.l(fepilogue.o)
    0x08000802   0x0000003c   Code   RO         7788    .text               mf_w.l(frnd.o)
    0x0800083e   0x000000ba   Code   RO         7790    .text               mf_w.l(depilogue.o)
    0x080008f8   0x00000030   Code   RO         7792    .text               mf_w.l(dfixul.o)
    0x08000928   0x00000030   Code   RO         7794    .text               mf_w.l(cdrcmple.o)
    0x08000958   0x00000024   Code   RO         7796    .text               mc_w.l(init.o)
    0x0800097c   0x00000056   Code   RO         7808    .text               mc_w.l(__dczerorl2.o)
    0x080009d2   0x00000002   PAD
    0x080009d4   0x000000c4   Code   RO         2011    i.ADC_ConversionStop  stm32l4xx_hal_adc.o
    0x08000a98   0x00000068   Code   RO         2012    i.ADC_DMAConvCplt   stm32l4xx_hal_adc.o
    0x08000b00   0x0000001a   Code   RO         2013    i.ADC_DMAError      stm32l4xx_hal_adc.o
    0x08000b1a   0x0000000a   Code   RO         2014    i.ADC_DMAHalfConvCplt  stm32l4xx_hal_adc.o
    0x08000b24   0x00000068   Code   RO         2015    i.ADC_Disable       stm32l4xx_hal_adc.o
    0x08000b8c   0x00000098   Code   RO         2016    i.ADC_Enable        stm32l4xx_hal_adc.o
    0x08000c24   0x0000006c   Code   RO          904    i.ADC_supply_voltage  freertos.o
    0x08000c90   0x00000002   Code   RO         1430    i.BusFault_Handler  stm32l4xx_it.o
    0x08000c92   0x00000002   PAD
    0x08000c94   0x00000138   Code   RO          906    i.Button_Task       freertos.o
    0x08000dcc   0x000001f0   Code   RO          907    i.DAC_Task          freertos.o
    0x08000fbc   0x0000000c   Code   RO         1431    i.DMA1_Channel1_IRQHandler  stm32l4xx_it.o
    0x08000fc8   0x0000000c   Code   RO         1432    i.DMA1_Channel2_IRQHandler  stm32l4xx_it.o
    0x08000fd4   0x0000000c   Code   RO         1433    i.DMA1_Channel3_IRQHandler  stm32l4xx_it.o
    0x08000fe0   0x0000000c   Code   RO         1434    i.DMA1_Channel4_IRQHandler  stm32l4xx_it.o
    0x08000fec   0x0000000c   Code   RO         1435    i.DMA1_Channel5_IRQHandler  stm32l4xx_it.o
    0x08000ff8   0x0000000c   Code   RO         1436    i.DMA1_Channel6_IRQHandler  stm32l4xx_it.o
    0x08001004   0x0000000c   Code   RO         1437    i.DMA1_Channel7_IRQHandler  stm32l4xx_it.o
    0x08001010   0x0000002e   Code   RO         5647    i.DMA_SetConfig     stm32l4xx_hal_dma.o
    0x0800103e   0x00000002   PAD
    0x08001040   0x00000554   Code   RO          908    i.Data_Storage_Task  freertos.o
    0x08001594   0x00000002   Code   RO         1438    i.DebugMon_Handler  stm32l4xx_it.o
    0x08001596   0x00000002   PAD
    0x08001598   0x000035d8   Code   RO          910    i.Display_Task      freertos.o
    0x08004b70   0x00000054   Code   RO         5470    i.FLASH_FlushCaches  stm32l4xx_hal_flash_ex.o
    0x08004bc4   0x00000028   Code   RO         5471    i.FLASH_MassErase   stm32l4xx_hal_flash_ex.o
    0x08004bec   0x00000034   Code   RO         5476    i.FLASH_PageErase   stm32l4xx_hal_flash_ex.o
    0x08004c20   0x00000018   Code   RO         5367    i.FLASH_Program_DoubleWord  stm32l4xx_hal_flash.o
    0x08004c38   0x00000024   Code   RO         5368    i.FLASH_Program_Fast  stm32l4xx_hal_flash.o
    0x08004c5c   0x00000078   Code   RO         5369    i.FLASH_WaitForLastOperation  stm32l4xx_hal_flash.o
    0x08004cd4   0x000000c0   Code   RO          911    i.FilterInit        freertos.o
    0x08004d94   0x00000016   Code   RO          586    i.GetRunIdle        task_manager.o
    0x08004daa   0x00000002   PAD
    0x08004dac   0x000004cc   Code   RO         2238    i.HAL_ADCEx_InjectedConfigChannel  stm32l4xx_hal_adc_ex.o
    0x08005278   0x0000002e   Code   RO         2240    i.HAL_ADCEx_InjectedGetValue  stm32l4xx_hal_adc_ex.o
    0x080052a6   0x00000002   PAD
    0x080052a8   0x000000dc   Code   RO         2241    i.HAL_ADCEx_InjectedPollForConversion  stm32l4xx_hal_adc_ex.o
    0x08005384   0x000000e4   Code   RO         2243    i.HAL_ADCEx_InjectedStart  stm32l4xx_hal_adc_ex.o
    0x08005468   0x00000054   Code   RO         2245    i.HAL_ADCEx_InjectedStop  stm32l4xx_hal_adc_ex.o
    0x080054bc   0x000000f0   Code   RO         2249    i.HAL_ADCEx_MultiModeConfigChannel  stm32l4xx_hal_adc_ex.o
    0x080055ac   0x00000430   Code   RO         2018    i.HAL_ADC_ConfigChannel  stm32l4xx_hal_adc.o
    0x080059dc   0x00000044   Code   RO          658    i.HAL_ADC_ConvCpltCallback  main.o
    0x08005a20   0x00000044   Code   RO          659    i.HAL_ADC_ConvHalfCpltCallback  main.o
    0x08005a64   0x00000002   Code   RO         2022    i.HAL_ADC_ErrorCallback  stm32l4xx_hal_adc.o
    0x08005a66   0x00000002   PAD
    0x08005a68   0x0000021c   Code   RO         2027    i.HAL_ADC_Init      stm32l4xx_hal_adc.o
    0x08005c84   0x0000008c   Code   RO          797    i.HAL_ADC_MspInit   adc.o
    0x08005d10   0x00000114   Code   RO         2034    i.HAL_ADC_Start_DMA  stm32l4xx_hal_adc.o
    0x08005e24   0x00000002   Code   RO         2584    i.HAL_DACEx_DMAUnderrunCallbackCh2  stm32l4xx_hal_dac_ex.o
    0x08005e26   0x00000002   PAD
    0x08005e28   0x0000011a   Code   RO         2441    i.HAL_DAC_ConfigChannel  stm32l4xx_hal_dac.o
    0x08005f42   0x00000002   Code   RO         2444    i.HAL_DAC_DMAUnderrunCallbackCh1  stm32l4xx_hal_dac.o
    0x08005f44   0x00000068   Code   RO         2450    i.HAL_DAC_IRQHandler  stm32l4xx_hal_dac.o
    0x08005fac   0x00000028   Code   RO         2451    i.HAL_DAC_Init      stm32l4xx_hal_dac.o
    0x08005fd4   0x00000050   Code   RO          839    i.HAL_DAC_MspInit   dac.o
    0x08006024   0x0000001a   Code   RO         2454    i.HAL_DAC_SetValue  stm32l4xx_hal_dac.o
    0x0800603e   0x00000054   Code   RO         2455    i.HAL_DAC_Start     stm32l4xx_hal_dac.o
    0x08006092   0x0000004e   Code   RO         5649    i.HAL_DMA_Abort_IT  stm32l4xx_hal_dma.o
    0x080060e0   0x000000ba   Code   RO         5653    i.HAL_DMA_IRQHandler  stm32l4xx_hal_dma.o
    0x0800619a   0x00000002   PAD
    0x0800619c   0x000000c0   Code   RO         5654    i.HAL_DMA_Init      stm32l4xx_hal_dma.o
    0x0800625c   0x00000070   Code   RO         5658    i.HAL_DMA_Start_IT  stm32l4xx_hal_dma.o
    0x080062cc   0x0000001c   Code   RO         4359    i.HAL_Delay         stm32l4xx_hal.o
    0x080062e8   0x000000e4   Code   RO         5477    i.HAL_FLASHEx_Erase  stm32l4xx_hal_flash_ex.o
    0x080063cc   0x00000014   Code   RO         5373    i.HAL_FLASH_Lock    stm32l4xx_hal_flash.o
    0x080063e0   0x000000a4   Code   RO         5378    i.HAL_FLASH_Program  stm32l4xx_hal_flash.o
    0x08006484   0x00000028   Code   RO         5380    i.HAL_FLASH_Unlock  stm32l4xx_hal_flash.o
    0x080064ac   0x000001b8   Code   RO         5584    i.HAL_GPIO_Init     stm32l4xx_hal_gpio.o
    0x08006664   0x0000000a   Code   RO         5586    i.HAL_GPIO_ReadPin  stm32l4xx_hal_gpio.o
    0x0800666e   0x00000008   Code   RO         5587    i.HAL_GPIO_TogglePin  stm32l4xx_hal_gpio.o
    0x08006676   0x0000000a   Code   RO         5588    i.HAL_GPIO_WritePin  stm32l4xx_hal_gpio.o
    0x08006680   0x0000000c   Code   RO         4363    i.HAL_GetTick       stm32l4xx_hal.o
    0x0800668c   0x00000010   Code   RO         4367    i.HAL_IncTick       stm32l4xx_hal.o
    0x0800669c   0x00000016   Code   RO         4368    i.HAL_Init          stm32l4xx_hal.o
    0x080066b2   0x00000002   PAD
    0x080066b4   0x00000074   Code   RO         1594    i.HAL_InitTick      stm32l4xx_hal_timebase_tim.o
    0x08006728   0x00000080   Code   RO         1570    i.HAL_MspInit       stm32l4xx_hal_msp.o
    0x080067a8   0x00000016   Code   RO         6125    i.HAL_NVIC_EnableIRQ  stm32l4xx_hal_cortex.o
    0x080067be   0x00000002   PAD
    0x080067c0   0x00000040   Code   RO         6131    i.HAL_NVIC_SetPriority  stm32l4xx_hal_cortex.o
    0x08006800   0x00000024   Code   RO         6132    i.HAL_NVIC_SetPriorityGrouping  stm32l4xx_hal_cortex.o
    0x08006824   0x00000064   Code   RO         5875    i.HAL_PWREx_ControlVoltageScaling  stm32l4xx_hal_pwr_ex.o
    0x08006888   0x00000010   Code   RO         5906    i.HAL_PWREx_GetVoltageRange  stm32l4xx_hal_pwr_ex.o
    0x08006898   0x000003c4   Code   RO         5201    i.HAL_RCCEx_PeriphCLKConfig  stm32l4xx_hal_rcc_ex.o
    0x08006c5c   0x00000114   Code   RO         5077    i.HAL_RCC_ClockConfig  stm32l4xx_hal_rcc.o
    0x08006d70   0x00000040   Code   RO         5080    i.HAL_RCC_GetClockConfig  stm32l4xx_hal_rcc.o
    0x08006db0   0x0000000c   Code   RO         5081    i.HAL_RCC_GetHCLKFreq  stm32l4xx_hal_rcc.o
    0x08006dbc   0x00000020   Code   RO         5083    i.HAL_RCC_GetPCLK1Freq  stm32l4xx_hal_rcc.o
    0x08006ddc   0x00000020   Code   RO         5084    i.HAL_RCC_GetPCLK2Freq  stm32l4xx_hal_rcc.o
    0x08006dfc   0x000000c4   Code   RO         5085    i.HAL_RCC_GetSysClockFreq  stm32l4xx_hal_rcc.o
    0x08006ec0   0x00000048   Code   RO         5086    i.HAL_RCC_MCOConfig  stm32l4xx_hal_rcc.o
    0x08006f08   0x000004c0   Code   RO         5088    i.HAL_RCC_OscConfig  stm32l4xx_hal_rcc.o
    0x080073c8   0x0000008c   Code   RO         4287    i.HAL_RS485Ex_Init  stm32l4xx_hal_uart_ex.o
    0x08007454   0x000000ac   Code   RO         2692    i.HAL_SPI_Init      stm32l4xx_hal_spi.o
    0x08007500   0x00000058   Code   RO         1275    i.HAL_SPI_MspInit   spi.o
    0x08007558   0x00000176   Code   RO         2700    i.HAL_SPI_Transmit  stm32l4xx_hal_spi.o
    0x080076ce   0x00000018   Code   RO         6134    i.HAL_SYSTICK_CLKSourceConfig  stm32l4xx_hal_cortex.o
    0x080076e6   0x00000028   Code   RO         6136    i.HAL_SYSTICK_Config  stm32l4xx_hal_cortex.o
    0x0800770e   0x00000002   Code   RO         3673    i.HAL_TIMEx_Break2Callback  stm32l4xx_hal_tim_ex.o
    0x08007710   0x00000002   Code   RO         3674    i.HAL_TIMEx_BreakCallback  stm32l4xx_hal_tim_ex.o
    0x08007712   0x00000002   Code   RO         3675    i.HAL_TIMEx_CommutationCallback  stm32l4xx_hal_tim_ex.o
    0x08007714   0x00000060   Code   RO         3693    i.HAL_TIMEx_MasterConfigSynchronization  stm32l4xx_hal_tim_ex.o
    0x08007774   0x00000036   Code   RO         3034    i.HAL_TIM_Base_Init  stm32l4xx_hal_tim.o
    0x080077aa   0x00000002   PAD
    0x080077ac   0x00000078   Code   RO         1317    i.HAL_TIM_Base_MspInit  tim.o
    0x08007824   0x00000034   Code   RO         3037    i.HAL_TIM_Base_Start  stm32l4xx_hal_tim.o
    0x08007858   0x00000030   Code   RO         3039    i.HAL_TIM_Base_Start_IT  stm32l4xx_hal_tim.o
    0x08007888   0x000000ec   Code   RO         3043    i.HAL_TIM_ConfigClockSource  stm32l4xx_hal_tim.o
    0x08007974   0x00000002   Code   RO         3063    i.HAL_TIM_IC_CaptureCallback  stm32l4xx_hal_tim.o
    0x08007976   0x00000184   Code   RO         3076    i.HAL_TIM_IRQHandler  stm32l4xx_hal_tim.o
    0x08007afa   0x00000002   Code   RO         3079    i.HAL_TIM_OC_DelayElapsedCallback  stm32l4xx_hal_tim.o
    0x08007afc   0x00000002   Code   RO         3106    i.HAL_TIM_PWM_PulseFinishedCallback  stm32l4xx_hal_tim.o
    0x08007afe   0x00000002   PAD
    0x08007b00   0x000001bc   Code   RO          660    i.HAL_TIM_PeriodElapsedCallback  main.o
    0x08007cbc   0x00000002   Code   RO         3117    i.HAL_TIM_TriggerCallback  stm32l4xx_hal_tim.o
    0x08007cbe   0x00000002   Code   RO         4293    i.HAL_UARTEx_WakeupCallback  stm32l4xx_hal_uart_ex.o
    0x08007cc0   0x00000002   Code   RO         3952    i.HAL_UART_ErrorCallback  stm32l4xx_hal_uart.o
    0x08007cc2   0x00000002   PAD
    0x08007cc4   0x00000144   Code   RO         3955    i.HAL_UART_IRQHandler  stm32l4xx_hal_uart.o
    0x08007e08   0x000002e4   Code   RO         1371    i.HAL_UART_MspInit  usart.o
    0x080080ec   0x00000002   Code   RO         3967    i.HAL_UART_TxCpltCallback  stm32l4xx_hal_uart.o
    0x080080ee   0x00000002   Code   RO         1439    i.HardFault_Handler  stm32l4xx_it.o
    0x080080f0   0x0000000c   Code   RO         2040    i.LL_ADC_GetOffsetChannel  stm32l4xx_hal_adc.o
    0x080080fc   0x0000000c   Code   RO         2257    i.LL_ADC_GetOffsetChannel  stm32l4xx_hal_adc_ex.o
    0x08008108   0x00000008   Code   RO         2258    i.LL_ADC_INJ_IsConversionOngoing  stm32l4xx_hal_adc_ex.o
    0x08008110   0x00000008   Code   RO         2041    i.LL_ADC_REG_IsConversionOngoing  stm32l4xx_hal_adc.o
    0x08008118   0x00000008   Code   RO         2259    i.LL_ADC_REG_IsConversionOngoing  stm32l4xx_hal_adc_ex.o
    0x08008120   0x00000046   Code   RO         2043    i.LL_ADC_SetChannelSamplingTime  stm32l4xx_hal_adc.o
    0x08008166   0x00000046   Code   RO         2260    i.LL_ADC_SetChannelSamplingTime  stm32l4xx_hal_adc_ex.o
    0x080081ac   0x00000010   Code   RO         2044    i.LL_ADC_SetOffsetState  stm32l4xx_hal_adc.o
    0x080081bc   0x00000010   Code   RO         2261    i.LL_ADC_SetOffsetState  stm32l4xx_hal_adc_ex.o
    0x080081cc   0x00000120   Code   RO          916    i.Lights_Task       freertos.o
    0x080082ec   0x000000f8   Code   RO          798    i.MX_ADC1_Init      adc.o
    0x080083e4   0x00000058   Code   RO          840    i.MX_DAC1_Init      dac.o
    0x0800843c   0x0000008c   Code   RO          880    i.MX_DMA_Init       dma.o
    0x080084c8   0x00000358   Code   RO          917    i.MX_FREERTOS_Init  freertos.o
    0x08008820   0x00000124   Code   RO          772    i.MX_GPIO_Init      gpio.o
    0x08008944   0x00000064   Code   RO         1276    i.MX_SPI3_Init      spi.o
    0x080089a8   0x00000074   Code   RO         1318    i.MX_TIM2_Init      tim.o
    0x08008a1c   0x00000058   Code   RO         1319    i.MX_TIM6_Init      tim.o
    0x08008a74   0x0000005c   Code   RO         1320    i.MX_TIM7_Init      tim.o
    0x08008ad0   0x00000054   Code   RO         1372    i.MX_UART5_Init     usart.o
    0x08008b24   0x0000005c   Code   RO         1373    i.MX_USART1_UART_Init  usart.o
    0x08008b80   0x0000005c   Code   RO         1374    i.MX_USART2_UART_Init  usart.o
    0x08008bdc   0x0000005c   Code   RO         1375    i.MX_USART3_UART_Init  usart.o
    0x08008c38   0x00000002   Code   RO         1440    i.MemManage_Handler  stm32l4xx_it.o
    0x08008c3a   0x00000002   Code   RO         1441    i.NMI_Handler       stm32l4xx_it.o
    0x08008c3c   0x00000020   Code   RO         6138    i.NVIC_SetPriority  stm32l4xx_hal_cortex.o
    0x08008c5c   0x0000012c   Code   RO         5204    i.RCCEx_PLLSAI1_Config  stm32l4xx_hal_rcc_ex.o
    0x08008d88   0x00000108   Code   RO         5205    i.RCCEx_PLLSAI2_Config  stm32l4xx_hal_rcc_ex.o
    0x08008e90   0x0000007c   Code   RO         5089    i.RCC_SetFlashLatencyFromMSIRange  stm32l4xx_hal_rcc.o
    0x08008f0c   0x00000048   Code   RO         2730    i.SPI_EndRxTxTransaction  stm32l4xx_hal_spi.o
    0x08008f54   0x0000009e   Code   RO         2735    i.SPI_WaitFifoStateUntilTimeout  stm32l4xx_hal_spi.o
    0x08008ff2   0x00000094   Code   RO         2736    i.SPI_WaitFlagStateUntilTimeout  stm32l4xx_hal_spi.o
    0x08009086   0x00000014   Code   RO          927    i.StartDefaultTask  freertos.o
    0x0800909a   0x00000004   Code   RO         1442    i.SysTick_Handler   stm32l4xx_it.o
    0x0800909e   0x000000c4   Code   RO          661    i.SystemClock_Config  main.o
    0x08009162   0x00000002   PAD
    0x08009164   0x00000044   Code   RO         6256    i.SystemInit        system_stm32l4xx.o
    0x080091a8   0x0000000c   Code   RO         1443    i.TIM1_UP_TIM16_IRQHandler  stm32l4xx_it.o
    0x080091b4   0x0000001c   Code   RO         1444    i.TIM6_DAC_IRQHandler  stm32l4xx_it.o
    0x080091d0   0x0000000c   Code   RO         1445    i.TIM7_IRQHandler   stm32l4xx_it.o
    0x080091dc   0x000000c0   Code   RO         3118    i.TIM_Base_SetConfig  stm32l4xx_hal_tim.o
    0x0800929c   0x00000014   Code   RO         3125    i.TIM_ETR_SetConfig  stm32l4xx_hal_tim.o
    0x080092b0   0x00000010   Code   RO         3126    i.TIM_ITRx_SetConfig  stm32l4xx_hal_tim.o
    0x080092c0   0x00000022   Code   RO         3134    i.TIM_TI1_ConfigInputStage  stm32l4xx_hal_tim.o
    0x080092e2   0x00000024   Code   RO         3136    i.TIM_TI2_ConfigInputStage  stm32l4xx_hal_tim.o
    0x08009306   0x00000002   PAD
    0x08009308   0x0000000c   Code   RO          587    i.Task_manager_Init  task_manager.o
    0x08009314   0x0000005c   Code   RO          588    i.Task_manager_LoadCPU  task_manager.o
    0x08009370   0x0000059c   Code   RO          928    i.TriggerLogic_Task  freertos.o
    0x0800990c   0x000000c8   Code   RO         3969    i.UART_AdvFeatureConfig  stm32l4xx_hal_uart.o
    0x080099d4   0x0000005c   Code   RO         3970    i.UART_CheckIdleState  stm32l4xx_hal_uart.o
    0x08009a30   0x00000014   Code   RO         3971    i.UART_DMAAbortOnError  stm32l4xx_hal_uart.o
    0x08009a44   0x00000020   Code   RO         3981    i.UART_EndRxTransfer  stm32l4xx_hal_uart.o
    0x08009a64   0x000002a0   Code   RO         3985    i.UART_SetConfig    stm32l4xx_hal_uart.o
    0x08009d04   0x00000064   Code   RO         3988    i.UART_WaitOnFlagUntilTimeout  stm32l4xx_hal_uart.o
    0x08009d68   0x0000005c   Code   RO         1446    i.USART1_IRQHandler  stm32l4xx_it.o
    0x08009dc4   0x0000005c   Code   RO         1447    i.USART2_IRQHandler  stm32l4xx_it.o
    0x08009e20   0x0000005c   Code   RO         1448    i.USART3_IRQHandler  stm32l4xx_it.o
    0x08009e7c   0x00000002   Code   RO         1449    i.UsageFault_Handler  stm32l4xx_it.o
    0x08009e7e   0x00000002   Code   RO          662    i._Error_Handler    main.o
    0x08009e80   0x00000028   Code   RO         7719    i.__0snprintf       mc_w.l(printfa.o)
    0x08009ea8   0x000000d0   Code   RO         7462    i.__hardfp_modf     m_wm.l(modf.o)
    0x08009f78   0x0000009a   Code   RO         7468    i.__hardfp_roundf   m_wm.l(roundf.o)
    0x0800a012   0x0000000e   Code   RO         7802    i.__scatterload_copy  mc_w.l(handlers.o)
    0x0800a020   0x00000002   Code   RO         7803    i.__scatterload_null  mc_w.l(handlers.o)
    0x0800a022   0x0000000e   Code   RO         7804    i.__scatterload_zeroinit  mc_w.l(handlers.o)
    0x0800a030   0x00000164   Code   RO         7725    i._fp_digits        mc_w.l(printfa.o)
    0x0800a194   0x000006dc   Code   RO         7726    i._printf_core      mc_w.l(printfa.o)
    0x0800a870   0x00000024   Code   RO         7727    i._printf_post_padding  mc_w.l(printfa.o)
    0x0800a894   0x0000002e   Code   RO         7728    i._printf_pre_padding  mc_w.l(printfa.o)
    0x0800a8c2   0x00000016   Code   RO         7729    i._snputc           mc_w.l(printfa.o)
    0x0800a8d8   0x00000016   Code   RO          463    i.arm_biquad_cascade_df1_init_f32  arm_biquad_cascade_df1_init_f32.o
    0x0800a8ee   0x00000002   PAD
    0x0800a8f0   0x0000003c   Code   RO          190    i.check_logo        ssd1306.o
    0x0800a92c   0x00000002   Code   RO          930    i.configureTimerForRunTimeStats  freertos.o
    0x0800a92e   0x00000010   Code   RO          664    i.convert_float_and_swap  main.o
    0x0800a93e   0x00000014   Code   RO          665    i.convert_hex_to_float  main.o
    0x0800a952   0x00000002   PAD
    0x0800a954   0x00000028   Code   RO          340    i.crc16             flash_manager.o
    0x0800a97c   0x00000164   Code   RO          931    i.edit_mode         freertos.o
    0x0800aae0   0x000000ec   Code   RO          932    i.edit_mode_from_list  freertos.o
    0x0800abcc   0x00000084   Code   RO          933    i.edit_mode_int     freertos.o
    0x0800ac50   0x0000000c   Code   RO          589    i.getRunTimeCounterValue  task_manager.o
    0x0800ac5c   0x000000e8   Code   RO          936    i.init_menu         freertos.o
    0x0800ad44   0x0000003c   Code   RO          192    i.logo              ssd1306.o
    0x0800ad80   0x000000b8   Code   RO          667    i.main              main.o
    0x0800ae38   0x0000000c   Code   RO         7095    i.makeFreeRtosPriority  cmsis_os.o
    0x0800ae44   0x0000000e   Code   RO         7097    i.osDelay           cmsis_os.o
    0x0800ae52   0x0000000a   Code   RO         7100    i.osKernelStart     cmsis_os.o
    0x0800ae5c   0x00000014   Code   RO         7133    i.osSystickHandler  cmsis_os.o
    0x0800ae70   0x0000002e   Code   RO         7134    i.osThreadCreate    cmsis_os.o
    0x0800ae9e   0x00000002   PAD
    0x0800aea0   0x00000070   Code   RO         6778    i.prvAddCurrentTaskToDelayedList  tasks.o
    0x0800af10   0x000000d0   Code   RO         6779    i.prvAddNewTaskToReadyList  tasks.o
    0x0800afe0   0x00000050   Code   RO         6780    i.prvCheckTasksWaitingTermination  tasks.o
    0x0800b030   0x0000006c   Code   RO         6630    i.prvCopyDataToQueue  queue.o
    0x0800b09c   0x00000014   Code   RO         6781    i.prvDeleteTCB      tasks.o
    0x0800b0b0   0x0000004c   Code   RO         6293    i.prvHeapInit       heap_4.o
    0x0800b0fc   0x0000002c   Code   RO         6782    i.prvIdleTask       tasks.o
    0x0800b128   0x00000090   Code   RO         6783    i.prvInitialiseNewTask  tasks.o
    0x0800b1b8   0x0000004c   Code   RO         6294    i.prvInsertBlockIntoFreeList  heap_4.o
    0x0800b204   0x00000020   Code   RO         6784    i.prvResetNextTaskUnblockTime  tasks.o
    0x0800b224   0x00000028   Code   RO         6379    i.prvTaskExitError  port.o
    0x0800b24c   0x0000006a   Code   RO         6632    i.prvUnlockQueue    queue.o
    0x0800b2b6   0x00000002   PAD
    0x0800b2b8   0x000000d8   Code   RO         6295    i.pvPortMalloc      heap_4.o
    0x0800b390   0x0000002c   Code   RO         6380    i.pxPortInitialiseStack  port.o
    0x0800b3bc   0x00000284   Code   RO          668    i.read_init_settings  main.o
    0x0800b640   0x00000064   Code   RO          342    i.read_registers_from_flash  flash_manager.o
    0x0800b6a4   0x000001cc   Code   RO          939    i.save_settings     freertos.o
    0x0800b870   0x00000040   Code   RO          194    i.ssd1306_DrawPixel  ssd1306.o
    0x0800b8b0   0x00000020   Code   RO          195    i.ssd1306_Fill      ssd1306.o
    0x0800b8d0   0x000000d8   Code   RO          196    i.ssd1306_Init      ssd1306.o
    0x0800b9a8   0x0000000c   Code   RO          197    i.ssd1306_SetCursor  ssd1306.o
    0x0800b9b4   0x00000068   Code   RO          198    i.ssd1306_UpdateScreen  ssd1306.o
    0x0800ba1c   0x00000088   Code   RO          199    i.ssd1306_WriteChar  ssd1306.o
    0x0800baa4   0x0000004c   Code   RO          200    i.ssd1306_WriteCommand  ssd1306.o
    0x0800baf0   0x0000002c   Code   RO          201    i.ssd1306_WriteString  ssd1306.o
    0x0800bb1c   0x00000044   Code   RO          940    i.string_scroll     freertos.o
    0x0800bb60   0x00000070   Code   RO          941    i.string_scroll_with_number  freertos.o
    0x0800bbd0   0x00000072   Code   RO          202    i.triangle_down     ssd1306.o
    0x0800bc42   0x00000070   Code   RO          203    i.triangle_left     ssd1306.o
    0x0800bcb2   0x00000072   Code   RO          204    i.triangle_right    ssd1306.o
    0x0800bd24   0x00000070   Code   RO          205    i.triangle_up       ssd1306.o
    0x0800bd94   0x00000024   Code   RO         6580    i.uxListRemove      list.o
    0x0800bdb8   0x00000018   Code   RO          669    i.vApplicationIdleHook  main.o
    0x0800bdd0   0x00000002   Code   RO          944    i.vApplicationStackOverflowHook  freertos.o
    0x0800bdd2   0x00000016   Code   RO         6581    i.vListInitialise   list.o
    0x0800bde8   0x00000006   Code   RO         6582    i.vListInitialiseItem  list.o
    0x0800bdee   0x00000030   Code   RO         6583    i.vListInsert       list.o
    0x0800be1e   0x00000018   Code   RO         6584    i.vListInsertEnd    list.o
    0x0800be36   0x00000002   PAD
    0x0800be38   0x00000040   Code   RO         6382    i.vPortEnterCritical  port.o
    0x0800be78   0x00000028   Code   RO         6383    i.vPortExitCritical  port.o
    0x0800bea0   0x0000005c   Code   RO         6296    i.vPortFree         heap_4.o
    0x0800befc   0x00000020   Code   RO         6384    i.vPortSetupTimerInterrupt  port.o
    0x0800bf1c   0x00000054   Code   RO         6385    i.vPortValidateInterruptPriority  port.o
    0x0800bf70   0x0000004c   Code   RO         6792    i.vTaskDelay        tasks.o
    0x0800bfbc   0x0000000c   Code   RO         6795    i.vTaskMissedYield  tasks.o
    0x0800bfc8   0x00000030   Code   RO         6797    i.vTaskPlaceOnEventList  tasks.o
    0x0800bff8   0x00000024   Code   RO         6802    i.vTaskSetTimeOutState  tasks.o
    0x0800c01c   0x0000006c   Code   RO         6803    i.vTaskStartScheduler  tasks.o
    0x0800c088   0x00000010   Code   RO         6805    i.vTaskSuspendAll   tasks.o
    0x0800c098   0x0000008c   Code   RO         6806    i.vTaskSwitchContext  tasks.o
    0x0800c124   0x00000070   Code   RO          343    i.write_flash       flash_manager.o
    0x0800c194   0x00000048   Code   RO          344    i.write_registers_to_flash  flash_manager.o
    0x0800c1dc   0x0000000c   Code   RO         6298    i.xPortGetFreeHeapSize  heap_4.o
    0x0800c1e8   0x000000e0   Code   RO         6386    i.xPortStartScheduler  port.o
    0x0800c2c8   0x0000002c   Code   RO         6387    i.xPortSysTickHandler  port.o
    0x0800c2f4   0x00000024   Code   RO         6639    i.xQueueCreateMutex  queue.o
    0x0800c318   0x00000048   Code   RO         6640    i.xQueueGenericCreate  queue.o
    0x0800c360   0x00000088   Code   RO         6642    i.xQueueGenericReset  queue.o
    0x0800c3e8   0x00000160   Code   RO         6643    i.xQueueGenericSend  queue.o
    0x0800c548   0x0000009c   Code   RO         6645    i.xQueueGiveFromISR  queue.o
    0x0800c5e4   0x0000006c   Code   RO         6807    i.xTaskCheckForTimeOut  tasks.o
    0x0800c650   0x00000056   Code   RO         6808    i.xTaskCreate       tasks.o
    0x0800c6a6   0x00000002   PAD
    0x0800c6a8   0x00000020   Code   RO         6812    i.xTaskGetIdleTaskHandle  tasks.o
    0x0800c6c8   0x0000001c   Code   RO         6813    i.xTaskGetSchedulerState  tasks.o
    0x0800c6e4   0x000000c8   Code   RO         6816    i.xTaskIncrementTick  tasks.o
    0x0800c7ac   0x00000098   Code   RO         6819    i.xTaskPriorityDisinherit  tasks.o
    0x0800c844   0x00000074   Code   RO         6820    i.xTaskRemoveFromEventList  tasks.o
    0x0800c8b8   0x000000c4   Code   RO         6822    i.xTaskResumeAll    tasks.o
    0x0800c97c   0x000003de   Data   RO           17    .constdata          fonts.o
    0x0800cd5a   0x00000a80   Data   RO          326    .constdata          dejavu_8x14.o
    0x0800d7da   0x0000079e   Data   RO          327    .constdata          dejavu_8x14.o
    0x0800df78   0x00000200   Data   RO          345    .constdata          flash_manager.o
    0x0800e178   0x000000dc   Data   RO          963    .constdata          freertos.o
    0x0800e254   0x00000040   Data   RO         6257    .constdata          system_stm32l4xx.o
    0x0800e294   0x00000008   Data   RO         6258    .constdata          system_stm32l4xx.o
    0x0800e29c   0x00000060   Data   RO          964    .conststring        freertos.o
    0x0800e2fc   0x00000020   Data   RO         7800    Region$$Table       anon$$obj.o


    Execution Region RW_IRAM1 (Base: 0x20000000, Size: 0x0000aa90, Max: 0x00050000, ABSOLUTE, COMPRESSED[0x000000cc])

    Base Addr    Size         Type   Attr      Idx    E Section Name        Object

    0x20000000   0x00000008   Data   RW           21    .data               fonts.o
    0x20000008   0x00000008   Data   RW           22    .data               fonts.o
    0x20000010   0x00000006   Data   RW          208    .data               ssd1306.o
    0x20000016   0x00000002   PAD
    0x20000018   0x00000010   Data   RW          590    .data               task_manager.o
    0x20000028   0x00000028   Data   RW          670    .data               main.o
    0x20000050   0x000002f8   Data   RW          966    .data               freertos.o
    0x20000348   0x00000001   Data   RW          968    .data               freertos.o
    0x20000349   0x00000001   PAD
    0x2000034a   0x00000002   Data   RW          969    .data               freertos.o
    0x2000034c   0x00000002   Data   RW          970    .data               freertos.o
    0x2000034e   0x00000001   Data   RW          971    .data               freertos.o
    0x2000034f   0x00000001   PAD
    0x20000350   0x00000002   Data   RW          972    .data               freertos.o
    0x20000352   0x00000002   Data   RW          973    .data               freertos.o
    0x20000354   0x00000004   Data   RW          975    .data               freertos.o
    0x20000358   0x00000004   Data   RW          976    .data               freertos.o
    0x2000035c   0x00000004   Data   RW          977    .data               freertos.o
    0x20000360   0x00000004   Data   RW          978    .data               freertos.o
    0x20000364   0x00000002   Data   RW          981    .data               freertos.o
    0x20000366   0x00000001   Data   RW          992    .data               freertos.o
    0x20000367   0x00000001   PAD
    0x20000368   0x0000000c   Data   RW         1450    .data               stm32l4xx_it.o
    0x20000374   0x00000004   Data   RW         4384    .data               stm32l4xx_hal.o
    0x20000378   0x00000020   Data   RW         5381    .data               stm32l4xx_hal_flash.o
    0x20000398   0x00000004   Data   RW         6259    .data               system_stm32l4xx.o
    0x2000039c   0x00000018   Data   RW         6301    .data               heap_4.o
    0x200003b4   0x0000000c   Data   RW         6388    .data               port.o
    0x200003c0   0x00000044   Data   RW         6825    .data               tasks.o
    0x20000404   0x00000180   Zero   RW          206    .bss                ssd1306.o
    0x20000584   0x000000b4   Zero   RW          799    .bss                adc.o
    0x20000638   0x00000014   Zero   RW          841    .bss                dac.o
    0x2000064c   0x0000224c   Zero   RW          945    .bss                freertos.o
    0x20002898   0x00000010   Zero   RW          951    .bss                freertos.o
    0x200028a8   0x00000064   Zero   RW         1277    .bss                spi.o
    0x2000290c   0x000000c0   Zero   RW         1321    .bss                tim.o
    0x200029cc   0x00000390   Zero   RW         1376    .bss                usart.o
    0x20002d5c   0x00000040   Zero   RW         1597    .bss                stm32l4xx_hal_timebase_tim.o
    0x20002d9c   0x00007800   Zero   RW         6300    .bss                heap_4.o
    0x2000a59c   0x000000f0   Zero   RW         6824    .bss                tasks.o
    0x2000a68c   0x00000004   PAD
    0x2000a690   0x00000400   Zero   RW            1    STACK               startup_stm32l496xx.o


==============================================================================

Image component sizes


      Code (inc. data)   RO Data    RW Data    ZI Data      Debug   Object Name

       388         68          0          0        180       1851   adc.o
        22          0          0          0          0       1114   arm_biquad_cascade_df1_init_f32.o
       102          0          0          0          0      13136   cmsis_os.o
       168         32          0          0         20       1597   dac.o
         0          0       4638          0          0        683   dejavu_8x14.o
       140          4          0          0          0        798   dma.o
         0          0          0          0          0       8044   event_groups.o
       324         16        512          0          0      24110   flash_manager.o
         0          0        990         16          0     970874   fonts.o
     20456       1930        316        789       8796      67503   freertos.o
       292         14          0          0          0       1043   gpio.o
       472         30          0         24      30720       9146   heap_4.o
       136          0          0          0          0       3350   list.o
      1666        336          0         40          0      11344   main.o
       758         84          0         12          0      11797   port.o
       966         10          0          0          0       8807   queue.o
       188         40          0          0        100       1601   spi.o
      1256         62          0          6        384      10042   ssd1306.o
        36          8        428          0       1024        832   startup_stm32l496xx.o
        78         12          0          4          0       3468   stm32l4xx_hal.o
      2588        142          0          0          0      69054   stm32l4xx_hal_adc.o
      2160         80          0          0          0      66483   stm32l4xx_hal_adc_ex.o
       218         14          0          0          0      30641   stm32l4xx_hal_cortex.o
       538          0          0          0          0       4744   stm32l4xx_hal_dac.o
         2          0          0          0          0        959   stm32l4xx_hal_dac_ex.o
       614         14          0          0          0       3994   stm32l4xx_hal_dma.o
       404         48          0         32          0       4718   stm32l4xx_hal_flash.o
       404         28          0          0          0       3611   stm32l4xx_hal_flash_ex.o
       468         42          0          0          0       3476   stm32l4xx_hal_gpio.o
       128          6          0          0          0        902   stm32l4xx_hal_msp.o
       116         20          0          0          0       1314   stm32l4xx_hal_pwr_ex.o
      2024        106          0          0          0       8121   stm32l4xx_hal_rcc.o
      1528         46          0          0          0       3744   stm32l4xx_hal_rcc_ex.o
       924          0          0          0          0       4474   stm32l4xx_hal_spi.o
      1084         48          0          0          0      10082   stm32l4xx_hal_tim.o
       102          8          0          0          0       2977   stm32l4xx_hal_tim_ex.o
       116         18          0          0         64       1416   stm32l4xx_hal_timebase_tim.o
      1444         74          0          0          0       7366   stm32l4xx_hal_uart.o
       142          4          0          0          0       1799   stm32l4xx_hal_uart_ex.o
       428        116          0         12          0       9739   stm32l4xx_it.o
        68         12         72          4          0       1213   system_stm32l4xx.o
       138         16          0         16          0       3416   task_manager.o
      1994        164          0         68        240      20719   tasks.o
       416         82          0          0        192       2792   tim.o
      1100        156          0          0        912       4169   usart.o

    ----------------------------------------------------------------------
     46640       3890       6988       1028      42636    1423063   Object Totals
         0          0         32          0          0          0   (incl. Generated)
        44          0          0          5          4          0   (incl. Padding)

    ----------------------------------------------------------------------

      Code (inc. data)   RO Data    RW Data    ZI Data      Debug   Library Member Name

       208          8          0          0          0        152   modf.o
       154          0          0          0          0        140   roundf.o
        86          0          0          0          0          0   __dczerorl2.o
         0          0          0          0          0          0   entry.o
         0          0          0          0          0          0   entry10a.o
         0          0          0          0          0          0   entry11a.o
         8          4          0          0          0          0   entry2.o
         4          0          0          0          0          0   entry5.o
         0          0          0          0          0          0   entry7b.o
         0          0          0          0          0          0   entry8b.o
         8          4          0          0          0          0   entry9a.o
        30          0          0          0          0          0   handlers.o
        36          8          0          0          0         68   init.o
         0          0          0          0          0          0   iusefp.o
        30          0          0          0          0         68   llshl.o
        36          0          0          0          0         68   llsshr.o
        32          0          0          0          0         68   llushr.o
        36          0          0          0          0         68   memcpya.o
        36          0          0          0          0        108   memseta.o
      2256         84          0          0          0        512   printfa.o
        24          0          0          0          0         76   strncpy.o
        44          0          0          0          0         80   uidiv.o
        98          0          0          0          0         92   uldiv.o
        48          0          0          0          0         68   cdrcmple.o
        56          0          0          0          0         88   d2f.o
       334          0          0          0          0        148   dadd.o
       222          0          0          0          0        100   ddiv.o
       186          0          0          0          0        176   depilogue.o
        48          0          0          0          0         68   dfixul.o
        26          0          0          0          0         76   dfltui.o
       228          0          0          0          0         96   dmul.o
        38          0          0          0          0         68   f2d.o
       110          0          0          0          0        168   fepilogue.o
        28          0          0          0          0         84   ffltul.o
        60          0          0          0          0         76   frnd.o

    ----------------------------------------------------------------------
      4512        108          0          0          0       2716   Library Totals
         2          0          0          0          0          0   (incl. Padding)

    ----------------------------------------------------------------------

      Code (inc. data)   RO Data    RW Data    ZI Data      Debug   Library Name

       362          8          0          0          0        292   m_wm.l
      2764        100          0          0          0       1208   mc_w.l
      1384          0          0          0          0       1216   mf_w.l

    ----------------------------------------------------------------------
      4512        108          0          0          0       2716   Library Totals

    ----------------------------------------------------------------------

==============================================================================


      Code (inc. data)   RO Data    RW Data    ZI Data      Debug   

     51152       3998       6988       1028      42636    1400015   Grand Totals
     51152       3998       6988        204      42636    1400015   ELF Image Totals (compressed)
     51152       3998       6988        204          0          0   ROM Totals

==============================================================================

    Total RO  Size (Code + RO Data)                58140 (  56.78kB)
    Total RW  Size (RW Data + ZI Data)             43664 (  42.64kB)
    Total ROM Size (Code + RO Data + RW Data)      58344 (  56.98kB)

==============================================================================

