Component: ARM Compiler 5.05 update 1 (build 106) Tool: armlink [4d0efa]

==============================================================================

Section Cross References

    startup_stm32l496xx.o(RESET) refers to startup_stm32l496xx.o(STACK) for __initial_sp
    startup_stm32l496xx.o(RESET) refers to startup_stm32l496xx.o(.text) for Reset_Handler
    startup_stm32l496xx.o(RESET) refers to stm32l4xx_it.o(i.NMI_Handler) for NMI_Handler
    startup_stm32l496xx.o(RESET) refers to stm32l4xx_it.o(i.HardFault_Handler) for HardFault_Handler
    startup_stm32l496xx.o(RESET) refers to stm32l4xx_it.o(i.MemManage_Handler) for MemManage_Handler
    startup_stm32l496xx.o(RESET) refers to stm32l4xx_it.o(i.BusFault_Handler) for BusFault_Handler
    startup_stm32l496xx.o(RESET) refers to stm32l4xx_it.o(i.UsageFault_Handler) for UsageFault_Handler
    startup_stm32l496xx.o(RESET) refers to port.o(.emb_text) for SVC_Handler
    startup_stm32l496xx.o(RESET) refers to stm32l4xx_it.o(i.DebugMon_Handler) for DebugMon_Handler
    startup_stm32l496xx.o(RESET) refers to stm32l4xx_it.o(i.SysTick_Handler) for SysTick_Handler
    startup_stm32l496xx.o(RESET) refers to stm32l4xx_it.o(i.DMA1_Channel1_IRQHandler) for DMA1_Channel1_IRQHandler
    startup_stm32l496xx.o(RESET) refers to stm32l4xx_it.o(i.DMA1_Channel2_IRQHandler) for DMA1_Channel2_IRQHandler
    startup_stm32l496xx.o(RESET) refers to stm32l4xx_it.o(i.DMA1_Channel3_IRQHandler) for DMA1_Channel3_IRQHandler
    startup_stm32l496xx.o(RESET) refers to stm32l4xx_it.o(i.DMA1_Channel4_IRQHandler) for DMA1_Channel4_IRQHandler
    startup_stm32l496xx.o(RESET) refers to stm32l4xx_it.o(i.DMA1_Channel5_IRQHandler) for DMA1_Channel5_IRQHandler
    startup_stm32l496xx.o(RESET) refers to stm32l4xx_it.o(i.DMA1_Channel6_IRQHandler) for DMA1_Channel6_IRQHandler
    startup_stm32l496xx.o(RESET) refers to stm32l4xx_it.o(i.DMA1_Channel7_IRQHandler) for DMA1_Channel7_IRQHandler
    startup_stm32l496xx.o(RESET) refers to stm32l4xx_it.o(i.TIM1_UP_TIM16_IRQHandler) for TIM1_UP_TIM16_IRQHandler
    startup_stm32l496xx.o(RESET) refers to stm32l4xx_it.o(i.USART1_IRQHandler) for USART1_IRQHandler
    startup_stm32l496xx.o(RESET) refers to stm32l4xx_it.o(i.USART2_IRQHandler) for USART2_IRQHandler
    startup_stm32l496xx.o(RESET) refers to stm32l4xx_it.o(i.USART3_IRQHandler) for USART3_IRQHandler
    startup_stm32l496xx.o(RESET) refers to stm32l4xx_it.o(i.TIM6_DAC_IRQHandler) for TIM6_DAC_IRQHandler
    startup_stm32l496xx.o(RESET) refers to stm32l4xx_it.o(i.TIM7_IRQHandler) for TIM7_IRQHandler
    startup_stm32l496xx.o(.text) refers to system_stm32l4xx.o(i.SystemInit) for SystemInit
    startup_stm32l496xx.o(.text) refers to entry.o(.ARM.Collect$$$$00000000) for __main
    fonts.o(.data) refers to fonts.o(.constdata) for Font7x10
    fonts.o(.data) refers to fonts.o(.constdata) for Font11x18
    fonts.o(.data) refers to fonts.o(.constdata) for Font16x26
    fonts.o(.data) refers to dejavu_8x14.o(.constdata) for dejavu_8x15_RU
    fonts.o(.data) refers to dejavu_8x14.o(.constdata) for dejavu_8x14
    fonts.o(.data) refers to dejavu_5x10.o(.constdata) for dejavu_5x10_RU
    fonts.o(.data) refers to dejavu_5x10.o(.constdata) for dejavu_5x10
    ssd1306.o(i.check_logo) refers to ssd1306.o(i.ssd1306_DrawPixel) for ssd1306_DrawPixel
    ssd1306.o(i.check_logo) refers to fonts.o(.constdata) for tik_logo2
    ssd1306.o(i.horizont_line) refers to ssd1306.o(i.ssd1306_DrawPixel) for ssd1306_DrawPixel
    ssd1306.o(i.logo) refers to ssd1306.o(i.ssd1306_DrawPixel) for ssd1306_DrawPixel
    ssd1306.o(i.logo) refers to fonts.o(.constdata) for tik_logo2
    ssd1306.o(i.rombus) refers to ssd1306.o(i.ssd1306_DrawPixel) for ssd1306_DrawPixel
    ssd1306.o(i.ssd1306_DrawPixel) refers to ssd1306.o(.data) for .data
    ssd1306.o(i.ssd1306_DrawPixel) refers to ssd1306.o(.bss) for .bss
    ssd1306.o(i.ssd1306_Fill) refers to ssd1306.o(.bss) for .bss
    ssd1306.o(i.ssd1306_Init) refers to stm32l4xx_hal_gpio.o(i.HAL_GPIO_WritePin) for HAL_GPIO_WritePin
    ssd1306.o(i.ssd1306_Init) refers to stm32l4xx_hal.o(i.HAL_Delay) for HAL_Delay
    ssd1306.o(i.ssd1306_Init) refers to ssd1306.o(i.ssd1306_WriteCommand) for ssd1306_WriteCommand
    ssd1306.o(i.ssd1306_Init) refers to ssd1306.o(i.ssd1306_Fill) for ssd1306_Fill
    ssd1306.o(i.ssd1306_Init) refers to ssd1306.o(i.ssd1306_UpdateScreen) for ssd1306_UpdateScreen
    ssd1306.o(i.ssd1306_Init) refers to ssd1306.o(.data) for .data
    ssd1306.o(i.ssd1306_SetCursor) refers to ssd1306.o(.data) for .data
    ssd1306.o(i.ssd1306_UpdateScreen) refers to stm32l4xx_hal_gpio.o(i.HAL_GPIO_WritePin) for HAL_GPIO_WritePin
    ssd1306.o(i.ssd1306_UpdateScreen) refers to stm32l4xx_hal_spi.o(i.HAL_SPI_Transmit) for HAL_SPI_Transmit
    ssd1306.o(i.ssd1306_UpdateScreen) refers to ssd1306.o(.bss) for .bss
    ssd1306.o(i.ssd1306_UpdateScreen) refers to spi.o(.bss) for hspi3
    ssd1306.o(i.ssd1306_WriteChar) refers to ssd1306.o(i.ssd1306_DrawPixel) for ssd1306_DrawPixel
[...]
    i.LL_ADC_SetChannelSamplingTime          0x08002fa4   Section        0  stm32l4xx_hal_adc.o(i.LL_ADC_SetChannelSamplingTime)
    LL_ADC_SetChannelSamplingTime            0x08002fa5   Thumb Code    70  stm32l4xx_hal_adc.o(i.LL_ADC_SetChannelSamplingTime)
    i.LL_ADC_SetChannelSamplingTime          0x08002fea   Section        0  stm32l4xx_hal_adc_ex.o(i.LL_ADC_SetChannelSamplingTime)
    LL_ADC_SetChannelSamplingTime            0x08002feb   Thumb Code    70  stm32l4xx_hal_adc_ex.o(i.LL_ADC_SetChannelSamplingTime)
    i.LL_ADC_SetOffsetState                  0x08003030   Section        0  stm32l4xx_hal_adc.o(i.LL_ADC_SetOffsetState)
    LL_ADC_SetOffsetState                    0x08003031   Thumb Code    16  stm32l4xx_hal_adc.o(i.LL_ADC_SetOffsetState)
    i.LL_ADC_SetOffsetState                  0x08003040   Section        0  stm32l4xx_hal_adc_ex.o(i.LL_ADC_SetOffsetState)
    LL_ADC_SetOffsetState                    0x08003041   Thumb Code    16  stm32l4xx_hal_adc_ex.o(i.LL_ADC_SetOffsetState)
    i.Lights_Task                            0x08003050   Section        0  freertos.o(i.Lights_Task)
    i.MX_ADC1_Init                           0x08003058   Section        0  adc.o(i.MX_ADC1_Init)
    i.MX_DAC1_Init                           0x0800314c   Section        0  dac.o(i.MX_DAC1_Init)
    i.MX_DMA_Init                            0x080031a4   Section        0  dma.o(i.MX_DMA_Init)
    i.MX_FREERTOS_Init                       0x08003230   Section        0  freertos.o(i.MX_FREERTOS_Init)
    i.MX_GPIO_Init                           0x08003428   Section        0  gpio.o(i.MX_GPIO_Init)
    i.MX_SPI3_Init                           0x08003544   Section        0  spi.o(i.MX_SPI3_Init)
    i.MX_TIM2_Init                           0x080035a8   Section        0  tim.o(i.MX_TIM2_Init)
    i.MX_TIM6_Init                           0x0800361c   Section        0  tim.o(i.MX_TIM6_Init)
    i.MX_TIM7_Init                           0x08003674   Section        0  tim.o(i.MX_TIM7_Init)
    i.MX_UART5_Init                          0x080036d0   Section        0  usart.o(i.MX_UART5_Init)
    i.MX_USART1_UART_Init                    0x08003724   Section        0  usart.o(i.MX_USART1_UART_Init)
    i.MX_USART2_UART_Init                    0x08003780   Section        0  usart.o(i.MX_USART2_UART_Init)
    i.MX_USART3_UART_Init                    0x080037dc   Section        0  usart.o(i.MX_USART3_UART_Init)
    i.Master_Modbus_Receive                  0x08003838   Section        0  freertos.o(i.Master_Modbus_Receive)
    i.Master_Modbus_Transmit                 0x08003840   Section        0  freertos.o(i.Master_Modbus_Transmit)
    i.MemManage_Handler                      0x08003848   Section        0  stm32l4xx_it.o(i.MemManage_Handler)
    i.Modbus_Receive_Task                    0x0800384a   Section        0  freertos.o(i.Modbus_Receive_Task)
    i.Modbus_Transmit_Task                   0x08003852   Section        0  freertos.o(i.Modbus_Transmit_Task)
    i.NMI_Handler                            0x0800385a   Section        0  stm32l4xx_it.o(i.NMI_Handler)
    i.NVIC_SetPriority                       0x0800385c   Section        0  stm32l4xx_hal_cortex.o(i.NVIC_SetPriority)
    NVIC_SetPriority                         0x0800385d   Thumb Code    32  stm32l4xx_hal_cortex.o(i.NVIC_SetPriority)
    i.Q_Average_A                            0x0800387c   Section        0  freertos.o(i.Q_Average_A)
    i.Q_Average_D                            0x08003884   Section        0  freertos.o(i.Q_Average_D)
    i.Q_Average_V                            0x0800388c   Section        0  freertos.o(i.Q_Average_V)
    i.RCCEx_PLLSAI1_Config                   0x08003894   Section        0  stm32l4xx_hal_rcc_ex.o(i.RCCEx_PLLSAI1_Config)
    RCCEx_PLLSAI1_Config                     0x08003895   Thumb Code   278  stm32l4xx_hal_rcc_ex.o(i.RCCEx_PLLSAI1_Config)
    i.RCCEx_PLLSAI2_Config                   0x080039c0   Section        0  stm32l4xx_hal_rcc_ex.o(i.RCCEx_PLLSAI2_Config)
    RCCEx_PLLSAI2_Config                     0x080039c1   Thumb Code   250  stm32l4xx_hal_rcc_ex.o(i.RCCEx_PLLSAI2_Config)
    i.RCC_SetFlashLatencyFromMSIRange        0x08003ac8   Section        0  stm32l4xx_hal_rcc.o(i.RCC_SetFlashLatencyFromMSIRange)
    RCC_SetFlashLatencyFromMSIRange          0x08003ac9   Thumb Code   116  stm32l4xx_hal_rcc.o(i.RCC_SetFlashLatencyFromMSIRange)
    i.Relay_1_Task                           0x08003b44   Section        0  freertos.o(i.Relay_1_Task)
    i.Relay_2_Task                           0x08003b4c   Section        0  freertos.o(i.Relay_2_Task)
    i.SPI_EndRxTxTransaction                 0x08003b54   Section        0  stm32l4xx_hal_spi.o(i.SPI_EndRxTxTransaction)
    SPI_EndRxTxTransaction                   0x08003b55   Thumb Code    72  stm32l4xx_hal_spi.o(i.SPI_EndRxTxTransaction)
    i.SPI_WaitFifoStateUntilTimeout          0x08003b9c   Section        0  stm32l4xx_hal_spi.o(i.SPI_WaitFifoStateUntilTimeout)
    SPI_WaitFifoStateUntilTimeout            0x08003b9d   Thumb Code   158  stm32l4xx_hal_spi.o(i.SPI_WaitFifoStateUntilTimeout)
    i.SPI_WaitFlagStateUntilTimeout          0x08003c3a   Section        0  stm32l4xx_hal_spi.o(i.SPI_WaitFlagStateUntilTimeout)
    SPI_WaitFlagStateUntilTimeout            0x08003c3b   Thumb Code   148  stm32l4xx_hal_spi.o(i.SPI_WaitFlagStateUntilTimeout)
    i.StartDefaultTask                       0x08003cd0   Section        0  freertos.o(i.StartDefaultTask)
    i.SysTick_Handler                        0x08003d08   Section        0  stm32l4xx_it.o(i.SysTick_Handler)
    i.SystemClock_Config                     0x08003d0c   Section        0  main.o(i.SystemClock_Config)
    i.SystemInit                             0x08003dd0   Section        0  system_stm32l4xx.o(i.SystemInit)
    i.TIM1_UP_TIM16_IRQHandler               0x08003e14   Section        0  stm32l4xx_it.o(i.TIM1_UP_TIM16_IRQHandler)
    i.TIM6_DAC_IRQHandler                    0x08003e20   Section        0  stm32l4xx_it.o(i.TIM6_DAC_IRQHandler)
    i.TIM7_IRQHandler                        0x08003e3c   Section        0  stm32l4xx_it.o(i.TIM7_IRQHandler)
    i.TIM_Base_SetConfig                     0x08003e48   Section        0  stm32l4xx_hal_tim.o(i.TIM_Base_SetConfig)
    i.TIM_ETR_SetConfig                      0x08003f08   Section        0  stm32l4xx_hal_tim.o(i.TIM_ETR_SetConfig)
    i.TIM_ITRx_SetConfig                     0x08003f1c   Section        0  stm32l4xx_hal_tim.o(i.TIM_ITRx_SetConfig)
    TIM_ITRx_SetConfig                       0x08003f1d   Thumb Code    16  stm32l4xx_hal_tim.o(i.TIM_ITRx_SetConfig)
    i.TIM_TI1_ConfigInputStage               0x08003f2c   Section        0  stm32l4xx_hal_tim.o(i.TIM_TI1_ConfigInputStage)
    TIM_TI1_ConfigInputStage                 0x08003f2d   Thumb Code    34  stm32l4xx_hal_tim.o(i.TIM_TI1_ConfigInputStage)
    i.TIM_TI2_ConfigInputStage               0x08003f4e   Section        0  stm32l4xx_hal_tim.o(i.TIM_TI2_ConfigInputStage)
    TIM_TI2_ConfigInputStage                 0x08003f4f   Thumb Code    36  stm32l4xx_hal_tim.o(i.TIM_TI2_ConfigInputStage)
    i.TriggerLogic_Task                      0x08003f72   Section        0  freertos.o(i.TriggerLogic_Task)
    i.UART_AdvFeatureConfig                  0x08003f7a   Section        0  stm32l4xx_hal_uart.o(i.UART_AdvFeatureConfig)
    i.UART_CheckIdleState                    0x08004042   Section        0  stm32l4xx_hal_uart.o(i.UART_CheckIdleState)
    i.UART_DMAAbortOnError                   0x0800409e   Section        0  stm32l4xx_hal_uart.o(i.UART_DMAAbortOnError)
    UART_DMAAbortOnError                     0x0800409f   Thumb Code    20  stm32l4xx_hal_uart.o(i.UART_DMAAbortOnError)
    i.UART_EndRxTransfer                     0x080040b2   Section        0  stm32l4xx_hal_uart.o(i.UART_EndRxTransfer)
    UART_EndRxTransfer                       0x080040b3   Thumb Code    32  stm32l4xx_hal_uart.o(i.UART_EndRxTransfer)
    i.UART_SetConfig                         0x080040d4   Section        0  stm32l4xx_hal_uart.o(i.UART_SetConfig)
    i.UART_WaitOnFlagUntilTimeout            0x08004374   Section        0  stm32l4xx_hal_uart.o(i.UART_WaitOnFlagUntilTimeout)
    i.USART1_IRQHandler                      0x080043d8   Section        0  stm32l4xx_it.o(i.USART1_IRQHandler)
    i.USART2_IRQHandler                      0x080043e4   Section        0  stm32l4xx_it.o(i.USART2_IRQHandler)
    i.USART3_IRQHandler                      0x080043f0   Section        0  stm32l4xx_it.o(i.USART3_IRQHandler)
    i.UsageFault_Handler                     0x080043fc   Section        0  stm32l4xx_it.o(i.UsageFault_Handler)
    i.Velocity_Task                          0x080043fe   Section        0  freertos.o(i.Velocity_Task)
    i._Error_Handler                         0x08004406   Section        0  main.o(i._Error_Handler)
    i.__scatterload_copy                     0x08004408   Section       14  handlers.o(i.__scatterload_copy)
    i.__scatterload_null                     0x08004416   Section        2  handlers.o(i.__scatterload_null)
    i.__scatterload_zeroinit                 0x08004418   Section       14  handlers.o(i.__scatterload_zeroinit)
    i.check_logo                             0x08004428   Section        0  ssd1306.o(i.check_logo)
    i.configureTimerForRunTimeStats          0x08004464   Section        0  freertos.o(i.configureTimerForRunTimeStats)
    i.getRunTimeCounterValue                 0x08004466   Section        0  freertos.o(i.getRunTimeCounterValue)
    i.init_menu                              0x0800446c   Section        0  freertos.o(i.init_menu)
    i.logo                                   0x0800451c   Section        0  ssd1306.o(i.logo)
    i.main                                   0x08004558   Section        0  main.o(i.main)
    i.makeFreeRtosPriority                   0x0800459a   Section        0  cmsis_os.o(i.makeFreeRtosPriority)
    makeFreeRtosPriority                     0x0800459b   Thumb Code    12  cmsis_os.o(i.makeFreeRtosPriority)
    i.osDelay                                0x080045a6   Section        0  cmsis_os.o(i.osDelay)
    i.osKernelStart                          0x080045b4   Section        0  cmsis_os.o(i.osKernelStart)
    i.osSystickHandler                       0x080045be   Section        0  cmsis_os.o(i.osSystickHandler)
    i.osThreadCreate                         0x080045d2   Section        0  cmsis_os.o(i.osThreadCreate)
    i.prvAddCurrentTaskToDelayedList         0x08004600   Section        0  tasks.o(i.prvAddCurrentTaskToDelayedList)
    prvAddCurrentTaskToDelayedList           0x08004601   Thumb Code   102  tasks.o(i.prvAddCurrentTaskToDelayedList)
    i.prvAddNewTaskToReadyList               0x08004670   Section        0  tasks.o(i.prvAddNewTaskToReadyList)
    prvAddNewTaskToReadyList                 0x08004671   Thumb Code   194  tasks.o(i.prvAddNewTaskToReadyList)
    i.prvCheckTasksWaitingTermination        0x08004740   Section        0  tasks.o(i.prvCheckTasksWaitingTermination)
    prvCheckTasksWaitingTermination          0x08004741   Thumb Code    70  tasks.o(i.prvCheckTasksWaitingTermination)
    i.prvDeleteTCB                           0x08004790   Section        0  tasks.o(i.prvDeleteTCB)
    prvDeleteTCB                             0x08004791   Thumb Code    20  tasks.o(i.prvDeleteTCB)
    i.prvHeapInit                            0x080047a4   Section        0  heap_4.o(i.prvHeapInit)
    prvHeapInit                              0x080047a5   Thumb Code    66  heap_4.o(i.prvHeapInit)
    i.prvIdleTask                            0x080047f0   Section        0  tasks.o(i.prvIdleTask)
    prvIdleTask                              0x080047f1   Thumb Code    34  tasks.o(i.prvIdleTask)
    i.prvInitialiseNewTask                   0x0800481c   Section        0  tasks.o(i.prvInitialiseNewTask)
    prvInitialiseNewTask                     0x0800481d   Thumb Code   144  tasks.o(i.prvInitialiseNewTask)
    i.prvInsertBlockIntoFreeList             0x080048ac   Section        0  heap_4.o(i.prvInsertBlockIntoFreeList)
    prvInsertBlockIntoFreeList               0x080048ad   Thumb Code    72  heap_4.o(i.prvInsertBlockIntoFreeList)
    i.prvResetNextTaskUnblockTime            0x080048f8   Section        0  tasks.o(i.prvResetNextTaskUnblockTime)
    prvResetNextTaskUnblockTime              0x080048f9   Thumb Code    26  tasks.o(i.prvResetNextTaskUnblockTime)
    i.prvTaskExitError                       0x08004918   Section        0  port.o(i.prvTaskExitError)
    prvTaskExitError                         0x08004919   Thumb Code    36  port.o(i.prvTaskExitError)
    i.pvPortMalloc                           0x08004940   Section        0  heap_4.o(i.pvPortMalloc)
    i.pxPortInitialiseStack                  0x08004a18   Section        0  port.o(i.pxPortInitialiseStack)
    i.ssd1306_DrawPixel                      0x08004a44   Section        0  ssd1306.o(i.ssd1306_DrawPixel)
    i.ssd1306_Fill                           0x08004a84   Section        0  ssd1306.o(i.ssd1306_Fill)
    i.ssd1306_Init                           0x08004aa4   Section        0  ssd1306.o(i.ssd1306_Init)
    i.ssd1306_UpdateScreen                   0x08004b7c   Section        0  ssd1306.o(i.ssd1306_UpdateScreen)
    i.ssd1306_WriteCommand                   0x08004be4   Section        0  ssd1306.o(i.ssd1306_WriteCommand)
    ssd1306_WriteCommand                     0x08004be5   Thumb Code    68  ssd1306.o(i.ssd1306_WriteCommand)
    i.uxListRemove                           0x08004c30   Section        0  list.o(i.uxListRemove)
    i.vApplicationIdleHook                   0x08004c54   Section        0  freertos.o(i.vApplicationIdleHook)
    i.vApplicationStackOverflowHook          0x08004c56   Section        0  freertos.o(i.vApplicationStackOverflowHook)
    i.vListInitialise                        0x08004c58   Section        0  list.o(i.vListInitialise)
    i.vListInitialiseItem                    0x08004c6e   Section        0  list.o(i.vListInitialiseItem)
    i.vListInsert                            0x08004c74   Section        0  list.o(i.vListInsert)
    i.vListInsertEnd                         0x08004ca4   Section        0  list.o(i.vListInsertEnd)
    i.vPortEnterCritical                     0x08004cbc   Section        0  port.o(i.vPortEnterCritical)
    i.vPortExitCritical                      0x08004cfc   Section        0  port.o(i.vPortExitCritical)
    i.vPortFree                              0x08004d24   Section        0  heap_4.o(i.vPortFree)
    i.vPortSetupTimerInterrupt               0x08004d80   Section        0  port.o(i.vPortSetupTimerInterrupt)
    i.vTaskDelay                             0x08004da0   Section        0  tasks.o(i.vTaskDelay)
    i.vTaskStartScheduler                    0x08004dec   Section        0  tasks.o(i.vTaskStartScheduler)
    i.vTaskSuspendAll                        0x08004e58   Section        0  tasks.o(i.vTaskSuspendAll)
    i.vTaskSwitchContext                     0x08004e68   Section        0  tasks.o(i.vTaskSwitchContext)
    i.xPortStartScheduler                    0x08004ef4   Section        0  port.o(i.xPortStartScheduler)
    i.xPortSysTickHandler                    0x08004fd4   Section        0  port.o(i.xPortSysTickHandler)
    i.xTaskCreate                            0x08005000   Section        0  tasks.o(i.xTaskCreate)
    i.xTaskGetSchedulerState                 0x08005058   Section        0  tasks.o(i.xTaskGetSchedulerState)
    i.xTaskIncrementTick                     0x08005074   Section        0  tasks.o(i.xTaskIncrementTick)
    i.xTaskResumeAll                         0x0800513c   Section        0  tasks.o(i.xTaskResumeAll)
    .constdata                               0x08005200   Section      990  fonts.o(.constdata)
    .constdata                               0x080055e0   Section      440  freertos.o(.constdata)
    .constdata                               0x08005798   Section       64  system_stm32l4xx.o(.constdata)
    .constdata                               0x080057d8   Section        8  system_stm32l4xx.o(.constdata)
    .conststring                             0x080057e0   Section      264  freertos.o(.conststring)
    .data                                    0x20000000   Section        6  ssd1306.o(.data)
    .data                                    0x20000008   Section      232  freertos.o(.data)
    .data                                    0x200000f0   Section        4  stm32l4xx_hal.o(.data)
    .data                                    0x200000f4   Section        4  system_stm32l4xx.o(.data)
    .data                                    0x200000f8   Section       24  heap_4.o(.data)
    pxEnd                                    0x200000f8   Data           4  heap_4.o(.data)
    xFreeBytesRemaining                      0x200000fc   Data           4  heap_4.o(.data)
    xMinimumEverFreeBytesRemaining           0x20000100   Data           4  heap_4.o(.data)
    xBlockAllocatedBit                       0x20000104   Data           4  heap_4.o(.data)
    xStart                                   0x20000108   Data           8  heap_4.o(.data)
    .data                                    0x20000110   Section       12  port.o(.data)
    ucMaxSysCallPriority                     0x20000110   Data           1  port.o(.data)
    uxCriticalNesting                        0x20000114   Data           4  port.o(.data)
    ulMaxPRIGROUPValue                       0x20000118   Data           4  port.o(.data)
    .data                                    0x2000011c   Section       68  tasks.o(.data)
    uxDeletedTasksWaitingCleanUp             0x20000120   Data           4  tasks.o(.data)
    uxCurrentNumberOfTasks                   0x20000124   Data           4  tasks.o(.data)
    xTickCount                               0x20000128   Data           4  tasks.o(.data)
    uxTopReadyPriority                       0x2000012c   Data           4  tasks.o(.data)
    xSchedulerRunning                        0x20000130   Data           4  tasks.o(.data)
    uxPendedTicks                            0x20000134   Data           4  tasks.o(.data)
    xYieldPending                            0x20000138   Data           4  tasks.o(.data)
    xNumOfOverflows                          0x2000013c   Data           4  tasks.o(.data)
    uxTaskNumber                             0x20000140   Data           4  tasks.o(.data)
    xNextTaskUnblockTime                     0x20000144   Data           4  tasks.o(.data)
    xIdleTaskHandle                          0x20000148   Data           4  tasks.o(.data)
    uxSchedulerSuspended                     0x2000014c   Data           4  tasks.o(.data)
    ulTaskSwitchedInTime                     0x20000150   Data           4  tasks.o(.data)
    ulTotalRunTime                           0x20000154   Data           4  tasks.o(.data)
    pxDelayedTaskList                        0x20000158   Data           4  tasks.o(.data)
    pxOverflowDelayedTaskList                0x2000015c   Data           4  tasks.o(.data)
    .bss                                     0x20000160   Section      384  ssd1306.o(.bss)
    SSD1306_Buffer                           0x20000160   Data         384  ssd1306.o(.bss)
    .bss                                     0x200002e0   Section      180  adc.o(.bss)
    .bss                                     0x20000394   Section       20  dac.o(.bss)
    .bss                                     0x200003a8   Section     2368  freertos.o(.bss)
    .bss                                     0x20000ce8   Section      100  spi.o(.bss)
    .bss                                     0x20000d4c   Section      192  tim.o(.bss)
    .bss                                     0x20000e0c   Section      912  usart.o(.bss)
    .bss                                     0x2000119c   Section       64  stm32l4xx_hal_timebase_tim.o(.bss)
    .bss                                     0x200011dc   Section    35840  heap_4.o(.bss)
    ucHeap                                   0x200011dc   Data       35840  heap_4.o(.bss)
    .bss                                     0x20009ddc   Section      240  tasks.o(.bss)
    pxReadyTasksLists                        0x20009ddc   Data         140  tasks.o(.bss)
    xDelayedTaskList1                        0x20009e68   Data          20  tasks.o(.bss)
    xDelayedTaskList2                        0x20009e7c   Data          20  tasks.o(.bss)
    xPendingReadyList                        0x20009e90   Data          20  tasks.o(.bss)
    xTasksWaitingTermination                 0x20009ea4   Data          20  tasks.o(.bss)
    xSuspendedTaskList                       0x20009eb8   Data          20  tasks.o(.bss)
    STACK                                    0x20009ed0   Section     1024  startup_stm32l496xx.o(STACK)

    Global Symbols

    Symbol Name                              Value     Ov Type        Size  Object(Section)

    BuildAttributes$$THM_ISAv4$E$P$D$K$B$S$7EM$VFPi3$EXTD16$VFPS$VFMA$PE$A:L22UL41UL21$X:L11$S22US41US21$IEEE1$IW$USESV6$~STKCKD$USESV7$~SHL$OTIME$ROPI$IEEEJ$EBA8$MICROLIB$REQ8$PRES8$EABIv2 0x00000000   Number         0  anon$$obj.o ABSOLUTE
    __ARM_use_no_argv                        0x00000000   Number         0  main.o ABSOLUTE
    _printf_a                                0x00000000   Number         0  stubs.o ABSOLUTE
    _printf_c                                0x00000000   Number         0  stubs.o ABSOLUTE
    _printf_charcount                        0x00000000   Number         0  stubs.o ABSOLUTE
    _printf_d                                0x00000000   Number         0  stubs.o ABSOLUTE
    _printf_e                                0x00000000   Number         0  stubs.o ABSOLUTE
    _printf_f                                0x00000000   Number         0  stubs.o ABSOLUTE
    _printf_flags                            0x00000000   Number         0  stubs.o ABSOLUTE
    _printf_fp_dec                           0x00000000   Number         0  stubs.o ABSOLUTE
    _printf_fp_hex                           0x00000000   Number         0  stubs.o ABSOLUTE
    _printf_g                                0x00000000   Number         0  stubs.o ABSOLUTE
    _printf_i                                0x00000000   Number         0  stubs.o ABSOLUTE
    _printf_int_dec                          0x00000000   Number         0  stubs.o ABSOLUTE
    _printf_l                                0x00000000   Number         0  stubs.o ABSOLUTE
    _printf_lc                               0x00000000   Number         0  stubs.o ABSOLUTE
    _printf_ll                               0x00000000   Number         0  stubs.o ABSOLUTE
    _printf_lld                              0x00000000   Number         0  stubs.o ABSOLUTE
    _printf_lli                              0x00000000   Number         0  stubs.o ABSOLUTE
    _printf_llo                              0x00000000   Number         0  stubs.o ABSOLUTE
    _printf_llu                              0x00000000   Number         0  stubs.o ABSOLUTE
    _printf_llx                              0x00000000   Number         0  stubs.o ABSOLUTE
    _printf_longlong_dec                     0x00000000   Number         0  stubs.o ABSOLUTE
    _printf_longlong_hex                     0x00000000   Number         0  stubs.o ABSOLUTE
    _printf_longlong_oct                     0x00000000   Number         0  stubs.o ABSOLUTE
    _printf_ls                               0x00000000   Number         0  stubs.o ABSOLUTE
    _printf_mbtowc                           0x00000000   Number         0  stubs.o ABSOLUTE
    _printf_n                                0x00000000   Number         0  stubs.o ABSOLUTE
    _printf_o                                0x00000000   Number         0  stubs.o ABSOLUTE
    _printf_p                                0x00000000   Number         0  stubs.o ABSOLUTE
    _printf_percent                          0x00000000   Number         0  stubs.o ABSOLUTE
    _printf_pre_padding                      0x00000000   Number         0  stubs.o ABSOLUTE
    _printf_return_value                     0x00000000   Number         0  stubs.o ABSOLUTE
    _printf_s                                0x00000000   Number         0  stubs.o ABSOLUTE
    _printf_sizespec                         0x00000000   Number         0  stubs.o ABSOLUTE
    _printf_str                              0x00000000   Number         0  stubs.o ABSOLUTE
    _printf_truncate_signed                  0x00000000   Number         0  stubs.o ABSOLUTE
    _printf_truncate_unsigned                0x00000000   Number         0  stubs.o ABSOLUTE
    _printf_u                                0x00000000   Number         0  stubs.o ABSOLUTE
    _printf_wc                               0x00000000   Number         0  stubs.o ABSOLUTE
    _printf_wctomb                           0x00000000   Number         0  stubs.o ABSOLUTE
    _printf_widthprec                        0x00000000   Number         0  stubs.o ABSOLUTE
    _printf_x                                0x00000000   Number         0  stubs.o ABSOLUTE
    __cpp_initialize__aeabi_                  - Undefined Weak Reference
    __cxa_finalize                            - Undefined Weak Reference
    _clock_init                               - Undefined Weak Reference
    _microlib_exit                            - Undefined Weak Reference
    __Vectors_Size                           0x000001ac   Number         0  startup_stm32l496xx.o ABSOLUTE
    __Vectors                                0x08000000   Data           4  startup_stm32l496xx.o(RESET)
    __Vectors_End                            0x080001ac   Data           0  startup_stm32l496xx.o(RESET)
    __main                                   0x080001ad   Thumb Code     0  entry.o(.ARM.Collect$$$$00000000)
    _main_stk                                0x080001ad   Thumb Code     0  entry2.o(.ARM.Collect$$$$00000001)
    _main_scatterload                        0x080001b1   Thumb Code     0  entry5.o(.ARM.Collect$$$$00000004)
    __main_after_scatterload                 0x080001b5   Thumb Code     0  entry5.o(.ARM.Collect$$$$00000004)
    _main_clock                              0x080001b5   Thumb Code     0  entry7b.o(.ARM.Collect$$$$00000008)
    _main_cpp_init                           0x080001b5   Thumb Code     0  entry8b.o(.ARM.Collect$$$$0000000A)
    _main_init                               0x080001b5   Thumb Code     0  entry9a.o(.ARM.Collect$$$$0000000B)
    __rt_final_cpp                           0x080001bd   Thumb Code     0  entry10a.o(.ARM.Collect$$$$0000000D)
    __rt_final_exit                          0x080001bd   Thumb Code     0  entry11a.o(.ARM.Collect$$$$0000000F)
    SVC_Handler                              0x080001c1   Thumb Code    28  port.o(.emb_text)
    __asm___6_port_c_39a90d8d__prvStartFirstTask 0x080001e1   Thumb Code    28  port.o(.emb_text)
    __asm___6_port_c_39a90d8d__prvEnableVFP  0x08000201   Thumb Code    16  port.o(.emb_text)
    PendSV_Handler                           0x08000215   Thumb Code    92  port.o(.emb_text)
    vPortGetIPSR                             0x08000275   Thumb Code     6  port.o(.emb_text)
    Reset_Handler                            0x0800027d   Thumb Code     8  startup_stm32l496xx.o(.text)
    ADC1_2_IRQHandler                        0x08000297   Thumb Code     0  startup_stm32l496xx.o(.text)
    ADC3_IRQHandler                          0x08000297   Thumb Code     0  startup_stm32l496xx.o(.text)
    CAN1_RX0_IRQHandler                      0x08000297   Thumb Code     0  startup_stm32l496xx.o(.text)
    CAN1_RX1_IRQHandler                      0x08000297   Thumb Code     0  startup_stm32l496xx.o(.text)
    CAN1_SCE_IRQHandler                      0x08000297   Thumb Code     0  startup_stm32l496xx.o(.text)
    CAN1_TX_IRQHandler                       0x08000297   Thumb Code     0  startup_stm32l496xx.o(.text)
    CAN2_RX0_IRQHandler                      0x08000297   Thumb Code     0  startup_stm32l496xx.o(.text)
    CAN2_RX1_IRQHandler                      0x08000297   Thumb Code     0  startup_stm32l496xx.o(.text)
    CAN2_SCE_IRQHandler                      0x08000297   Thumb Code     0  startup_stm32l496xx.o(.text)
    CAN2_TX_IRQHandler                       0x08000297   Thumb Code     0  startup_stm32l496xx.o(.text)
    COMP_IRQHandler                          0x08000297   Thumb Code     0  startup_stm32l496xx.o(.text)
    CRS_IRQHandler                           0x08000297   Thumb Code     0  startup_stm32l496xx.o(.text)
    DCMI_IRQHandler                          0x08000297   Thumb Code     0  startup_stm32l496xx.o(.text)
    DFSDM1_FLT0_IRQHandler                   0x08000297   Thumb Code     0  startup_stm32l496xx.o(.text)
    DFSDM1_FLT1_IRQHandler                   0x08000297   Thumb Code     0  startup_stm32l496xx.o(.text)
    DFSDM1_FLT2_IRQHandler                   0x08000297   Thumb Code     0  startup_stm32l496xx.o(.text)
    DFSDM1_FLT3_IRQHandler                   0x08000297   Thumb Code     0  startup_stm32l496xx.o(.text)
    DMA2D_IRQHandler                         0x08000297   Thumb Code     0  startup_stm32l496xx.o(.text)
    DMA2_Channel1_IRQHandler                 0x08000297   Thumb Code     0  startup_stm32l496xx.o(.text)
    DMA2_Channel2_IRQHandler                 0x08000297   Thumb Code     0  startup_stm32l496xx.o(.text)
    DMA2_Channel3_IRQHandler                 0x08000297   Thumb Code     0  startup_stm32l496xx.o(.text)
    DMA2_Channel4_IRQHandler                 0x08000297   Thumb Code     0  startup_stm32l496xx.o(.text)
    DMA2_Channel5_IRQHandler                 0x08000297   Thumb Code     0  startup_stm32l496xx.o(.text)
    DMA2_Channel6_IRQHandler                 0x08000297   Thumb Code     0  startup_stm32l496xx.o(.text)
    DMA2_Channel7_IRQHandler                 0x08000297   Thumb Code     0  startup_stm32l496xx.o(.text)
    EXTI0_IRQHandler                         0x08000297   Thumb Code     0  startup_stm32l496xx.o(.text)
    EXTI15_10_IRQHandler                     0x08000297   Thumb Code     0  startup_stm32l496xx.o(.text)
    EXTI1_IRQHandler                         0x08000297   Thumb Code     0  startup_stm32l496xx.o(.text)
    EXTI2_IRQHandler                         0x08000297   Thumb Code     0  startup_stm32l496xx.o(.text)
    EXTI3_IRQHandler                         0x08000297   Thumb Code     0  startup_stm32l496xx.o(.text)
    EXTI4_IRQHandler                         0x08000297   Thumb Code     0  startup_stm32l496xx.o(.text)
    EXTI9_5_IRQHandler                       0x08000297   Thumb Code     0  startup_stm32l496xx.o(.text)
    FLASH_IRQHandler                         0x08000297   Thumb Code     0  startup_stm32l496xx.o(.text)
    FMC_IRQHandler                           0x08000297   Thumb Code     0  startup_stm32l496xx.o(.text)
    FPU_IRQHandler                           0x08000297   Thumb Code     0  startup_stm32l496xx.o(.text)
    I2C1_ER_IRQHandler                       0x08000297   Thumb Code     0  startup_stm32l496xx.o(.text)
    I2C1_EV_IRQHandler                       0x08000297   Thumb Code     0  startup_stm32l496xx.o(.text)
    I2C2_ER_IRQHandler                       0x08000297   Thumb Code     0  startup_stm32l496xx.o(.text)
    I2C2_EV_IRQHandler                       0x08000297   Thumb Code     0  startup_stm32l496xx.o(.text)
    I2C3_ER_IRQHandler                       0x08000297   Thumb Code     0  startup_stm32l496xx.o(.text)
    I2C3_EV_IRQHandler                       0x08000297   Thumb Code     0  startup_stm32l496xx.o(.text)
    I2C4_ER_IRQHandler                       0x08000297   Thumb Code     0  startup_stm32l496xx.o(.text)
    I2C4_EV_IRQHandler                       0x08000297   Thumb Code     0  startup_stm32l496xx.o(.text)
    LCD_IRQHandler                           0x08000297   Thumb Code     0  startup_stm32l496xx.o(.text)
    LPTIM1_IRQHandler                        0x08000297   Thumb Code     0  startup_stm32l496xx.o(.text)
    LPTIM2_IRQHandler                        0x08000297   Thumb Code     0  startup_stm32l496xx.o(.text)
    LPUART1_IRQHandler                       0x08000297   Thumb Code     0  startup_stm32l496xx.o(.text)
    OTG_FS_IRQHandler                        0x08000297   Thumb Code     0  startup_stm32l496xx.o(.text)
    PVD_PVM_IRQHandler                       0x08000297   Thumb Code     0  startup_stm32l496xx.o(.text)
    QUADSPI_IRQHandler                       0x08000297   Thumb Code     0  startup_stm32l496xx.o(.text)
    RCC_IRQHandler                           0x08000297   Thumb Code     0  startup_stm32l496xx.o(.text)
    RNG_IRQHandler                           0x08000297   Thumb Code     0  startup_stm32l496xx.o(.text)
    RTC_Alarm_IRQHandler                     0x08000297   Thumb Code     0  startup_stm32l496xx.o(.text)
    RTC_WKUP_IRQHandler                      0x08000297   Thumb Code     0  startup_stm32l496xx.o(.text)
    SAI1_IRQHandler                          0x08000297   Thumb Code     0  startup_stm32l496xx.o(.text)
    SAI2_IRQHandler                          0x08000297   Thumb Code     0  startup_stm32l496xx.o(.text)
    SDMMC1_IRQHandler                        0x08000297   Thumb Code     0  startup_stm32l496xx.o(.text)
    SPI1_IRQHandler                          0x08000297   Thumb Code     0  startup_stm32l496xx.o(.text)
    SPI2_IRQHandler                          0x08000297   Thumb Code     0  startup_stm32l496xx.o(.text)
    SPI3_IRQHandler                          0x08000297   Thumb Code     0  startup_stm32l496xx.o(.text)
    SWPMI1_IRQHandler                        0x08000297   Thumb Code     0  startup_stm32l496xx.o(.text)
    TAMP_STAMP_IRQHandler                    0x08000297   Thumb Code     0  startup_stm32l496xx.o(.text)
    TIM1_BRK_TIM15_IRQHandler                0x08000297   Thumb Code     0  startup_stm32l496xx.o(.text)
    TIM1_CC_IRQHandler                       0x08000297   Thumb Code     0  startup_stm32l496xx.o(.text)
    TIM1_TRG_COM_TIM17_IRQHandler            0x08000297   Thumb Code     0  startup_stm32l496xx.o(.text)
    TIM2_IRQHandler                          0x08000297   Thumb Code     0  startup_stm32l496xx.o(.text)
    TIM3_IRQHandler                          0x08000297   Thumb Code     0  startup_stm32l496xx.o(.text)
    TIM4_IRQHandler                          0x08000297   Thumb Code     0  startup_stm32l496xx.o(.text)
    TIM5_IRQHandler                          0x08000297   Thumb Code     0  startup_stm32l496xx.o(.text)
    TIM8_BRK_IRQHandler                      0x08000297   Thumb Code     0  startup_stm32l496xx.o(.text)
    TIM8_CC_IRQHandler                       0x08000297   Thumb Code     0  startup_stm32l496xx.o(.text)
    TIM8_TRG_COM_IRQHandler                  0x08000297   Thumb Code     0  startup_stm32l496xx.o(.text)
    TIM8_UP_IRQHandler                       0x08000297   Thumb Code     0  startup_stm32l496xx.o(.text)
    TSC_IRQHandler                           0x08000297   Thumb Code     0  startup_stm32l496xx.o(.text)
    UART4_IRQHandler                         0x08000297   Thumb Code     0  startup_stm32l496xx.o(.text)
    UART5_IRQHandler                         0x08000297   Thumb Code     0  startup_stm32l496xx.o(.text)
    WWDG_IRQHandler                          0x08000297   Thumb Code     0  startup_stm32l496xx.o(.text)
    __aeabi_uldivmod                         0x080002a1   Thumb Code    98  uldiv.o(.text)
    __aeabi_memcpy                           0x08000303   Thumb Code    36  memcpya.o(.text)
    __aeabi_memcpy4                          0x08000303   Thumb Code     0  memcpya.o(.text)
    __aeabi_memcpy8                          0x08000303   Thumb Code     0  memcpya.o(.text)
    __aeabi_llsl                             0x08000327   Thumb Code    30  llshl.o(.text)
    _ll_shift_l                              0x08000327   Thumb Code     0  llshl.o(.text)
    __aeabi_llsr                             0x08000345   Thumb Code    32  llushr.o(.text)
    _ll_ushift_r                             0x08000345   Thumb Code     0  llushr.o(.text)
    __scatterload                            0x08000365   Thumb Code    28  init.o(.text)
    __scatterload_rt2                        0x08000365   Thumb Code     0  init.o(.text)
    __decompress                             0x08000389   Thumb Code     0  __dczerorl.o(.text)
    __decompress0                            0x08000389   Thumb Code    58  __dczerorl.o(.text)
    ADC_supply_voltage                       0x080003c3   Thumb Code     8  freertos.o(i.ADC_supply_voltage)
    Acceleration_Task                        0x080003cb   Thumb Code     8  freertos.o(i.Acceleration_Task)
    BusFault_Handler                         0x080003d3   Thumb Code     2  stm32l4xx_it.o(i.BusFault_Handler)
    Button_Task                              0x080003d5   Thumb Code     8  freertos.o(i.Button_Task)
    DAC_Task                                 0x080003dd   Thumb Code     8  freertos.o(i.DAC_Task)
    DMA1_Channel1_IRQHandler                 0x080003e5   Thumb Code     6  stm32l4xx_it.o(i.DMA1_Channel1_IRQHandler)
    DMA1_Channel2_IRQHandler                 0x080003f1   Thumb Code     6  stm32l4xx_it.o(i.DMA1_Channel2_IRQHandler)
    DMA1_Channel3_IRQHandler                 0x080003fd   Thumb Code     6  stm32l4xx_it.o(i.DMA1_Channel3_IRQHandler)
    DMA1_Channel4_IRQHandler                 0x08000409   Thumb Code     6  stm32l4xx_it.o(i.DMA1_Channel4_IRQHandler)
    DMA1_Channel5_IRQHandler                 0x08000415   Thumb Code     6  stm32l4xx_it.o(i.DMA1_Channel5_IRQHandler)
    DMA1_Channel6_IRQHandler                 0x08000421   Thumb Code     6  stm32l4xx_it.o(i.DMA1_Channel6_IRQHandler)
    DMA1_Channel7_IRQHandler                 0x0800042d   Thumb Code     6  stm32l4xx_it.o(i.DMA1_Channel7_IRQHandler)
    Data_Storage_Task                        0x08000439   Thumb Code     8  freertos.o(i.Data_Storage_Task)
    DebugMon_Handler                         0x08000441   Thumb Code     2  stm32l4xx_it.o(i.DebugMon_Handler)
    Displacement_Task                        0x08000443   Thumb Code     8  freertos.o(i.Displacement_Task)
    Display_Task                             0x0800044b   Thumb Code    66  freertos.o(i.Display_Task)
    HAL_ADCEx_InjectedConfigChannel          0x0800048d   Thumb Code  1212  stm32l4xx_hal_adc_ex.o(i.HAL_ADCEx_InjectedConfigChannel)
    HAL_ADCEx_MultiModeConfigChannel         0x08000959   Thumb Code   226  stm32l4xx_hal_adc_ex.o(i.HAL_ADCEx_MultiModeConfigChannel)
    HAL_ADC_ConfigChannel                    0x08000a49   Thumb Code  1026  stm32l4xx_hal_adc.o(i.HAL_ADC_ConfigChannel)
    HAL_ADC_Init                             0x08000e79   Thumb Code   502  stm32l4xx_hal_adc.o(i.HAL_ADC_Init)
    HAL_ADC_MspInit                          0x08001095   Thumb Code   108  adc.o(i.HAL_ADC_MspInit)
    HAL_DACEx_DMAUnderrunCallbackCh2         0x08001121   Thumb Code     2  stm32l4xx_hal_dac_ex.o(i.HAL_DACEx_DMAUnderrunCallbackCh2)
    HAL_DAC_ConfigChannel                    0x08001125   Thumb Code   282  stm32l4xx_hal_dac.o(i.HAL_DAC_ConfigChannel)
    HAL_DAC_DMAUnderrunCallbackCh1           0x0800123f   Thumb Code     2  stm32l4xx_hal_dac.o(i.HAL_DAC_DMAUnderrunCallbackCh1)
    HAL_DAC_IRQHandler                       0x08001241   Thumb Code   104  stm32l4xx_hal_dac.o(i.HAL_DAC_IRQHandler)
    HAL_DAC_Init                             0x080012a9   Thumb Code    40  stm32l4xx_hal_dac.o(i.HAL_DAC_Init)
    HAL_DAC_MspInit                          0x080012d1   Thumb Code    72  dac.o(i.HAL_DAC_MspInit)
    HAL_DMA_Abort_IT                         0x08001321   Thumb Code    78  stm32l4xx_hal_dma.o(i.HAL_DMA_Abort_IT)
    HAL_DMA_IRQHandler                       0x0800136f   Thumb Code   186  stm32l4xx_hal_dma.o(i.HAL_DMA_IRQHandler)
    HAL_DMA_Init                             0x08001429   Thumb Code   178  stm32l4xx_hal_dma.o(i.HAL_DMA_Init)
    HAL_Delay                                0x080014e9   Thumb Code    28  stm32l4xx_hal.o(i.HAL_Delay)
    HAL_GPIO_Init                            0x08001505   Thumb Code   398  stm32l4xx_hal_gpio.o(i.HAL_GPIO_Init)
    HAL_GPIO_ReadPin                         0x080016bd   Thumb Code    10  stm32l4xx_hal_gpio.o(i.HAL_GPIO_ReadPin)
    HAL_GPIO_WritePin                        0x080016c7   Thumb Code    10  stm32l4xx_hal_gpio.o(i.HAL_GPIO_WritePin)
    HAL_GetTick                              0x080016d1   Thumb Code     6  stm32l4xx_hal.o(i.HAL_GetTick)
    HAL_IncTick                              0x080016dd   Thumb Code    10  stm32l4xx_hal.o(i.HAL_IncTick)
    HAL_Init                                 0x080016ed   Thumb Code    22  stm32l4xx_hal.o(i.HAL_Init)
    HAL_InitTick                             0x08001705   Thumb Code    98  stm32l4xx_hal_timebase_tim.o(i.HAL_InitTick)
    HAL_MspInit                              0x08001779   Thumb Code   122  stm32l4xx_hal_msp.o(i.HAL_MspInit)
    HAL_NVIC_EnableIRQ                       0x080017f9   Thumb Code    22  stm32l4xx_hal_cortex.o(i.HAL_NVIC_EnableIRQ)
    HAL_NVIC_SetPriority                     0x08001811   Thumb Code    60  stm32l4xx_hal_cortex.o(i.HAL_NVIC_SetPriority)
    HAL_NVIC_SetPriorityGrouping             0x08001851   Thumb Code    26  stm32l4xx_hal_cortex.o(i.HAL_NVIC_SetPriorityGrouping)
    HAL_PWREx_ControlVoltageScaling          0x08001875   Thumb Code    86  stm32l4xx_hal_pwr_ex.o(i.HAL_PWREx_ControlVoltageScaling)
    HAL_PWREx_GetVoltageRange                0x080018d9   Thumb Code    10  stm32l4xx_hal_pwr_ex.o(i.HAL_PWREx_GetVoltageRange)
    HAL_RCCEx_PeriphCLKConfig                0x080018e9   Thumb Code   954  stm32l4xx_hal_rcc_ex.o(i.HAL_RCCEx_PeriphCLKConfig)
    HAL_RCC_ClockConfig                      0x08001cad   Thumb Code   260  stm32l4xx_hal_rcc.o(i.HAL_RCC_ClockConfig)
    HAL_RCC_GetClockConfig                   0x08001dc1   Thumb Code    54  stm32l4xx_hal_rcc.o(i.HAL_RCC_GetClockConfig)
    HAL_RCC_GetHCLKFreq                      0x08001e01   Thumb Code     6  stm32l4xx_hal_rcc.o(i.HAL_RCC_GetHCLKFreq)
    HAL_RCC_GetPCLK1Freq                     0x08001e0d   Thumb Code    20  stm32l4xx_hal_rcc.o(i.HAL_RCC_GetPCLK1Freq)
    HAL_RCC_GetPCLK2Freq                     0x08001e2d   Thumb Code    20  stm32l4xx_hal_rcc.o(i.HAL_RCC_GetPCLK2Freq)
    HAL_RCC_GetSysClockFreq                  0x08001e4d   Thumb Code   182  stm32l4xx_hal_rcc.o(i.HAL_RCC_GetSysClockFreq)
    HAL_RCC_MCOConfig                        0x08001f11   Thumb Code    68  stm32l4xx_hal_rcc.o(i.HAL_RCC_MCOConfig)
    HAL_RCC_OscConfig                        0x08001f59   Thumb Code  1212  stm32l4xx_hal_rcc.o(i.HAL_RCC_OscConfig)
    HAL_RS485Ex_Init                         0x08002419   Thumb Code   136  stm32l4xx_hal_uart_ex.o(i.HAL_RS485Ex_Init)
    HAL_SPI_Init                             0x080024a5   Thumb Code   172  stm32l4xx_hal_spi.o(i.HAL_SPI_Init)
    HAL_SPI_MspInit                          0x08002551   Thumb Code    72  spi.o(i.HAL_SPI_MspInit)
    HAL_SPI_Transmit                         0x080025a9   Thumb Code   374  stm32l4xx_hal_spi.o(i.HAL_SPI_Transmit)
    HAL_SYSTICK_CLKSourceConfig              0x0800271f   Thumb Code    24  stm32l4xx_hal_cortex.o(i.HAL_SYSTICK_CLKSourceConfig)
    HAL_SYSTICK_Config                       0x08002737   Thumb Code    40  stm32l4xx_hal_cortex.o(i.HAL_SYSTICK_Config)
    HAL_TIMEx_Break2Callback                 0x0800275f   Thumb Code     2  stm32l4xx_hal_tim_ex.o(i.HAL_TIMEx_Break2Callback)
    HAL_TIMEx_BreakCallback                  0x08002761   Thumb Code     2  stm32l4xx_hal_tim_ex.o(i.HAL_TIMEx_BreakCallback)
    HAL_TIMEx_CommutationCallback            0x08002763   Thumb Code     2  stm32l4xx_hal_tim_ex.o(i.HAL_TIMEx_CommutationCallback)
    HAL_TIMEx_MasterConfigSynchronization    0x08002765   Thumb Code    88  stm32l4xx_hal_tim_ex.o(i.HAL_TIMEx_MasterConfigSynchronization)
    HAL_TIM_Base_Init                        0x080027c5   Thumb Code    54  stm32l4xx_hal_tim.o(i.HAL_TIM_Base_Init)
    HAL_TIM_Base_MspInit                     0x080027fd   Thumb Code   108  tim.o(i.HAL_TIM_Base_MspInit)
    HAL_TIM_Base_Start_IT                    0x08002875   Thumb Code    44  stm32l4xx_hal_tim.o(i.HAL_TIM_Base_Start_IT)
    HAL_TIM_ConfigClockSource                0x080028a5   Thumb Code   230  stm32l4xx_hal_tim.o(i.HAL_TIM_ConfigClockSource)
    HAL_TIM_IC_CaptureCallback               0x08002991   Thumb Code     2  stm32l4xx_hal_tim.o(i.HAL_TIM_IC_CaptureCallback)
    HAL_TIM_IRQHandler                       0x08002993   Thumb Code   388  stm32l4xx_hal_tim.o(i.HAL_TIM_IRQHandler)
    HAL_TIM_OC_DelayElapsedCallback          0x08002b17   Thumb Code     2  stm32l4xx_hal_tim.o(i.HAL_TIM_OC_DelayElapsedCallback)
    HAL_TIM_PWM_PulseFinishedCallback        0x08002b19   Thumb Code     2  stm32l4xx_hal_tim.o(i.HAL_TIM_PWM_PulseFinishedCallback)
    HAL_TIM_PeriodElapsedCallback            0x08002b1d   Thumb Code    14  main.o(i.HAL_TIM_PeriodElapsedCallback)
    HAL_TIM_TriggerCallback                  0x08002b31   Thumb Code     2  stm32l4xx_hal_tim.o(i.HAL_TIM_TriggerCallback)
    HAL_UARTEx_WakeupCallback                0x08002b33   Thumb Code     2  stm32l4xx_hal_uart_ex.o(i.HAL_UARTEx_WakeupCallback)
    HAL_UART_ErrorCallback                   0x08002b35   Thumb Code     2  stm32l4xx_hal_uart.o(i.HAL_UART_ErrorCallback)
    HAL_UART_IRQHandler                      0x08002b39   Thumb Code   320  stm32l4xx_hal_uart.o(i.HAL_UART_IRQHandler)
    HAL_UART_MspInit                         0x08002c7d   Thumb Code   680  usart.o(i.HAL_UART_MspInit)
    HAL_UART_TxCpltCallback                  0x08002f61   Thumb Code     2  stm32l4xx_hal_uart.o(i.HAL_UART_TxCpltCallback)
    HART_Receive_Task                        0x08002f63   Thumb Code     8  freertos.o(i.HART_Receive_Task)
    HART_Transmit_Task                       0x08002f6b   Thumb Code     8  freertos.o(i.HART_Transmit_Task)
    HardFault_Handler                        0x08002f73   Thumb Code     2  stm32l4xx_it.o(i.HardFault_Handler)
    Lights_Task                              0x08003051   Thumb Code     8  freertos.o(i.Lights_Task)
    MX_ADC1_Init                             0x08003059   Thumb Code   206  adc.o(i.MX_ADC1_Init)
    MX_DAC1_Init                             0x0800314d   Thumb Code    64  dac.o(i.MX_DAC1_Init)
    MX_DMA_Init                              0x080031a5   Thumb Code   136  dma.o(i.MX_DMA_Init)
    MX_FREERTOS_Init                         0x08003231   Thumb Code   492  freertos.o(i.MX_FREERTOS_Init)
    MX_GPIO_Init                             0x08003429   Thumb Code   270  gpio.o(i.MX_GPIO_Init)
    MX_SPI3_Init                             0x08003545   Thumb Code    76  spi.o(i.MX_SPI3_Init)
    MX_TIM2_Init                             0x080035a9   Thumb Code    96  tim.o(i.MX_TIM2_Init)
    MX_TIM6_Init                             0x0800361d   Thumb Code    64  tim.o(i.MX_TIM6_Init)
    MX_TIM7_Init                             0x08003675   Thumb Code    66  tim.o(i.MX_TIM7_Init)
    MX_UART5_Init                            0x080036d1   Thumb Code    60  usart.o(i.MX_UART5_Init)
    MX_USART1_UART_Init                      0x08003725   Thumb Code    68  usart.o(i.MX_USART1_UART_Init)
    MX_USART2_UART_Init                      0x08003781   Thumb Code    68  usart.o(i.MX_USART2_UART_Init)
    MX_USART3_UART_Init                      0x080037dd   Thumb Code    68  usart.o(i.MX_USART3_UART_Init)
    Master_Modbus_Receive                    0x08003839   Thumb Code     8  freertos.o(i.Master_Modbus_Receive)
    Master_Modbus_Transmit                   0x08003841   Thumb Code     8  freertos.o(i.Master_Modbus_Transmit)
    MemManage_Handler                        0x08003849   Thumb Code     2  stm32l4xx_it.o(i.MemManage_Handler)
    Modbus_Receive_Task                      0x0800384b   Thumb Code     8  freertos.o(i.Modbus_Receive_Task)
    Modbus_Transmit_Task                     0x08003853   Thumb Code     8  freertos.o(i.Modbus_Transmit_Task)
    NMI_Handler                              0x0800385b   Thumb Code     2  stm32l4xx_it.o(i.NMI_Handler)
    Q_Average_A                              0x0800387d   Thumb Code     8  freertos.o(i.Q_Average_A)
    Q_Average_D                              0x08003885   Thumb Code     8  freertos.o(i.Q_Average_D)
    Q_Average_V                              0x0800388d   Thumb Code     8  freertos.o(i.Q_Average_V)
    Relay_1_Task                             0x08003b45   Thumb Code     8  freertos.o(i.Relay_1_Task)
    Relay_2_Task                             0x08003b4d   Thumb Code     8  freertos.o(i.Relay_2_Task)
    StartDefaultTask                         0x08003cd1   Thumb Code    50  freertos.o(i.StartDefaultTask)
    SysTick_Handler                          0x08003d09   Thumb Code     4  stm32l4xx_it.o(i.SysTick_Handler)
    SystemClock_Config                       0x08003d0d   Thumb Code   196  main.o(i.SystemClock_Config)
    SystemInit                               0x08003dd1   Thumb Code    56  system_stm32l4xx.o(i.SystemInit)
    TIM1_UP_TIM16_IRQHandler                 0x08003e15   Thumb Code     6  stm32l4xx_it.o(i.TIM1_UP_TIM16_IRQHandler)
    TIM6_DAC_IRQHandler                      0x08003e21   Thumb Code    18  stm32l4xx_it.o(i.TIM6_DAC_IRQHandler)
    TIM7_IRQHandler                          0x08003e3d   Thumb Code     6  stm32l4xx_it.o(i.TIM7_IRQHandler)
    TIM_Base_SetConfig                       0x08003e49   Thumb Code   160  stm32l4xx_hal_tim.o(i.TIM_Base_SetConfig)
    TIM_ETR_SetConfig                        0x08003f09   Thumb Code    20  stm32l4xx_hal_tim.o(i.TIM_ETR_SetConfig)
    TriggerLogic_Task                        0x08003f73   Thumb Code     8  freertos.o(i.TriggerLogic_Task)
    UART_AdvFeatureConfig                    0x08003f7b   Thumb Code   200  stm32l4xx_hal_uart.o(i.UART_AdvFeatureConfig)
    UART_CheckIdleState                      0x08004043   Thumb Code    92  stm32l4xx_hal_uart.o(i.UART_CheckIdleState)
    UART_SetConfig                           0x080040d5   Thumb Code   622  stm32l4xx_hal_uart.o(i.UART_SetConfig)
    UART_WaitOnFlagUntilTimeout              0x08004375   Thumb Code   100  stm32l4xx_hal_uart.o(i.UART_WaitOnFlagUntilTimeout)
    USART1_IRQHandler                        0x080043d9   Thumb Code     6  stm32l4xx_it.o(i.USART1_IRQHandler)
    USART2_IRQHandler                        0x080043e5   Thumb Code     6  stm32l4xx_it.o(i.USART2_IRQHandler)
    USART3_IRQHandler                        0x080043f1   Thumb Code     6  stm32l4xx_it.o(i.USART3_IRQHandler)
    UsageFault_Handler                       0x080043fd   Thumb Code     2  stm32l4xx_it.o(i.UsageFault_Handler)
    Velocity_Task                            0x080043ff   Thumb Code     8  freertos.o(i.Velocity_Task)
    _Error_Handler                           0x08004407   Thumb Code     2  main.o(i._Error_Handler)
    __scatterload_copy                       0x08004409   Thumb Code    14  handlers.o(i.__scatterload_copy)
    __scatterload_null                       0x08004417   Thumb Code     2  handlers.o(i.__scatterload_null)
    __scatterload_zeroinit                   0x08004419   Thumb Code    14  handlers.o(i.__scatterload_zeroinit)
    check_logo                               0x08004429   Thumb Code    56  ssd1306.o(i.check_logo)
    configureTimerForRunTimeStats            0x08004465   Thumb Code     2  freertos.o(i.configureTimerForRunTimeStats)
    getRunTimeCounterValue                   0x08004467   Thumb Code     4  freertos.o(i.getRunTimeCounterValue)
    init_menu                                0x0800446d   Thumb Code   162  freertos.o(i.init_menu)
    logo                                     0x0800451d   Thumb Code    56  ssd1306.o(i.logo)
    main                                     0x08004559   Thumb Code    66  main.o(i.main)
    osDelay                                  0x080045a7   Thumb Code    14  cmsis_os.o(i.osDelay)
    osKernelStart                            0x080045b5   Thumb Code    10  cmsis_os.o(i.osKernelStart)
    osSystickHandler                         0x080045bf   Thumb Code    20  cmsis_os.o(i.osSystickHandler)
    osThreadCreate                           0x080045d3   Thumb Code    46  cmsis_os.o(i.osThreadCreate)
    pvPortMalloc                             0x08004941   Thumb Code   210  heap_4.o(i.pvPortMalloc)
    pxPortInitialiseStack                    0x08004a19   Thumb Code    40  port.o(i.pxPortInitialiseStack)
    ssd1306_DrawPixel                        0x08004a45   Thumb Code    54  ssd1306.o(i.ssd1306_DrawPixel)
    ssd1306_Fill                             0x08004a85   Thumb Code    28  ssd1306.o(i.ssd1306_Fill)
    ssd1306_Init                             0x08004aa5   Thumb Code   206  ssd1306.o(i.ssd1306_Init)
    ssd1306_UpdateScreen                     0x08004b7d   Thumb Code    90  ssd1306.o(i.ssd1306_UpdateScreen)
    uxListRemove                             0x08004c31   Thumb Code    36  list.o(i.uxListRemove)
    vApplicationIdleHook                     0x08004c55   Thumb Code     2  freertos.o(i.vApplicationIdleHook)
    vApplicationStackOverflowHook            0x08004c57   Thumb Code     2  freertos.o(i.vApplicationStackOverflowHook)
    vListInitialise                          0x08004c59   Thumb Code    22  list.o(i.vListInitialise)
    vListInitialiseItem                      0x08004c6f   Thumb Code     6  list.o(i.vListInitialiseItem)
    vListInsert                              0x08004c75   Thumb Code    48  list.o(i.vListInsert)
    vListInsertEnd                           0x08004ca5   Thumb Code    24  list.o(i.vListInsertEnd)
    vPortEnterCritical                       0x08004cbd   Thumb Code    54  port.o(i.vPortEnterCritical)
    vPortExitCritical                        0x08004cfd   Thumb Code    34  port.o(i.vPortExitCritical)
    vPortFree                                0x08004d25   Thumb Code    88  heap_4.o(i.vPortFree)
    vPortSetupTimerInterrupt                 0x08004d81   Thumb Code    26  port.o(i.vPortSetupTimerInterrupt)
    vTaskDelay                               0x08004da1   Thumb Code    66  tasks.o(i.vTaskDelay)
    vTaskStartScheduler                      0x08004ded   Thumb Code    90  tasks.o(i.vTaskStartScheduler)
    vTaskSuspendAll                          0x08004e59   Thumb Code    10  tasks.o(i.vTaskSuspendAll)
    vTaskSwitchContext                       0x08004e69   Thumb Code   130  tasks.o(i.vTaskSwitchContext)
    xPortStartScheduler                      0x08004ef5   Thumb Code   202  port.o(i.xPortStartScheduler)
    xPortSysTickHandler                      0x08004fd5   Thumb Code    38  port.o(i.xPortSysTickHandler)
    xTaskCreate                              0x08005001   Thumb Code    86  tasks.o(i.xTaskCreate)
    xTaskGetSchedulerState                   0x08005059   Thumb Code    22  tasks.o(i.xTaskGetSchedulerState)
    xTaskIncrementTick                       0x08005075   Thumb Code   192  tasks.o(i.xTaskIncrementTick)
    xTaskResumeAll                           0x0800513d   Thumb Code   182  tasks.o(i.xTaskResumeAll)
    tik_logo2                                0x08005200   Data         990  fonts.o(.constdata)
    AHBPrescTable                            0x08005798   Data          16  system_stm32l4xx.o(.constdata)
    MSIRangeTable                            0x080057a8   Data          48  system_stm32l4xx.o(.constdata)
    APBPrescTable                            0x080057d8   Data           8  system_stm32l4xx.o(.constdata)
    Region$$Table$$Base                      0x080058e8   Number         0  anon$$obj.o(Region$$Table)
    Region$$Table$$Limit                     0x08005908   Number         0  anon$$obj.o(Region$$Table)
    SSD1306                                  0x20000000   Data           6  ssd1306.o(.data)
    filter_mode_icp                          0x20000008   Data           1  freertos.o(.data)
    button_up_pressed_in                     0x20000009   Data           1  freertos.o(.data)
    button_down_pressed_in                   0x2000000a   Data           1  freertos.o(.data)
    temp_str                                 0x2000000b   Data           1  freertos.o(.data)
    digit_rank                               0x2000000c   Data           1  freertos.o(.data)
    temp_stat_1                              0x2000000d   Data           1  freertos.o(.data)
    config_mode                              0x2000000e   Data           1  freertos.o(.data)
    iter                                     0x2000000f   Data           1  freertos.o(.data)
    old_turnover_front                       0x20000010   Data           1  freertos.o(.data)
    turnover_front                           0x20000011   Data           1  freertos.o(.data)
    mode_relay                               0x20000012   Data           2  freertos.o(.data)
    delay_relay                              0x20000014   Data           2  freertos.o(.data)
    delay_relay_exit                         0x20000016   Data           2  freertos.o(.data)
    slave_adr                                0x20000018   Data           2  freertos.o(.data)
    warming_up                               0x2000001a   Data           2  freertos.o(.data)
    menu_index                               0x2000001c   Data           2  freertos.o(.data)
    menu_index_pointer                       0x2000001e   Data           2  freertos.o(.data)
    menu_horizontal                          0x20000020   Data           2  freertos.o(.data)
    channel_ICP_ON                           0x20000022   Data           2  freertos.o(.data)
    channel_4_20_ON                          0x20000024   Data           2  freertos.o(.data)
    channel_485_ON                           0x20000026   Data           2  freertos.o(.data)
    number_of_items_in_the_menu              0x20000028   Data           2  freertos.o(.data)
    icp_menu_points_for_showing              0x2000002a   Data           2  freertos.o(.data)
    pass_count                               0x2000002c   Data           2  freertos.o(.data)
    summa_iter                               0x2000002e   Data           2  freertos.o(.data)
    impulse_sign                             0x20000030   Data           2  freertos.o(.data)
    hysteresis_TOC                           0x20000032   Data           2  freertos.o(.data)
    hi_warning_icp                           0x20000034   Data           4  freertos.o(.data)
    hi_emerg_icp                             0x20000038   Data           4  freertos.o(.data)
    lo_warning_420                           0x2000003c   Data           4  freertos.o(.data)
    hi_warning_420                           0x20000040   Data           4  freertos.o(.data)
    lo_emerg_420                             0x20000044   Data           4  freertos.o(.data)
    hi_emerg_420                             0x20000048   Data           4  freertos.o(.data)
    up_user_range_4_20                       0x2000004c   Data           4  freertos.o(.data)
    down_user_range_4_20                     0x20000050   Data           4  freertos.o(.data)
    baud_rate_uart_2                         0x20000054   Data           4  freertos.o(.data)
    baud_rate_uart_3                         0x20000058   Data           4  freertos.o(.data)
    fractpart                                0x2000005c   Data           4  freertos.o(.data)
    turnover_count_1s                        0x20000060   Data           4  freertos.o(.data)
    turnover_count_60s                       0x20000064   Data           4  freertos.o(.data)
    common_level_TOC                         0x20000068   Data           4  freertos.o(.data)
    mean_level_TOC                           0x2000006c   Data           4  freertos.o(.data)
    level_summa_TOC                          0x20000070   Data           4  freertos.o(.data)
    defaultTaskHandle                        0x20000074   Data           4  freertos.o(.data)
    myTask02Handle                           0x20000078   Data           4  freertos.o(.data)
    myTask03Handle                           0x2000007c   Data           4  freertos.o(.data)
    myTask04Handle                           0x20000080   Data           4  freertos.o(.data)
    myTask05Handle                           0x20000084   Data           4  freertos.o(.data)
    myTask06Handle                           0x20000088   Data           4  freertos.o(.data)
    myTask07Handle                           0x2000008c   Data           4  freertos.o(.data)
    myTask08Handle                           0x20000090   Data           4  freertos.o(.data)
    myTask09Handle                           0x20000094   Data           4  freertos.o(.data)
    myTask10Handle                           0x20000098   Data           4  freertos.o(.data)
    myTask11Handle                           0x2000009c   Data           4  freertos.o(.data)
    myTask12Handle                           0x200000a0   Data           4  freertos.o(.data)
    myTask13Handle                           0x200000a4   Data           4  freertos.o(.data)
    myTask14Handle                           0x200000a8   Data           4  freertos.o(.data)
    myTask15Handle                           0x200000ac   Data           4  freertos.o(.data)
    myTask16Handle                           0x200000b0   Data           4  freertos.o(.data)
    myTask17Handle                           0x200000b4   Data           4  freertos.o(.data)
    myTask18Handle                           0x200000b8   Data           4  freertos.o(.data)
    myTask19Handle                           0x200000bc   Data           4  freertos.o(.data)
    myTask20Handle                           0x200000c0   Data           4  freertos.o(.data)
    myTask21Handle                           0x200000c4   Data           4  freertos.o(.data)
    myTask22Handle                           0x200000c8   Data           4  freertos.o(.data)
    big_points_counter                       0x200000d0   Data           8  freertos.o(.data)
    small_points_counter                     0x200000d8   Data           8  freertos.o(.data)
    difference_points_counter                0x200000e0   Data           8  freertos.o(.data)
    intpart                                  0x200000e8   Data           8  freertos.o(.data)
    uwTick                                   0x200000f0   Data           4  stm32l4xx_hal.o(.data)
    SystemCoreClock                          0x200000f4   Data           4  system_stm32l4xx.o(.data)
    pxCurrentTCB                             0x2000011c   Data           4  tasks.o(.data)
    hadc1                                    0x200002e0   Data         108  adc.o(.bss)
    hdma_adc1                                0x2000034c   Data          72  adc.o(.bss)
    hdac1                                    0x20000394   Data          20  dac.o(.bss)
    settings                                 0x200003a8   Data        1888  freertos.o(.bss)
    menu_index_array                         0x20000b08   Data          14  freertos.o(.bss)
    buffer                                   0x20000b16   Data          64  freertos.o(.bss)
    turnover_summa                           0x20000b58   Data         400  freertos.o(.bss)
    hspi3                                    0x20000ce8   Data         100  spi.o(.bss)
    htim2                                    0x20000d4c   Data          64  tim.o(.bss)
    htim6                                    0x20000d8c   Data          64  tim.o(.bss)
    htim7                                    0x20000dcc   Data          64  tim.o(.bss)
    huart5                                   0x20000e0c   Data         120  usart.o(.bss)
    huart1                                   0x20000e84   Data         120  usart.o(.bss)
    huart2                                   0x20000efc   Data         120  usart.o(.bss)
    huart3                                   0x20000f74   Data         120  usart.o(.bss)
    hdma_usart1_rx                           0x20000fec   Data          72  usart.o(.bss)
    hdma_usart1_tx                           0x20001034   Data          72  usart.o(.bss)
    hdma_usart2_rx                           0x2000107c   Data          72  usart.o(.bss)
    hdma_usart2_tx                           0x200010c4   Data          72  usart.o(.bss)
    hdma_usart3_rx                           0x2000110c   Data          72  usart.o(.bss)
    hdma_usart3_tx                           0x20001154   Data          72  usart.o(.bss)
    htim1                                    0x2000119c   Data          64  stm32l4xx_hal_timebase_tim.o(.bss)
    __initial_sp                             0x2000a2d0   Data           0  startup_stm32l496xx.o(STACK)



==============================================================================

Memory Map of the image

  Image Entry point : 0x080001ad

  Load Region LR_IROM1 (Base: 0x08000000, Size: 0x00005a68, Max: 0x00100000, ABSOLUTE, COMPRESSED[0x00005914])

    Execution Region ER_IROM1 (Base: 0x08000000, Size: 0x00005908, Max: 0x00100000, ABSOLUTE)

    Base Addr    Size         Type   Attr      Idx    E Section Name        Object

    0x08000000   0x000001ac   Data   RO            3    RESET               startup_stm32l496xx.o
    0x080001ac   0x00000000   Code   RO         7110  * .ARM.Collect$$$$00000000  mc_w.l(entry.o)
    0x080001ac   0x00000004   Code   RO         7392    .ARM.Collect$$$$00000001  mc_w.l(entry2.o)
    0x080001b0   0x00000004   Code   RO         7395    .ARM.Collect$$$$00000004  mc_w.l(entry5.o)
    0x080001b4   0x00000000   Code   RO         7397    .ARM.Collect$$$$00000008  mc_w.l(entry7b.o)
    0x080001b4   0x00000000   Code   RO         7399    .ARM.Collect$$$$0000000A  mc_w.l(entry8b.o)
    0x080001b4   0x00000008   Code   RO         7400    .ARM.Collect$$$$0000000B  mc_w.l(entry9a.o)
    0x080001bc   0x00000000   Code   RO         7402    .ARM.Collect$$$$0000000D  mc_w.l(entry10a.o)
    0x080001bc   0x00000000   Code   RO         7404    .ARM.Collect$$$$0000000F  mc_w.l(entry11a.o)
    0x080001bc   0x00000004   Code   RO         7393    .ARM.Collect$$$$00002712  mc_w.l(entry2.o)
    0x080001c0   0x000000ba   Code   RO         6022    .emb_text           port.o
    0x0800027a   0x00000002   PAD
    0x0800027c   0x00000024   Code   RO            4    .text               startup_stm32l496xx.o
    0x080002a0   0x00000062   Code   RO         7113    .text               mc_w.l(uldiv.o)
    0x08000302   0x00000024   Code   RO         7115    .text               mc_w.l(memcpya.o)
    0x08000326   0x0000001e   Code   RO         7411    .text               mc_w.l(llshl.o)
    0x08000344   0x00000020   Code   RO         7413    .text               mc_w.l(llushr.o)
    0x08000364   0x00000024   Code   RO         7430    .text               mc_w.l(init.o)
    0x08000388   0x0000003a   Code   RO         7442    .text               mc_w.l(__dczerorl.o)
    0x080003c2   0x00000008   Code   RO          820    i.ADC_supply_voltage  freertos.o
    0x080003ca   0x00000008   Code   RO          821    i.Acceleration_Task  freertos.o
    0x080003d2   0x00000002   Code   RO         1449    i.BusFault_Handler  stm32l4xx_it.o
    0x080003d4   0x00000008   Code   RO          822    i.Button_Task       freertos.o
    0x080003dc   0x00000008   Code   RO          823    i.DAC_Task          freertos.o
    0x080003e4   0x0000000c   Code   RO         1450    i.DMA1_Channel1_IRQHandler  stm32l4xx_it.o
    0x080003f0   0x0000000c   Code   RO         1451    i.DMA1_Channel2_IRQHandler  stm32l4xx_it.o
    0x080003fc   0x0000000c   Code   RO         1452    i.DMA1_Channel3_IRQHandler  stm32l4xx_it.o
    0x08000408   0x0000000c   Code   RO         1453    i.DMA1_Channel4_IRQHandler  stm32l4xx_it.o
    0x08000414   0x0000000c   Code   RO         1454    i.DMA1_Channel5_IRQHandler  stm32l4xx_it.o
    0x08000420   0x0000000c   Code   RO         1455    i.DMA1_Channel6_IRQHandler  stm32l4xx_it.o
    0x0800042c   0x0000000c   Code   RO         1456    i.DMA1_Channel7_IRQHandler  stm32l4xx_it.o
    0x08000438   0x00000008   Code   RO          824    i.Data_Storage_Task  freertos.o
    0x08000440   0x00000002   Code   RO         1457    i.DebugMon_Handler  stm32l4xx_it.o
    0x08000442   0x00000008   Code   RO          825    i.Displacement_Task  freertos.o
    0x0800044a   0x00000042   Code   RO          826    i.Display_Task      freertos.o
    0x0800048c   0x000004cc   Code   RO         1882    i.HAL_ADCEx_InjectedConfigChannel  stm32l4xx_hal_adc_ex.o
    0x08000958   0x000000f0   Code   RO         1893    i.HAL_ADCEx_MultiModeConfigChannel  stm32l4xx_hal_adc_ex.o
    0x08000a48   0x00000430   Code   RO         1662    i.HAL_ADC_ConfigChannel  stm32l4xx_hal_adc.o
    0x08000e78   0x0000021c   Code   RO         1671    i.HAL_ADC_Init      stm32l4xx_hal_adc.o
    0x08001094   0x0000008c   Code   RO          713    i.HAL_ADC_MspInit   adc.o
    0x08001120   0x00000002   Code   RO         2228    i.HAL_DACEx_DMAUnderrunCallbackCh2  stm32l4xx_hal_dac_ex.o
    0x08001122   0x00000002   PAD
    0x08001124   0x0000011a   Code   RO         2085    i.HAL_DAC_ConfigChannel  stm32l4xx_hal_dac.o
    0x0800123e   0x00000002   Code   RO         2088    i.HAL_DAC_DMAUnderrunCallbackCh1  stm32l4xx_hal_dac.o
    0x08001240   0x00000068   Code   RO         2094    i.HAL_DAC_IRQHandler  stm32l4xx_hal_dac.o
    0x080012a8   0x00000028   Code   RO         2095    i.HAL_DAC_Init      stm32l4xx_hal_dac.o
    0x080012d0   0x00000050   Code   RO          755    i.HAL_DAC_MspInit   dac.o
    0x08001320   0x0000004e   Code   RO         5293    i.HAL_DMA_Abort_IT  stm32l4xx_hal_dma.o
    0x0800136e   0x000000ba   Code   RO         5297    i.HAL_DMA_IRQHandler  stm32l4xx_hal_dma.o
    0x08001428   0x000000c0   Code   RO         5298    i.HAL_DMA_Init      stm32l4xx_hal_dma.o
    0x080014e8   0x0000001c   Code   RO         4003    i.HAL_Delay         stm32l4xx_hal.o
    0x08001504   0x000001b8   Code   RO         5228    i.HAL_GPIO_Init     stm32l4xx_hal_gpio.o
    0x080016bc   0x0000000a   Code   RO         5230    i.HAL_GPIO_ReadPin  stm32l4xx_hal_gpio.o
    0x080016c6   0x0000000a   Code   RO         5232    i.HAL_GPIO_WritePin  stm32l4xx_hal_gpio.o
    0x080016d0   0x0000000c   Code   RO         4007    i.HAL_GetTick       stm32l4xx_hal.o
    0x080016dc   0x00000010   Code   RO         4011    i.HAL_IncTick       stm32l4xx_hal.o
    0x080016ec   0x00000016   Code   RO         4012    i.HAL_Init          stm32l4xx_hal.o
    0x08001702   0x00000002   PAD
    0x08001704   0x00000074   Code   RO         1615    i.HAL_InitTick      stm32l4xx_hal_timebase_tim.o
    0x08001778   0x00000080   Code   RO         1591    i.HAL_MspInit       stm32l4xx_hal_msp.o
    0x080017f8   0x00000016   Code   RO         5769    i.HAL_NVIC_EnableIRQ  stm32l4xx_hal_cortex.o
    0x0800180e   0x00000002   PAD
    0x08001810   0x00000040   Code   RO         5775    i.HAL_NVIC_SetPriority  stm32l4xx_hal_cortex.o
    0x08001850   0x00000024   Code   RO         5776    i.HAL_NVIC_SetPriorityGrouping  stm32l4xx_hal_cortex.o
    0x08001874   0x00000064   Code   RO         5519    i.HAL_PWREx_ControlVoltageScaling  stm32l4xx_hal_pwr_ex.o
    0x080018d8   0x00000010   Code   RO         5550    i.HAL_PWREx_GetVoltageRange  stm32l4xx_hal_pwr_ex.o
    0x080018e8   0x000003c4   Code   RO         4845    i.HAL_RCCEx_PeriphCLKConfig  stm32l4xx_hal_rcc_ex.o
    0x08001cac   0x00000114   Code   RO         4721    i.HAL_RCC_ClockConfig  stm32l4xx_hal_rcc.o
    0x08001dc0   0x00000040   Code   RO         4724    i.HAL_RCC_GetClockConfig  stm32l4xx_hal_rcc.o
    0x08001e00   0x0000000c   Code   RO         4725    i.HAL_RCC_GetHCLKFreq  stm32l4xx_hal_rcc.o
    0x08001e0c   0x00000020   Code   RO         4727    i.HAL_RCC_GetPCLK1Freq  stm32l4xx_hal_rcc.o
    0x08001e2c   0x00000020   Code   RO         4728    i.HAL_RCC_GetPCLK2Freq  stm32l4xx_hal_rcc.o
    0x08001e4c   0x000000c4   Code   RO         4729    i.HAL_RCC_GetSysClockFreq  stm32l4xx_hal_rcc.o
    0x08001f10   0x00000048   Code   RO         4730    i.HAL_RCC_MCOConfig  stm32l4xx_hal_rcc.o
    0x08001f58   0x000004c0   Code   RO         4732    i.HAL_RCC_OscConfig  stm32l4xx_hal_rcc.o
    0x08002418   0x0000008c   Code   RO         3931    i.HAL_RS485Ex_Init  stm32l4xx_hal_uart_ex.o
    0x080024a4   0x000000ac   Code   RO         2336    i.HAL_SPI_Init      stm32l4xx_hal_spi.o
    0x08002550   0x00000058   Code   RO         1294    i.HAL_SPI_MspInit   spi.o
    0x080025a8   0x00000176   Code   RO         2344    i.HAL_SPI_Transmit  stm32l4xx_hal_spi.o
    0x0800271e   0x00000018   Code   RO         5778    i.HAL_SYSTICK_CLKSourceConfig  stm32l4xx_hal_cortex.o
    0x08002736   0x00000028   Code   RO         5780    i.HAL_SYSTICK_Config  stm32l4xx_hal_cortex.o
    0x0800275e   0x00000002   Code   RO         3317    i.HAL_TIMEx_Break2Callback  stm32l4xx_hal_tim_ex.o
    0x08002760   0x00000002   Code   RO         3318    i.HAL_TIMEx_BreakCallback  stm32l4xx_hal_tim_ex.o
    0x08002762   0x00000002   Code   RO         3319    i.HAL_TIMEx_CommutationCallback  stm32l4xx_hal_tim_ex.o
    0x08002764   0x00000060   Code   RO         3337    i.HAL_TIMEx_MasterConfigSynchronization  stm32l4xx_hal_tim_ex.o
    0x080027c4   0x00000036   Code   RO         2678    i.HAL_TIM_Base_Init  stm32l4xx_hal_tim.o
    0x080027fa   0x00000002   PAD
    0x080027fc   0x00000078   Code   RO         1336    i.HAL_TIM_Base_MspInit  tim.o
    0x08002874   0x00000030   Code   RO         2683    i.HAL_TIM_Base_Start_IT  stm32l4xx_hal_tim.o
    0x080028a4   0x000000ec   Code   RO         2687    i.HAL_TIM_ConfigClockSource  stm32l4xx_hal_tim.o
    0x08002990   0x00000002   Code   RO         2707    i.HAL_TIM_IC_CaptureCallback  stm32l4xx_hal_tim.o
    0x08002992   0x00000184   Code   RO         2720    i.HAL_TIM_IRQHandler  stm32l4xx_hal_tim.o
    0x08002b16   0x00000002   Code   RO         2723    i.HAL_TIM_OC_DelayElapsedCallback  stm32l4xx_hal_tim.o
    0x08002b18   0x00000002   Code   RO         2750    i.HAL_TIM_PWM_PulseFinishedCallback  stm32l4xx_hal_tim.o
    0x08002b1a   0x00000002   PAD
    0x08002b1c   0x00000014   Code   RO          580    i.HAL_TIM_PeriodElapsedCallback  main.o
    0x08002b30   0x00000002   Code   RO         2761    i.HAL_TIM_TriggerCallback  stm32l4xx_hal_tim.o
    0x08002b32   0x00000002   Code   RO         3937    i.HAL_UARTEx_WakeupCallback  stm32l4xx_hal_uart_ex.o
    0x08002b34   0x00000002   Code   RO         3596    i.HAL_UART_ErrorCallback  stm32l4xx_hal_uart.o
    0x08002b36   0x00000002   PAD
    0x08002b38   0x00000144   Code   RO         3599    i.HAL_UART_IRQHandler  stm32l4xx_hal_uart.o
    0x08002c7c   0x000002e4   Code   RO         1390    i.HAL_UART_MspInit  usart.o
    0x08002f60   0x00000002   Code   RO         3611    i.HAL_UART_TxCpltCallback  stm32l4xx_hal_uart.o
    0x08002f62   0x00000008   Code   RO          827    i.HART_Receive_Task  freertos.o
    0x08002f6a   0x00000008   Code   RO          828    i.HART_Transmit_Task  freertos.o
    0x08002f72   0x00000002   Code   RO         1458    i.HardFault_Handler  stm32l4xx_it.o
    0x08002f74   0x0000000c   Code   RO         1684    i.LL_ADC_GetOffsetChannel  stm32l4xx_hal_adc.o
    0x08002f80   0x0000000c   Code   RO         1901    i.LL_ADC_GetOffsetChannel  stm32l4xx_hal_adc_ex.o
    0x08002f8c   0x00000008   Code   RO         1902    i.LL_ADC_INJ_IsConversionOngoing  stm32l4xx_hal_adc_ex.o
    0x08002f94   0x00000008   Code   RO         1685    i.LL_ADC_REG_IsConversionOngoing  stm32l4xx_hal_adc.o
    0x08002f9c   0x00000008   Code   RO         1903    i.LL_ADC_REG_IsConversionOngoing  stm32l4xx_hal_adc_ex.o
    0x08002fa4   0x00000046   Code   RO         1687    i.LL_ADC_SetChannelSamplingTime  stm32l4xx_hal_adc.o
    0x08002fea   0x00000046   Code   RO         1904    i.LL_ADC_SetChannelSamplingTime  stm32l4xx_hal_adc_ex.o
    0x08003030   0x00000010   Code   RO         1688    i.LL_ADC_SetOffsetState  stm32l4xx_hal_adc.o
    0x08003040   0x00000010   Code   RO         1905    i.LL_ADC_SetOffsetState  stm32l4xx_hal_adc_ex.o
    0x08003050   0x00000008   Code   RO          829    i.Lights_Task       freertos.o
    0x08003058   0x000000f4   Code   RO          714    i.MX_ADC1_Init      adc.o
    0x0800314c   0x00000058   Code   RO          756    i.MX_DAC1_Init      dac.o
    0x080031a4   0x0000008c   Code   RO          796    i.MX_DMA_Init       dma.o
    0x08003230   0x000001f8   Code   RO          830    i.MX_FREERTOS_Init  freertos.o
    0x08003428   0x0000011c   Code   RO          688    i.MX_GPIO_Init      gpio.o
    0x08003544   0x00000064   Code   RO         1295    i.MX_SPI3_Init      spi.o
    0x080035a8   0x00000074   Code   RO         1337    i.MX_TIM2_Init      tim.o
    0x0800361c   0x00000058   Code   RO         1338    i.MX_TIM6_Init      tim.o
    0x08003674   0x0000005c   Code   RO         1339    i.MX_TIM7_Init      tim.o
    0x080036d0   0x00000054   Code   RO         1391    i.MX_UART5_Init     usart.o
    0x08003724   0x0000005c   Code   RO         1392    i.MX_USART1_UART_Init  usart.o
    0x08003780   0x0000005c   Code   RO         1393    i.MX_USART2_UART_Init  usart.o
    0x080037dc   0x0000005c   Code   RO         1394    i.MX_USART3_UART_Init  usart.o
    0x08003838   0x00000008   Code   RO          831    i.Master_Modbus_Receive  freertos.o
    0x08003840   0x00000008   Code   RO          832    i.Master_Modbus_Transmit  freertos.o
    0x08003848   0x00000002   Code   RO         1459    i.MemManage_Handler  stm32l4xx_it.o
    0x0800384a   0x00000008   Code   RO          833    i.Modbus_Receive_Task  freertos.o
    0x08003852   0x00000008   Code   RO          834    i.Modbus_Transmit_Task  freertos.o
    0x0800385a   0x00000002   Code   RO         1460    i.NMI_Handler       stm32l4xx_it.o
    0x0800385c   0x00000020   Code   RO         5782    i.NVIC_SetPriority  stm32l4xx_hal_cortex.o
    0x0800387c   0x00000008   Code   RO          835    i.Q_Average_A       freertos.o
    0x08003884   0x00000008   Code   RO          836    i.Q_Average_D       freertos.o
    0x0800388c   0x00000008   Code   RO          837    i.Q_Average_V       freertos.o
    0x08003894   0x0000012c   Code   RO         4848    i.RCCEx_PLLSAI1_Config  stm32l4xx_hal_rcc_ex.o
    0x080039c0   0x00000108   Code   RO         4849    i.RCCEx_PLLSAI2_Config  stm32l4xx_hal_rcc_ex.o
    0x08003ac8   0x0000007c   Code   RO         4733    i.RCC_SetFlashLatencyFromMSIRange  stm32l4xx_hal_rcc.o
    0x08003b44   0x00000008   Code   RO          838    i.Relay_1_Task      freertos.o
    0x08003b4c   0x00000008   Code   RO          839    i.Relay_2_Task      freertos.o
    0x08003b54   0x00000048   Code   RO         2374    i.SPI_EndRxTxTransaction  stm32l4xx_hal_spi.o
    0x08003b9c   0x0000009e   Code   RO         2379    i.SPI_WaitFifoStateUntilTimeout  stm32l4xx_hal_spi.o
    0x08003c3a   0x00000094   Code   RO         2380    i.SPI_WaitFlagStateUntilTimeout  stm32l4xx_hal_spi.o
    0x08003cce   0x00000002   PAD
    0x08003cd0   0x00000038   Code   RO          840    i.StartDefaultTask  freertos.o
    0x08003d08   0x00000004   Code   RO         1461    i.SysTick_Handler   stm32l4xx_it.o
    0x08003d0c   0x000000c4   Code   RO          581    i.SystemClock_Config  main.o
    0x08003dd0   0x00000044   Code   RO         5900    i.SystemInit        system_stm32l4xx.o
    0x08003e14   0x0000000c   Code   RO         1462    i.TIM1_UP_TIM16_IRQHandler  stm32l4xx_it.o
    0x08003e20   0x0000001c   Code   RO         1463    i.TIM6_DAC_IRQHandler  stm32l4xx_it.o
    0x08003e3c   0x0000000c   Code   RO         1464    i.TIM7_IRQHandler   stm32l4xx_it.o
    0x08003e48   0x000000c0   Code   RO         2762    i.TIM_Base_SetConfig  stm32l4xx_hal_tim.o
    0x08003f08   0x00000014   Code   RO         2769    i.TIM_ETR_SetConfig  stm32l4xx_hal_tim.o
    0x08003f1c   0x00000010   Code   RO         2770    i.TIM_ITRx_SetConfig  stm32l4xx_hal_tim.o
    0x08003f2c   0x00000022   Code   RO         2778    i.TIM_TI1_ConfigInputStage  stm32l4xx_hal_tim.o
    0x08003f4e   0x00000024   Code   RO         2780    i.TIM_TI2_ConfigInputStage  stm32l4xx_hal_tim.o
    0x08003f72   0x00000008   Code   RO          841    i.TriggerLogic_Task  freertos.o
    0x08003f7a   0x000000c8   Code   RO         3613    i.UART_AdvFeatureConfig  stm32l4xx_hal_uart.o
    0x08004042   0x0000005c   Code   RO         3614    i.UART_CheckIdleState  stm32l4xx_hal_uart.o
    0x0800409e   0x00000014   Code   RO         3615    i.UART_DMAAbortOnError  stm32l4xx_hal_uart.o
    0x080040b2   0x00000020   Code   RO         3625    i.UART_EndRxTransfer  stm32l4xx_hal_uart.o
    0x080040d2   0x00000002   PAD
    0x080040d4   0x000002a0   Code   RO         3629    i.UART_SetConfig    stm32l4xx_hal_uart.o
    0x08004374   0x00000064   Code   RO         3632    i.UART_WaitOnFlagUntilTimeout  stm32l4xx_hal_uart.o
    0x080043d8   0x0000000c   Code   RO         1465    i.USART1_IRQHandler  stm32l4xx_it.o
    0x080043e4   0x0000000c   Code   RO         1466    i.USART2_IRQHandler  stm32l4xx_it.o
    0x080043f0   0x0000000c   Code   RO         1467    i.USART3_IRQHandler  stm32l4xx_it.o
    0x080043fc   0x00000002   Code   RO         1468    i.UsageFault_Handler  stm32l4xx_it.o
    0x080043fe   0x00000008   Code   RO          842    i.Velocity_Task     freertos.o
    0x08004406   0x00000002   Code   RO          582    i._Error_Handler    main.o
    0x08004408   0x0000000e   Code   RO         7436    i.__scatterload_copy  mc_w.l(handlers.o)
    0x08004416   0x00000002   Code   RO         7437    i.__scatterload_null  mc_w.l(handlers.o)
    0x08004418   0x0000000e   Code   RO         7438    i.__scatterload_zeroinit  mc_w.l(handlers.o)
    0x08004426   0x00000002   PAD
    0x08004428   0x0000003c   Code   RO          184    i.check_logo        ssd1306.o
    0x08004464   0x00000002   Code   RO          843    i.configureTimerForRunTimeStats  freertos.o
    0x08004466   0x00000004   Code   RO          848    i.getRunTimeCounterValue  freertos.o
    0x0800446a   0x00000002   PAD
    0x0800446c   0x000000b0   Code   RO          849    i.init_menu         freertos.o
    0x0800451c   0x0000003c   Code   RO          186    i.logo              ssd1306.o
    0x08004558   0x00000042   Code   RO          587    i.main              main.o
    0x0800459a   0x0000000c   Code   RO         6733    i.makeFreeRtosPriority  cmsis_os.o
    0x080045a6   0x0000000e   Code   RO         6735    i.osDelay           cmsis_os.o
    0x080045b4   0x0000000a   Code   RO         6738    i.osKernelStart     cmsis_os.o
    0x080045be   0x00000014   Code   RO         6771    i.osSystickHandler  cmsis_os.o
    0x080045d2   0x0000002e   Code   RO         6772    i.osThreadCreate    cmsis_os.o
    0x08004600   0x00000070   Code   RO         6422    i.prvAddCurrentTaskToDelayedList  tasks.o
    0x08004670   0x000000d0   Code   RO         6423    i.prvAddNewTaskToReadyList  tasks.o
    0x08004740   0x00000050   Code   RO         6424    i.prvCheckTasksWaitingTermination  tasks.o
    0x08004790   0x00000014   Code   RO         6425    i.prvDeleteTCB      tasks.o
    0x080047a4   0x0000004c   Code   RO         5937    i.prvHeapInit       heap_4.o
    0x080047f0   0x0000002c   Code   RO         6426    i.prvIdleTask       tasks.o
    0x0800481c   0x00000090   Code   RO         6427    i.prvInitialiseNewTask  tasks.o
    0x080048ac   0x0000004c   Code   RO         5938    i.prvInsertBlockIntoFreeList  heap_4.o
    0x080048f8   0x00000020   Code   RO         6428    i.prvResetNextTaskUnblockTime  tasks.o
    0x08004918   0x00000028   Code   RO         6023    i.prvTaskExitError  port.o
    0x08004940   0x000000d8   Code   RO         5939    i.pvPortMalloc      heap_4.o
    0x08004a18   0x0000002c   Code   RO         6024    i.pxPortInitialiseStack  port.o
    0x08004a44   0x00000040   Code   RO          188    i.ssd1306_DrawPixel  ssd1306.o
    0x08004a84   0x00000020   Code   RO          189    i.ssd1306_Fill      ssd1306.o
    0x08004aa4   0x000000d8   Code   RO          190    i.ssd1306_Init      ssd1306.o
    0x08004b7c   0x00000068   Code   RO          192    i.ssd1306_UpdateScreen  ssd1306.o
    0x08004be4   0x0000004c   Code   RO          194    i.ssd1306_WriteCommand  ssd1306.o
    0x08004c30   0x00000024   Code   RO         6224    i.uxListRemove      list.o
    0x08004c54   0x00000002   Code   RO          854    i.vApplicationIdleHook  freertos.o
    0x08004c56   0x00000002   Code   RO          855    i.vApplicationStackOverflowHook  freertos.o
    0x08004c58   0x00000016   Code   RO         6225    i.vListInitialise   list.o
    0x08004c6e   0x00000006   Code   RO         6226    i.vListInitialiseItem  list.o
    0x08004c74   0x00000030   Code   RO         6227    i.vListInsert       list.o
    0x08004ca4   0x00000018   Code   RO         6228    i.vListInsertEnd    list.o
    0x08004cbc   0x00000040   Code   RO         6026    i.vPortEnterCritical  port.o
    0x08004cfc   0x00000028   Code   RO         6027    i.vPortExitCritical  port.o
    0x08004d24   0x0000005c   Code   RO         5940    i.vPortFree         heap_4.o
    0x08004d80   0x00000020   Code   RO         6028    i.vPortSetupTimerInterrupt  port.o
    0x08004da0   0x0000004c   Code   RO         6436    i.vTaskDelay        tasks.o
    0x08004dec   0x0000006c   Code   RO         6447    i.vTaskStartScheduler  tasks.o
    0x08004e58   0x00000010   Code   RO         6449    i.vTaskSuspendAll   tasks.o
    0x08004e68   0x0000008c   Code   RO         6450    i.vTaskSwitchContext  tasks.o
    0x08004ef4   0x000000e0   Code   RO         6030    i.xPortStartScheduler  port.o
    0x08004fd4   0x0000002c   Code   RO         6031    i.xPortSysTickHandler  port.o
    0x08005000   0x00000056   Code   RO         6452    i.xTaskCreate       tasks.o
    0x08005056   0x00000002   PAD
    0x08005058   0x0000001c   Code   RO         6456    i.xTaskGetSchedulerState  tasks.o
    0x08005074   0x000000c8   Code   RO         6459    i.xTaskIncrementTick  tasks.o
    0x0800513c   0x000000c4   Code   RO         6465    i.xTaskResumeAll    tasks.o
    0x08005200   0x000003de   Data   RO           17    .constdata          fonts.o
    0x080055de   0x00000002   PAD
    0x080055e0   0x000001b8   Data   RO          891    .constdata          freertos.o
    0x08005798   0x00000040   Data   RO         5901    .constdata          system_stm32l4xx.o
    0x080057d8   0x00000008   Data   RO         5902    .constdata          system_stm32l4xx.o
    0x080057e0   0x00000108   Data   RO          892    .conststring        freertos.o
    0x080058e8   0x00000020   Data   RO         7434    Region$$Table       anon$$obj.o


    Execution Region RW_IRAM1 (Base: 0x20000000, Size: 0x0000a2d0, Max: 0x00050000, ABSOLUTE, COMPRESSED[0x0000000c])

    Base Addr    Size         Type   Attr      Idx    E Section Name        Object

    0x20000000   0x00000006   Data   RW          202    .data               ssd1306.o
    0x20000006   0x00000002   PAD
    0x20000008   0x000000e8   Data   RW          908    .data               freertos.o
    0x200000f0   0x00000004   Data   RW         4028    .data               stm32l4xx_hal.o
    0x200000f4   0x00000004   Data   RW         5903    .data               system_stm32l4xx.o
    0x200000f8   0x00000018   Data   RW         5945    .data               heap_4.o
    0x20000110   0x0000000c   Data   RW         6032    .data               port.o
    0x2000011c   0x00000044   Data   RW         6468    .data               tasks.o
    0x20000160   0x00000180   Zero   RW          200    .bss                ssd1306.o
    0x200002e0   0x000000b4   Zero   RW          715    .bss                adc.o
    0x20000394   0x00000014   Zero   RW          757    .bss                dac.o
    0x200003a8   0x00000940   Zero   RW          874    .bss                freertos.o
    0x20000ce8   0x00000064   Zero   RW         1296    .bss                spi.o
    0x20000d4c   0x000000c0   Zero   RW         1340    .bss                tim.o
    0x20000e0c   0x00000390   Zero   RW         1395    .bss                usart.o
    0x2000119c   0x00000040   Zero   RW         1618    .bss                stm32l4xx_hal_timebase_tim.o
    0x200011dc   0x00008c00   Zero   RW         5944    .bss                heap_4.o
    0x20009ddc   0x000000f0   Zero   RW         6467    .bss                tasks.o
    0x20009ecc   0x00000004   PAD
    0x20009ed0   0x00000400   Zero   RW            1    STACK               startup_stm32l496xx.o


==============================================================================

Image component sizes


      Code (inc. data)   RO Data    RW Data    ZI Data      Debug   Object Name

       384         70          0          0        180       1839   adc.o
       102          0          0          0          0      13136   cmsis_os.o
       168         32          0          0         20       1597   dac.o
       140          4          0          0          0        798   dma.o
         0          0          0          0          0       8044   event_groups.o
         0          0          0          0          0      20512   flash_manager.o
         0          0        990          0          0     958002   fonts.o
       972         32        704        232       2368      34076   freertos.o
       284         14          0          0          0       1035   gpio.o
       460         24          0         24      35840       8559   heap_4.o
       136          0          0          0          0       3350   list.o
       284          6          0          0          0       6914   main.o
       674         74          0         12          0      10964   port.o
       188         40          0          0        100       1601   spi.o
       612         54          0          6        384       5367   ssd1306.o
        36          8        428          0       1024        832   startup_stm32l496xx.o
        78         12          0          4          0       3468   stm32l4xx_hal.o
      1718         84          0          0          0      62959   stm32l4xx_hal_adc.o
      1582         62          0          0          0      63205   stm32l4xx_hal_adc_ex.o
       218         14          0          0          0      30641   stm32l4xx_hal_cortex.o
       428          0          0          0          0       3341   stm32l4xx_hal_dac.o
         2          0          0          0          0        959   stm32l4xx_hal_dac_ex.o
       456         14          0          0          0       2571   stm32l4xx_hal_dma.o
       460         42          0          0          0       2915   stm32l4xx_hal_gpio.o
       128          6          0          0          0        902   stm32l4xx_hal_msp.o
       116         20          0          0          0       1314   stm32l4xx_hal_pwr_ex.o
      2024        106          0          0          0       8121   stm32l4xx_hal_rcc.o
      1528         46          0          0          0       3744   stm32l4xx_hal_rcc_ex.o
       924          0          0          0          0       4474   stm32l4xx_hal_spi.o
      1032         42          0          0          0       9489   stm32l4xx_hal_tim.o
       102          8          0          0          0       2977   stm32l4xx_hal_tim_ex.o
       116         18          0          0         64       1416   stm32l4xx_hal_timebase_tim.o
      1444         74          0          0          0       7366   stm32l4xx_hal_uart.o
       142          4          0          0          0       1799   stm32l4xx_hal_uart_ex.o
       188         82          0          0          0       9271   stm32l4xx_it.o
        68         12         72          4          0       1213   system_stm32l4xx.o
      1490        122          0         68        240      15383   tasks.o
       416         82          0          0        192       2792   tim.o
      1100        156          0          0        912       4169   usart.o

    ----------------------------------------------------------------------
     20222       1364       2228        352      41328    1321115   Object Totals
         0          0         32          0          0          0   (incl. Generated)
        22          0          2          2          4          0   (incl. Padding)

    ----------------------------------------------------------------------

      Code (inc. data)   RO Data    RW Data    ZI Data      Debug   Library Member Name

        58          0          0          0          0          0   __dczerorl.o
         0          0          0          0          0          0   entry.o
         0          0          0          0          0          0   entry10a.o
         0          0          0          0          0          0   entry11a.o
         8          4          0          0          0          0   entry2.o
         4          0          0          0          0          0   entry5.o
         0          0          0          0          0          0   entry7b.o
         0          0          0          0          0          0   entry8b.o
         8          4          0          0          0          0   entry9a.o
        30          0          0          0          0          0   handlers.o
        36          8          0          0          0         68   init.o
        30          0          0          0          0         68   llshl.o
        32          0          0          0          0         68   llushr.o
        36          0          0          0          0         68   memcpya.o
        98          0          0          0          0         92   uldiv.o

    ----------------------------------------------------------------------
       342         16          0          0          0        364   Library Totals
         2          0          0          0          0          0   (incl. Padding)

    ----------------------------------------------------------------------

      Code (inc. data)   RO Data    RW Data    ZI Data      Debug   Library Name

       340         16          0          0          0        364   mc_w.l

    ----------------------------------------------------------------------
       342         16          0          0          0        364   Library Totals

    ----------------------------------------------------------------------

==============================================================================


      Code (inc. data)   RO Data    RW Data    ZI Data      Debug   

     20564       1380       2228        352      41328    1302659   Grand Totals
     20564       1380       2228         12      41328    1302659   ELF Image Totals (compressed)
     20564       1380       2228         12          0          0   ROM Totals

==============================================================================

    Total RO  Size (Code + RO Data)                22792 (  22.26kB)
    Total RW  Size (RW Data + ZI Data)             41680 (  40.70kB)
    Total ROM Size (Code + RO Data + RW Data)      22804 (  22.27kB)

==============================================================================

